Archive member included because of file (symbol)

.\CortexM3\ARM_GCC_473\Debug\HelloWorld_Blinky01.a(cyfitter_cfg.o)
                              .\CortexM3\ARM_GCC_473\Debug\Cm3Start.o (cyfitter_cfg)
.\CortexM3\ARM_GCC_473\Debug\HelloWorld_Blinky01.a(LCD_Char.o)
                              .\CortexM3\ARM_GCC_473\Debug\main.o (LCD_Char_Start)
.\CortexM3\ARM_GCC_473\Debug\HelloWorld_Blinky01.a(PWM.o)
                              .\CortexM3\ARM_GCC_473\Debug\main.o (PWM_Start)
.\CortexM3\ARM_GCC_473\Debug\HelloWorld_Blinky01.a(CyBootAsmGnu.o)
                              .\CortexM3\ARM_GCC_473\Debug\HelloWorld_Blinky01.a(cyfitter_cfg.o) (CyDelayCycles)
.\CortexM3\ARM_GCC_473\Debug\HelloWorld_Blinky01.a(CyLib.o)
                              .\CortexM3\ARM_GCC_473\Debug\Cm3Start.o (CyResetStatus)
.\CortexM3\ARM_GCC_473\Debug\HelloWorld_Blinky01.a(cyPm.o)
                              .\CortexM3\ARM_GCC_473\Debug\HelloWorld_Blinky01.a(CyLib.o) (CyPmReadStatus)
.\CortexM3\ARM_GCC_473\Debug\HelloWorld_Blinky01.a(CyFlash.o)
                              .\CortexM3\ARM_GCC_473\Debug\HelloWorld_Blinky01.a(cyPm.o) (CyFlash_SetWaitCycles)
.\CortexM3\ARM_GCC_473\Debug\HelloWorld_Blinky01.a(CySpc.o)
                              .\CortexM3\ARM_GCC_473\Debug\HelloWorld_Blinky01.a(CyFlash.o) (CySpcStart)
c:/program files (x86)/cypress/psoc creator/3.0/psoc creator/import/gnu_cs/arm/4.7.3/bin/../lib/gcc/arm-none-eabi/4.7.3/../../../../arm-none-eabi/lib/armv7-m\libc_s.a(lib_a-__atexit2.o)
                              c:/program files (x86)/cypress/psoc creator/3.0/psoc creator/import/gnu_cs/arm/4.7.3/bin/../lib/gcc/arm-none-eabi/4.7.3/../../../../arm-none-eabi/lib/armv7-m/crt0.o (__register_exitproc)
c:/program files (x86)/cypress/psoc creator/3.0/psoc creator/import/gnu_cs/arm/4.7.3/bin/../lib/gcc/arm-none-eabi/4.7.3/../../../../arm-none-eabi/lib/armv7-m\libc_s.a(lib_a-exit.o)
                              c:/program files (x86)/cypress/psoc creator/3.0/psoc creator/import/gnu_cs/arm/4.7.3/bin/../lib/gcc/arm-none-eabi/4.7.3/../../../../arm-none-eabi/lib/armv7-m/crt0.o (exit)
c:/program files (x86)/cypress/psoc creator/3.0/psoc creator/import/gnu_cs/arm/4.7.3/bin/../lib/gcc/arm-none-eabi/4.7.3/../../../../arm-none-eabi/lib/armv7-m\libc_s.a(lib_a-fini.o)
                              c:/program files (x86)/cypress/psoc creator/3.0/psoc creator/import/gnu_cs/arm/4.7.3/bin/../lib/gcc/arm-none-eabi/4.7.3/../../../../arm-none-eabi/lib/armv7-m/crt0.o (__libc_fini_array)
c:/program files (x86)/cypress/psoc creator/3.0/psoc creator/import/gnu_cs/arm/4.7.3/bin/../lib/gcc/arm-none-eabi/4.7.3/../../../../arm-none-eabi/lib/armv7-m\libc_s.a(lib_a-impure.o)
                              c:/program files (x86)/cypress/psoc creator/3.0/psoc creator/import/gnu_cs/arm/4.7.3/bin/../lib/gcc/arm-none-eabi/4.7.3/../../../../arm-none-eabi/lib/armv7-m\libc_s.a(lib_a-exit.o) (_global_impure_ptr)
c:/program files (x86)/cypress/psoc creator/3.0/psoc creator/import/gnu_cs/arm/4.7.3/bin/../lib/gcc/arm-none-eabi/4.7.3/../../../../arm-none-eabi/lib/armv7-m\libc_s.a(lib_a-init.o)
                              c:/program files (x86)/cypress/psoc creator/3.0/psoc creator/import/gnu_cs/arm/4.7.3/bin/../lib/gcc/arm-none-eabi/4.7.3/../../../../arm-none-eabi/lib/armv7-m/crt0.o (__libc_init_array)
c:/program files (x86)/cypress/psoc creator/3.0/psoc creator/import/gnu_cs/arm/4.7.3/bin/../lib/gcc/arm-none-eabi/4.7.3/../../../../arm-none-eabi/lib/armv7-m\libc_s.a(lib_a-memcpy.o)
                              .\CortexM3\ARM_GCC_473\Debug\HelloWorld_Blinky01.a(cyfitter_cfg.o) (memcpy)
c:/program files (x86)/cypress/psoc creator/3.0/psoc creator/import/gnu_cs/arm/4.7.3/bin/../lib/gcc/arm-none-eabi/4.7.3/../../../../arm-none-eabi/lib/armv7-m\libc_s.a(lib_a-memset.o)
                              c:/program files (x86)/cypress/psoc creator/3.0/psoc creator/import/gnu_cs/arm/4.7.3/bin/../lib/gcc/arm-none-eabi/4.7.3/../../../../arm-none-eabi/lib/armv7-m/crt0.o (memset)

Allocating common symbols
Common symbol       size              file

dieTemperature      0x2               .\CortexM3\ARM_GCC_473\Debug\HelloWorld_Blinky01.a(CyFlash.o)

Discarded input sections

 .text          0x00000000        0x0 c:/program files (x86)/cypress/psoc creator/3.0/psoc creator/import/gnu_cs/arm/4.7.3/bin/../lib/gcc/arm-none-eabi/4.7.3/armv7-m/crti.o
 .data          0x00000000        0x0 c:/program files (x86)/cypress/psoc creator/3.0/psoc creator/import/gnu_cs/arm/4.7.3/bin/../lib/gcc/arm-none-eabi/4.7.3/armv7-m/crti.o
 .bss           0x00000000        0x0 c:/program files (x86)/cypress/psoc creator/3.0/psoc creator/import/gnu_cs/arm/4.7.3/bin/../lib/gcc/arm-none-eabi/4.7.3/armv7-m/crti.o
 .data          0x00000000        0x4 c:/program files (x86)/cypress/psoc creator/3.0/psoc creator/import/gnu_cs/arm/4.7.3/bin/../lib/gcc/arm-none-eabi/4.7.3/armv7-m/crtbegin.o
 .text          0x00000000       0x70 c:/program files (x86)/cypress/psoc creator/3.0/psoc creator/import/gnu_cs/arm/4.7.3/bin/../lib/gcc/arm-none-eabi/4.7.3/../../../../arm-none-eabi/lib/armv7-m/crt0.o
 .data          0x00000000        0x0 c:/program files (x86)/cypress/psoc creator/3.0/psoc creator/import/gnu_cs/arm/4.7.3/bin/../lib/gcc/arm-none-eabi/4.7.3/../../../../arm-none-eabi/lib/armv7-m/crt0.o
 .bss           0x00000000        0x0 c:/program files (x86)/cypress/psoc creator/3.0/psoc creator/import/gnu_cs/arm/4.7.3/bin/../lib/gcc/arm-none-eabi/4.7.3/../../../../arm-none-eabi/lib/armv7-m/crt0.o
 .ARM.extab     0x00000000        0x0 c:/program files (x86)/cypress/psoc creator/3.0/psoc creator/import/gnu_cs/arm/4.7.3/bin/../lib/gcc/arm-none-eabi/4.7.3/../../../../arm-none-eabi/lib/armv7-m/crt0.o
 .ARM.exidx     0x00000000        0x8 c:/program files (x86)/cypress/psoc creator/3.0/psoc creator/import/gnu_cs/arm/4.7.3/bin/../lib/gcc/arm-none-eabi/4.7.3/../../../../arm-none-eabi/lib/armv7-m/crt0.o
 .text          0x00000000        0x0 .\CortexM3\ARM_GCC_473\Debug\main.o
 .data          0x00000000        0x0 .\CortexM3\ARM_GCC_473\Debug\main.o
 .bss           0x00000000        0x0 .\CortexM3\ARM_GCC_473\Debug\main.o
 .text          0x00000000        0x0 .\CortexM3\ARM_GCC_473\Debug\cymetadata.o
 .data          0x00000000        0x0 .\CortexM3\ARM_GCC_473\Debug\cymetadata.o
 .bss           0x00000000        0x0 .\CortexM3\ARM_GCC_473\Debug\cymetadata.o
 .text          0x00000000        0x0 .\CortexM3\ARM_GCC_473\Debug\Cm3Start.o
 .data          0x00000000        0x0 .\CortexM3\ARM_GCC_473\Debug\Cm3Start.o
 .bss           0x00000000        0x0 .\CortexM3\ARM_GCC_473\Debug\Cm3Start.o
 .text._exit    0x00000000       0x30 .\CortexM3\ARM_GCC_473\Debug\Cm3Start.o
 .text          0x00000000        0x0 .\CortexM3\ARM_GCC_473\Debug\HelloWorld_Blinky01.a(cyfitter_cfg.o)
 .data          0x00000000        0x0 .\CortexM3\ARM_GCC_473\Debug\HelloWorld_Blinky01.a(cyfitter_cfg.o)
 .bss           0x00000000        0x0 .\CortexM3\ARM_GCC_473\Debug\HelloWorld_Blinky01.a(cyfitter_cfg.o)
 .text.SetAnalogRoutingPumps
                0x00000000       0x34 .\CortexM3\ARM_GCC_473\Debug\HelloWorld_Blinky01.a(cyfitter_cfg.o)
 .text          0x00000000        0x0 .\CortexM3\ARM_GCC_473\Debug\HelloWorld_Blinky01.a(LCD_Char.o)
 .data          0x00000000        0x0 .\CortexM3\ARM_GCC_473\Debug\HelloWorld_Blinky01.a(LCD_Char.o)
 .text.LCD_Char_Stop
                0x00000000       0x1c .\CortexM3\ARM_GCC_473\Debug\HelloWorld_Blinky01.a(LCD_Char.o)
 .text.LCD_Char_Position
                0x00000000       0x78 .\CortexM3\ARM_GCC_473\Debug\HelloWorld_Blinky01.a(LCD_Char.o)
 .text.LCD_Char_PutChar
                0x00000000       0x1c .\CortexM3\ARM_GCC_473\Debug\HelloWorld_Blinky01.a(LCD_Char.o)
 .text.LCD_Char_PrintInt8
                0x00000000       0x44 .\CortexM3\ARM_GCC_473\Debug\HelloWorld_Blinky01.a(LCD_Char.o)
 .text.LCD_Char_PrintInt16
                0x00000000       0x2c .\CortexM3\ARM_GCC_473\Debug\HelloWorld_Blinky01.a(LCD_Char.o)
 .text.LCD_Char_PrintInt32
                0x00000000       0x38 .\CortexM3\ARM_GCC_473\Debug\HelloWorld_Blinky01.a(LCD_Char.o)
 .text.LCD_Char_PrintU32Number
                0x00000000       0xcc .\CortexM3\ARM_GCC_473\Debug\HelloWorld_Blinky01.a(LCD_Char.o)
 .rodata        0x00000000       0x10 .\CortexM3\ARM_GCC_473\Debug\HelloWorld_Blinky01.a(LCD_Char.o)
 .text          0x00000000        0x0 .\CortexM3\ARM_GCC_473\Debug\HelloWorld_Blinky01.a(PWM.o)
 .data          0x00000000        0x0 .\CortexM3\ARM_GCC_473\Debug\HelloWorld_Blinky01.a(PWM.o)
 .text.PWM_Stop
                0x00000000       0x60 .\CortexM3\ARM_GCC_473\Debug\HelloWorld_Blinky01.a(PWM.o)
 .text.PWM_ReadStatusRegister
                0x00000000       0x20 .\CortexM3\ARM_GCC_473\Debug\HelloWorld_Blinky01.a(PWM.o)
 .text.PWM_ReadControlRegister
                0x00000000       0x20 .\CortexM3\ARM_GCC_473\Debug\HelloWorld_Blinky01.a(PWM.o)
 .text.PWM_WriteControlRegister
                0x00000000       0x20 .\CortexM3\ARM_GCC_473\Debug\HelloWorld_Blinky01.a(PWM.o)
 .text.PWM_ReadCompare
                0x00000000       0x1c .\CortexM3\ARM_GCC_473\Debug\HelloWorld_Blinky01.a(PWM.o)
 .text.PWM_ReadPeriod
                0x00000000       0x1c .\CortexM3\ARM_GCC_473\Debug\HelloWorld_Blinky01.a(PWM.o)
 .data          0x00000000        0x0 .\CortexM3\ARM_GCC_473\Debug\HelloWorld_Blinky01.a(CyBootAsmGnu.o)
 .bss           0x00000000        0x0 .\CortexM3\ARM_GCC_473\Debug\HelloWorld_Blinky01.a(CyBootAsmGnu.o)
 .text          0x00000000        0x0 .\CortexM3\ARM_GCC_473\Debug\HelloWorld_Blinky01.a(CyLib.o)
 .bss           0x00000000        0x0 .\CortexM3\ARM_GCC_473\Debug\HelloWorld_Blinky01.a(CyLib.o)
 .text.CyPLL_OUT_Start
                0x00000000       0xe0 .\CortexM3\ARM_GCC_473\Debug\HelloWorld_Blinky01.a(CyLib.o)
 .text.CyPLL_OUT_Stop
                0x00000000       0x28 .\CortexM3\ARM_GCC_473\Debug\HelloWorld_Blinky01.a(CyLib.o)
 .text.CyPLL_OUT_SetPQ
                0x00000000       0xac .\CortexM3\ARM_GCC_473\Debug\HelloWorld_Blinky01.a(CyLib.o)
 .text.CyPLL_OUT_SetSource
                0x00000000       0x60 .\CortexM3\ARM_GCC_473\Debug\HelloWorld_Blinky01.a(CyLib.o)
 .text.CyIMO_Start
                0x00000000       0xbc .\CortexM3\ARM_GCC_473\Debug\HelloWorld_Blinky01.a(CyLib.o)
 .text.CyIMO_Stop
                0x00000000       0x44 .\CortexM3\ARM_GCC_473\Debug\HelloWorld_Blinky01.a(CyLib.o)
 .text.CyUSB_PowerOnCheck
                0x00000000       0x70 .\CortexM3\ARM_GCC_473\Debug\HelloWorld_Blinky01.a(CyLib.o)
 .text.CyIMO_SetTrimValue
                0x00000000      0x160 .\CortexM3\ARM_GCC_473\Debug\HelloWorld_Blinky01.a(CyLib.o)
 .text.CyIMO_SetFreq
                0x00000000      0x224 .\CortexM3\ARM_GCC_473\Debug\HelloWorld_Blinky01.a(CyLib.o)
 .text.CyIMO_SetSource
                0x00000000       0xb0 .\CortexM3\ARM_GCC_473\Debug\HelloWorld_Blinky01.a(CyLib.o)
 .text.CyIMO_EnableDoubler
                0x00000000       0x28 .\CortexM3\ARM_GCC_473\Debug\HelloWorld_Blinky01.a(CyLib.o)
 .text.CyIMO_DisableDoubler
                0x00000000       0x28 .\CortexM3\ARM_GCC_473\Debug\HelloWorld_Blinky01.a(CyLib.o)
 .text.CyMasterClk_SetSource
                0x00000000       0x3c .\CortexM3\ARM_GCC_473\Debug\HelloWorld_Blinky01.a(CyLib.o)
 .text.CyMasterClk_SetDivider
                0x00000000       0x20 .\CortexM3\ARM_GCC_473\Debug\HelloWorld_Blinky01.a(CyLib.o)
 .text.CyBusClk_Internal_SetDivider
                0x00000000       0x98 .\CortexM3\ARM_GCC_473\Debug\HelloWorld_Blinky01.a(CyLib.o)
 .text.CyBusClk_SetDivider
                0x00000000       0xd0 .\CortexM3\ARM_GCC_473\Debug\HelloWorld_Blinky01.a(CyLib.o)
 .text.CyUsbClk_SetSource
                0x00000000       0x3c .\CortexM3\ARM_GCC_473\Debug\HelloWorld_Blinky01.a(CyLib.o)
 .text.CyILO_Start1K
                0x00000000       0x28 .\CortexM3\ARM_GCC_473\Debug\HelloWorld_Blinky01.a(CyLib.o)
 .text.CyILO_Stop1K
                0x00000000       0x28 .\CortexM3\ARM_GCC_473\Debug\HelloWorld_Blinky01.a(CyLib.o)
 .text.CyILO_Start100K
                0x00000000       0x28 .\CortexM3\ARM_GCC_473\Debug\HelloWorld_Blinky01.a(CyLib.o)
 .text.CyILO_Stop100K
                0x00000000       0x28 .\CortexM3\ARM_GCC_473\Debug\HelloWorld_Blinky01.a(CyLib.o)
 .text.CyILO_Enable33K
                0x00000000       0x28 .\CortexM3\ARM_GCC_473\Debug\HelloWorld_Blinky01.a(CyLib.o)
 .text.CyILO_Disable33K
                0x00000000       0x28 .\CortexM3\ARM_GCC_473\Debug\HelloWorld_Blinky01.a(CyLib.o)
 .text.CyILO_SetSource
                0x00000000       0x3c .\CortexM3\ARM_GCC_473\Debug\HelloWorld_Blinky01.a(CyLib.o)
 .text.CyILO_SetPowerMode
                0x00000000       0x5c .\CortexM3\ARM_GCC_473\Debug\HelloWorld_Blinky01.a(CyLib.o)
 .text.CyXTAL_32KHZ_Start
                0x00000000       0xa4 .\CortexM3\ARM_GCC_473\Debug\HelloWorld_Blinky01.a(CyLib.o)
 .text.CyXTAL_32KHZ_Stop
                0x00000000       0x64 .\CortexM3\ARM_GCC_473\Debug\HelloWorld_Blinky01.a(CyLib.o)
 .text.CyXTAL_32KHZ_ReadStatus
                0x00000000       0x20 .\CortexM3\ARM_GCC_473\Debug\HelloWorld_Blinky01.a(CyLib.o)
 .text.CyXTAL_32KHZ_SetPowerMode
                0x00000000       0xfc .\CortexM3\ARM_GCC_473\Debug\HelloWorld_Blinky01.a(CyLib.o)
 .text.CyXTAL_Start
                0x00000000      0x108 .\CortexM3\ARM_GCC_473\Debug\HelloWorld_Blinky01.a(CyLib.o)
 .text.CyXTAL_Stop
                0x00000000       0x28 .\CortexM3\ARM_GCC_473\Debug\HelloWorld_Blinky01.a(CyLib.o)
 .text.CyXTAL_EnableErrStatus
                0x00000000       0x28 .\CortexM3\ARM_GCC_473\Debug\HelloWorld_Blinky01.a(CyLib.o)
 .text.CyXTAL_DisableErrStatus
                0x00000000       0x28 .\CortexM3\ARM_GCC_473\Debug\HelloWorld_Blinky01.a(CyLib.o)
 .text.CyXTAL_ReadStatus
                0x00000000       0x2c .\CortexM3\ARM_GCC_473\Debug\HelloWorld_Blinky01.a(CyLib.o)
 .text.CyXTAL_EnableFaultRecovery
                0x00000000       0x28 .\CortexM3\ARM_GCC_473\Debug\HelloWorld_Blinky01.a(CyLib.o)
 .text.CyXTAL_DisableFaultRecovery
                0x00000000       0x28 .\CortexM3\ARM_GCC_473\Debug\HelloWorld_Blinky01.a(CyLib.o)
 .text.CyXTAL_SetStartup
                0x00000000       0x3c .\CortexM3\ARM_GCC_473\Debug\HelloWorld_Blinky01.a(CyLib.o)
 .text.CyXTAL_SetFbVoltage
                0x00000000       0x3c .\CortexM3\ARM_GCC_473\Debug\HelloWorld_Blinky01.a(CyLib.o)
 .text.CyXTAL_SetWdVoltage
                0x00000000       0x44 .\CortexM3\ARM_GCC_473\Debug\HelloWorld_Blinky01.a(CyLib.o)
 .text.CyHalt   0x00000000       0x18 .\CortexM3\ARM_GCC_473\Debug\HelloWorld_Blinky01.a(CyLib.o)
 .text.CySoftwareReset
                0x00000000       0x28 .\CortexM3\ARM_GCC_473\Debug\HelloWorld_Blinky01.a(CyLib.o)
 .text.CyDelayFreq
                0x00000000       0xa8 .\CortexM3\ARM_GCC_473\Debug\HelloWorld_Blinky01.a(CyLib.o)
 .text.CyWdtStart
                0x00000000       0xc4 .\CortexM3\ARM_GCC_473\Debug\HelloWorld_Blinky01.a(CyLib.o)
 .text.CyWdtClear
                0x00000000       0x18 .\CortexM3\ARM_GCC_473\Debug\HelloWorld_Blinky01.a(CyLib.o)
 .text.CyVdLvDigitEnable
                0x00000000       0xf4 .\CortexM3\ARM_GCC_473\Debug\HelloWorld_Blinky01.a(CyLib.o)
 .text.CyVdLvAnalogEnable
                0x00000000       0xf4 .\CortexM3\ARM_GCC_473\Debug\HelloWorld_Blinky01.a(CyLib.o)
 .text.CyVdLvDigitDisable
                0x00000000       0x58 .\CortexM3\ARM_GCC_473\Debug\HelloWorld_Blinky01.a(CyLib.o)
 .text.CyVdLvAnalogDisable
                0x00000000       0x58 .\CortexM3\ARM_GCC_473\Debug\HelloWorld_Blinky01.a(CyLib.o)
 .text.CyVdHvAnalogEnable
                0x00000000       0x7c .\CortexM3\ARM_GCC_473\Debug\HelloWorld_Blinky01.a(CyLib.o)
 .text.CyVdHvAnalogDisable
                0x00000000       0x28 .\CortexM3\ARM_GCC_473\Debug\HelloWorld_Blinky01.a(CyLib.o)
 .text.CyVdStickyStatus
                0x00000000       0x48 .\CortexM3\ARM_GCC_473\Debug\HelloWorld_Blinky01.a(CyLib.o)
 .text.CyVdRealTimeStatus
                0x00000000       0x30 .\CortexM3\ARM_GCC_473\Debug\HelloWorld_Blinky01.a(CyLib.o)
 .text.CyDisableInts
                0x00000000       0x3c .\CortexM3\ARM_GCC_473\Debug\HelloWorld_Blinky01.a(CyLib.o)
 .text.CyEnableInts
                0x00000000       0x2c .\CortexM3\ARM_GCC_473\Debug\HelloWorld_Blinky01.a(CyLib.o)
 .text.CyFlushCache
                0x00000000       0x7c .\CortexM3\ARM_GCC_473\Debug\HelloWorld_Blinky01.a(CyLib.o)
 .text.CyIntSetSysVector
                0x00000000       0x58 .\CortexM3\ARM_GCC_473\Debug\HelloWorld_Blinky01.a(CyLib.o)
 .text.CyIntGetSysVector
                0x00000000       0x40 .\CortexM3\ARM_GCC_473\Debug\HelloWorld_Blinky01.a(CyLib.o)
 .text.CyIntSetVector
                0x00000000       0x60 .\CortexM3\ARM_GCC_473\Debug\HelloWorld_Blinky01.a(CyLib.o)
 .text.CyIntGetVector
                0x00000000       0x44 .\CortexM3\ARM_GCC_473\Debug\HelloWorld_Blinky01.a(CyLib.o)
 .text.CyIntSetPriority
                0x00000000       0x4c .\CortexM3\ARM_GCC_473\Debug\HelloWorld_Blinky01.a(CyLib.o)
 .text.CyIntGetPriority
                0x00000000       0x3c .\CortexM3\ARM_GCC_473\Debug\HelloWorld_Blinky01.a(CyLib.o)
 .text.CyIntGetState
                0x00000000       0x48 .\CortexM3\ARM_GCC_473\Debug\HelloWorld_Blinky01.a(CyLib.o)
 .text          0x00000000        0x0 .\CortexM3\ARM_GCC_473\Debug\HelloWorld_Blinky01.a(cyPm.o)
 .data          0x00000000        0x0 .\CortexM3\ARM_GCC_473\Debug\HelloWorld_Blinky01.a(cyPm.o)
 .bss           0x00000000       0x44 .\CortexM3\ARM_GCC_473\Debug\HelloWorld_Blinky01.a(cyPm.o)
 .rodata        0x00000000       0x10 .\CortexM3\ARM_GCC_473\Debug\HelloWorld_Blinky01.a(cyPm.o)
 .text.CyPmSaveClocks
                0x00000000      0x3ac .\CortexM3\ARM_GCC_473\Debug\HelloWorld_Blinky01.a(cyPm.o)
 .text.CyPmRestoreClocks
                0x00000000      0x424 .\CortexM3\ARM_GCC_473\Debug\HelloWorld_Blinky01.a(cyPm.o)
 .text.CyPmAltAct
                0x00000000      0x118 .\CortexM3\ARM_GCC_473\Debug\HelloWorld_Blinky01.a(cyPm.o)
 .text.CyPmSleep
                0x00000000      0x21c .\CortexM3\ARM_GCC_473\Debug\HelloWorld_Blinky01.a(cyPm.o)
 .text.CyPmHibernate
                0x00000000      0x1f0 .\CortexM3\ARM_GCC_473\Debug\HelloWorld_Blinky01.a(cyPm.o)
 .text.CyPmReadStatus
                0x00000000       0x78 .\CortexM3\ARM_GCC_473\Debug\HelloWorld_Blinky01.a(cyPm.o)
 .text.CyPmHibSaveSet
                0x00000000      0x138 .\CortexM3\ARM_GCC_473\Debug\HelloWorld_Blinky01.a(cyPm.o)
 .text.CyPmHibRestore
                0x00000000       0x94 .\CortexM3\ARM_GCC_473\Debug\HelloWorld_Blinky01.a(cyPm.o)
 .text.CyPmCtwSetInterval
                0x00000000       0xd8 .\CortexM3\ARM_GCC_473\Debug\HelloWorld_Blinky01.a(cyPm.o)
 .text.CyPmOppsSet
                0x00000000       0x58 .\CortexM3\ARM_GCC_473\Debug\HelloWorld_Blinky01.a(cyPm.o)
 .text.CyPmFtwSetInterval
                0x00000000       0xd8 .\CortexM3\ARM_GCC_473\Debug\HelloWorld_Blinky01.a(cyPm.o)
 .text.CyPmHibSlpSaveSet
                0x00000000      0x458 .\CortexM3\ARM_GCC_473\Debug\HelloWorld_Blinky01.a(cyPm.o)
 .text.CyPmHibSlpRestore
                0x00000000      0x270 .\CortexM3\ARM_GCC_473\Debug\HelloWorld_Blinky01.a(cyPm.o)
 .text.CyPmHviLviSaveDisable
                0x00000000      0x13c .\CortexM3\ARM_GCC_473\Debug\HelloWorld_Blinky01.a(cyPm.o)
 .text.CyPmHviLviRestore
                0x00000000       0x7c .\CortexM3\ARM_GCC_473\Debug\HelloWorld_Blinky01.a(cyPm.o)
 .text          0x00000000        0x0 .\CortexM3\ARM_GCC_473\Debug\HelloWorld_Blinky01.a(CyFlash.o)
 .data          0x00000000        0x0 .\CortexM3\ARM_GCC_473\Debug\HelloWorld_Blinky01.a(CyFlash.o)
 .bss           0x00000000        0x4 .\CortexM3\ARM_GCC_473\Debug\HelloWorld_Blinky01.a(CyFlash.o)
 .text.CyFlash_Start
                0x00000000       0x48 .\CortexM3\ARM_GCC_473\Debug\HelloWorld_Blinky01.a(CyFlash.o)
 .text.CyFlash_Stop
                0x00000000       0x44 .\CortexM3\ARM_GCC_473\Debug\HelloWorld_Blinky01.a(CyFlash.o)
 .text.CySetTempInt
                0x00000000       0x90 .\CortexM3\ARM_GCC_473\Debug\HelloWorld_Blinky01.a(CyFlash.o)
 .text.CySetTemp
                0x00000000       0x24 .\CortexM3\ARM_GCC_473\Debug\HelloWorld_Blinky01.a(CyFlash.o)
 .text.CySetFlashEEBuffer
                0x00000000       0x78 .\CortexM3\ARM_GCC_473\Debug\HelloWorld_Blinky01.a(CyFlash.o)
 .text.CyWriteRowData
                0x00000000       0xbc .\CortexM3\ARM_GCC_473\Debug\HelloWorld_Blinky01.a(CyFlash.o)
 .text.CyWriteRowConfig
                0x00000000       0xac .\CortexM3\ARM_GCC_473\Debug\HelloWorld_Blinky01.a(CyFlash.o)
 .text.CyWriteRowFull
                0x00000000      0x120 .\CortexM3\ARM_GCC_473\Debug\HelloWorld_Blinky01.a(CyFlash.o)
 .text.CyFlash_SetWaitCycles
                0x00000000       0xc0 .\CortexM3\ARM_GCC_473\Debug\HelloWorld_Blinky01.a(CyFlash.o)
 .text.CyEEPROM_Start
                0x00000000       0x44 .\CortexM3\ARM_GCC_473\Debug\HelloWorld_Blinky01.a(CyFlash.o)
 .text.CyEEPROM_Stop
                0x00000000       0x44 .\CortexM3\ARM_GCC_473\Debug\HelloWorld_Blinky01.a(CyFlash.o)
 .text.CyEEPROM_ReadReserve
                0x00000000       0x3c .\CortexM3\ARM_GCC_473\Debug\HelloWorld_Blinky01.a(CyFlash.o)
 .text.CyEEPROM_ReadRelease
                0x00000000       0x28 .\CortexM3\ARM_GCC_473\Debug\HelloWorld_Blinky01.a(CyFlash.o)
 COMMON         0x00000000        0x2 .\CortexM3\ARM_GCC_473\Debug\HelloWorld_Blinky01.a(CyFlash.o)
 .text          0x00000000        0x0 .\CortexM3\ARM_GCC_473\Debug\HelloWorld_Blinky01.a(CySpc.o)
 .data          0x00000000        0x0 .\CortexM3\ARM_GCC_473\Debug\HelloWorld_Blinky01.a(CySpc.o)
 .bss           0x00000000        0x8 .\CortexM3\ARM_GCC_473\Debug\HelloWorld_Blinky01.a(CySpc.o)
 .text.CySpcStart
                0x00000000       0x58 .\CortexM3\ARM_GCC_473\Debug\HelloWorld_Blinky01.a(CySpc.o)
 .text.CySpcStop
                0x00000000       0x58 .\CortexM3\ARM_GCC_473\Debug\HelloWorld_Blinky01.a(CySpc.o)
 .text.CySpcReadData
                0x00000000       0x64 .\CortexM3\ARM_GCC_473\Debug\HelloWorld_Blinky01.a(CySpc.o)
 .text.CySpcLoadMultiByte
                0x00000000      0x11c .\CortexM3\ARM_GCC_473\Debug\HelloWorld_Blinky01.a(CySpc.o)
 .text.CySpcLoadRow
                0x00000000       0xbc .\CortexM3\ARM_GCC_473\Debug\HelloWorld_Blinky01.a(CySpc.o)
 .text.CySpcWriteRow
                0x00000000       0xcc .\CortexM3\ARM_GCC_473\Debug\HelloWorld_Blinky01.a(CySpc.o)
 .text.CySpcEraseSector
                0x00000000       0x9c .\CortexM3\ARM_GCC_473\Debug\HelloWorld_Blinky01.a(CySpc.o)
 .text.CySpcGetTemp
                0x00000000       0x8c .\CortexM3\ARM_GCC_473\Debug\HelloWorld_Blinky01.a(CySpc.o)
 .text.CySpcLock
                0x00000000       0x88 .\CortexM3\ARM_GCC_473\Debug\HelloWorld_Blinky01.a(CySpc.o)
 .text.CySpcUnlock
                0x00000000       0x68 .\CortexM3\ARM_GCC_473\Debug\HelloWorld_Blinky01.a(CySpc.o)
 .text          0x00000000        0x0 c:/program files (x86)/cypress/psoc creator/3.0/psoc creator/import/gnu_cs/arm/4.7.3/bin/../lib/gcc/arm-none-eabi/4.7.3/../../../../arm-none-eabi/lib/armv7-m\libc_s.a(lib_a-__atexit2.o)
 .data          0x00000000        0x0 c:/program files (x86)/cypress/psoc creator/3.0/psoc creator/import/gnu_cs/arm/4.7.3/bin/../lib/gcc/arm-none-eabi/4.7.3/../../../../arm-none-eabi/lib/armv7-m\libc_s.a(lib_a-__atexit2.o)
 .bss           0x00000000        0x0 c:/program files (x86)/cypress/psoc creator/3.0/psoc creator/import/gnu_cs/arm/4.7.3/bin/../lib/gcc/arm-none-eabi/4.7.3/../../../../arm-none-eabi/lib/armv7-m\libc_s.a(lib_a-__atexit2.o)
 .text.__register_exitproc
                0x00000000       0x14 c:/program files (x86)/cypress/psoc creator/3.0/psoc creator/import/gnu_cs/arm/4.7.3/bin/../lib/gcc/arm-none-eabi/4.7.3/../../../../arm-none-eabi/lib/armv7-m\libc_s.a(lib_a-__atexit2.o)
 .text          0x00000000        0x0 c:/program files (x86)/cypress/psoc creator/3.0/psoc creator/import/gnu_cs/arm/4.7.3/bin/../lib/gcc/arm-none-eabi/4.7.3/../../../../arm-none-eabi/lib/armv7-m\libc_s.a(lib_a-exit.o)
 .data          0x00000000        0x0 c:/program files (x86)/cypress/psoc creator/3.0/psoc creator/import/gnu_cs/arm/4.7.3/bin/../lib/gcc/arm-none-eabi/4.7.3/../../../../arm-none-eabi/lib/armv7-m\libc_s.a(lib_a-exit.o)
 .bss           0x00000000        0x0 c:/program files (x86)/cypress/psoc creator/3.0/psoc creator/import/gnu_cs/arm/4.7.3/bin/../lib/gcc/arm-none-eabi/4.7.3/../../../../arm-none-eabi/lib/armv7-m\libc_s.a(lib_a-exit.o)
 .text.exit     0x00000000       0x2c c:/program files (x86)/cypress/psoc creator/3.0/psoc creator/import/gnu_cs/arm/4.7.3/bin/../lib/gcc/arm-none-eabi/4.7.3/../../../../arm-none-eabi/lib/armv7-m\libc_s.a(lib_a-exit.o)
 .text          0x00000000        0x0 c:/program files (x86)/cypress/psoc creator/3.0/psoc creator/import/gnu_cs/arm/4.7.3/bin/../lib/gcc/arm-none-eabi/4.7.3/../../../../arm-none-eabi/lib/armv7-m\libc_s.a(lib_a-fini.o)
 .data          0x00000000        0x0 c:/program files (x86)/cypress/psoc creator/3.0/psoc creator/import/gnu_cs/arm/4.7.3/bin/../lib/gcc/arm-none-eabi/4.7.3/../../../../arm-none-eabi/lib/armv7-m\libc_s.a(lib_a-fini.o)
 .bss           0x00000000        0x0 c:/program files (x86)/cypress/psoc creator/3.0/psoc creator/import/gnu_cs/arm/4.7.3/bin/../lib/gcc/arm-none-eabi/4.7.3/../../../../arm-none-eabi/lib/armv7-m\libc_s.a(lib_a-fini.o)
 .text.__libc_fini_array
                0x00000000       0x2c c:/program files (x86)/cypress/psoc creator/3.0/psoc creator/import/gnu_cs/arm/4.7.3/bin/../lib/gcc/arm-none-eabi/4.7.3/../../../../arm-none-eabi/lib/armv7-m\libc_s.a(lib_a-fini.o)
 .text          0x00000000        0x0 c:/program files (x86)/cypress/psoc creator/3.0/psoc creator/import/gnu_cs/arm/4.7.3/bin/../lib/gcc/arm-none-eabi/4.7.3/../../../../arm-none-eabi/lib/armv7-m\libc_s.a(lib_a-impure.o)
 .data          0x00000000        0x0 c:/program files (x86)/cypress/psoc creator/3.0/psoc creator/import/gnu_cs/arm/4.7.3/bin/../lib/gcc/arm-none-eabi/4.7.3/../../../../arm-none-eabi/lib/armv7-m\libc_s.a(lib_a-impure.o)
 .bss           0x00000000        0x0 c:/program files (x86)/cypress/psoc creator/3.0/psoc creator/import/gnu_cs/arm/4.7.3/bin/../lib/gcc/arm-none-eabi/4.7.3/../../../../arm-none-eabi/lib/armv7-m\libc_s.a(lib_a-impure.o)
 .data.impure_data
                0x00000000       0x64 c:/program files (x86)/cypress/psoc creator/3.0/psoc creator/import/gnu_cs/arm/4.7.3/bin/../lib/gcc/arm-none-eabi/4.7.3/../../../../arm-none-eabi/lib/armv7-m\libc_s.a(lib_a-impure.o)
 .data._impure_ptr
                0x00000000        0x4 c:/program files (x86)/cypress/psoc creator/3.0/psoc creator/import/gnu_cs/arm/4.7.3/bin/../lib/gcc/arm-none-eabi/4.7.3/../../../../arm-none-eabi/lib/armv7-m\libc_s.a(lib_a-impure.o)
 .rodata.str1.1
                0x00000000        0x2 c:/program files (x86)/cypress/psoc creator/3.0/psoc creator/import/gnu_cs/arm/4.7.3/bin/../lib/gcc/arm-none-eabi/4.7.3/../../../../arm-none-eabi/lib/armv7-m\libc_s.a(lib_a-impure.o)
 .rodata._global_impure_ptr
                0x00000000        0x4 c:/program files (x86)/cypress/psoc creator/3.0/psoc creator/import/gnu_cs/arm/4.7.3/bin/../lib/gcc/arm-none-eabi/4.7.3/../../../../arm-none-eabi/lib/armv7-m\libc_s.a(lib_a-impure.o)
 .text          0x00000000        0x0 c:/program files (x86)/cypress/psoc creator/3.0/psoc creator/import/gnu_cs/arm/4.7.3/bin/../lib/gcc/arm-none-eabi/4.7.3/../../../../arm-none-eabi/lib/armv7-m\libc_s.a(lib_a-init.o)
 .data          0x00000000        0x0 c:/program files (x86)/cypress/psoc creator/3.0/psoc creator/import/gnu_cs/arm/4.7.3/bin/../lib/gcc/arm-none-eabi/4.7.3/../../../../arm-none-eabi/lib/armv7-m\libc_s.a(lib_a-init.o)
 .bss           0x00000000        0x0 c:/program files (x86)/cypress/psoc creator/3.0/psoc creator/import/gnu_cs/arm/4.7.3/bin/../lib/gcc/arm-none-eabi/4.7.3/../../../../arm-none-eabi/lib/armv7-m\libc_s.a(lib_a-init.o)
 .text          0x00000000        0x0 c:/program files (x86)/cypress/psoc creator/3.0/psoc creator/import/gnu_cs/arm/4.7.3/bin/../lib/gcc/arm-none-eabi/4.7.3/../../../../arm-none-eabi/lib/armv7-m\libc_s.a(lib_a-memcpy.o)
 .data          0x00000000        0x0 c:/program files (x86)/cypress/psoc creator/3.0/psoc creator/import/gnu_cs/arm/4.7.3/bin/../lib/gcc/arm-none-eabi/4.7.3/../../../../arm-none-eabi/lib/armv7-m\libc_s.a(lib_a-memcpy.o)
 .bss           0x00000000        0x0 c:/program files (x86)/cypress/psoc creator/3.0/psoc creator/import/gnu_cs/arm/4.7.3/bin/../lib/gcc/arm-none-eabi/4.7.3/../../../../arm-none-eabi/lib/armv7-m\libc_s.a(lib_a-memcpy.o)
 .text          0x00000000        0x0 c:/program files (x86)/cypress/psoc creator/3.0/psoc creator/import/gnu_cs/arm/4.7.3/bin/../lib/gcc/arm-none-eabi/4.7.3/../../../../arm-none-eabi/lib/armv7-m\libc_s.a(lib_a-memset.o)
 .data          0x00000000        0x0 c:/program files (x86)/cypress/psoc creator/3.0/psoc creator/import/gnu_cs/arm/4.7.3/bin/../lib/gcc/arm-none-eabi/4.7.3/../../../../arm-none-eabi/lib/armv7-m\libc_s.a(lib_a-memset.o)
 .bss           0x00000000        0x0 c:/program files (x86)/cypress/psoc creator/3.0/psoc creator/import/gnu_cs/arm/4.7.3/bin/../lib/gcc/arm-none-eabi/4.7.3/../../../../arm-none-eabi/lib/armv7-m\libc_s.a(lib_a-memset.o)
 .text          0x00000000        0x0 c:/program files (x86)/cypress/psoc creator/3.0/psoc creator/import/gnu_cs/arm/4.7.3/bin/../lib/gcc/arm-none-eabi/4.7.3/armv7-m/crtend.o
 .data          0x00000000        0x0 c:/program files (x86)/cypress/psoc creator/3.0/psoc creator/import/gnu_cs/arm/4.7.3/bin/../lib/gcc/arm-none-eabi/4.7.3/armv7-m/crtend.o
 .bss           0x00000000        0x0 c:/program files (x86)/cypress/psoc creator/3.0/psoc creator/import/gnu_cs/arm/4.7.3/bin/../lib/gcc/arm-none-eabi/4.7.3/armv7-m/crtend.o
 .text          0x00000000        0x0 c:/program files (x86)/cypress/psoc creator/3.0/psoc creator/import/gnu_cs/arm/4.7.3/bin/../lib/gcc/arm-none-eabi/4.7.3/armv7-m/crtn.o
 .data          0x00000000        0x0 c:/program files (x86)/cypress/psoc creator/3.0/psoc creator/import/gnu_cs/arm/4.7.3/bin/../lib/gcc/arm-none-eabi/4.7.3/armv7-m/crtn.o
 .bss           0x00000000        0x0 c:/program files (x86)/cypress/psoc creator/3.0/psoc creator/import/gnu_cs/arm/4.7.3/bin/../lib/gcc/arm-none-eabi/4.7.3/armv7-m/crtn.o

Memory Configuration

Name             Origin             Length             Attributes
rom              0x00000000         0x00040000         xr
ram              0x1fff8000         0x00010000         xrw
*default*        0x00000000         0xffffffff

Linker script and memory map

LOAD c:/program files (x86)/cypress/psoc creator/3.0/psoc creator/import/gnu_cs/arm/4.7.3/bin/../lib/gcc/arm-none-eabi/4.7.3/armv7-m/crti.o
LOAD c:/program files (x86)/cypress/psoc creator/3.0/psoc creator/import/gnu_cs/arm/4.7.3/bin/../lib/gcc/arm-none-eabi/4.7.3/armv7-m/crtbegin.o
LOAD c:/program files (x86)/cypress/psoc creator/3.0/psoc creator/import/gnu_cs/arm/4.7.3/bin/../lib/gcc/arm-none-eabi/4.7.3/../../../../arm-none-eabi/lib/armv7-m/crt0.o
START GROUP
LOAD .\CortexM3\ARM_GCC_473\Debug\main.o
LOAD .\CortexM3\ARM_GCC_473\Debug\cymetadata.o
LOAD .\CortexM3\ARM_GCC_473\Debug\Cm3Start.o
LOAD .\CortexM3\ARM_GCC_473\Debug\HelloWorld_Blinky01.a
LOAD C:\Program Files (x86)\Cypress\PSoC Creator\3.0\PSoC Creator\psoc\content\cycomponentlibrary\CyComponentLibrary.cylib\CortexM3\ARM_GCC_473\Debug\CyComponentLibrary.a
END GROUP
START GROUP
LOAD c:/program files (x86)/cypress/psoc creator/3.0/psoc creator/import/gnu_cs/arm/4.7.3/bin/../lib/gcc/arm-none-eabi/4.7.3/armv7-m\libgcc.a
LOAD c:/program files (x86)/cypress/psoc creator/3.0/psoc creator/import/gnu_cs/arm/4.7.3/bin/../lib/gcc/arm-none-eabi/4.7.3/../../../../arm-none-eabi/lib/armv7-m\libc_s.a
END GROUP
LOAD c:/program files (x86)/cypress/psoc creator/3.0/psoc creator/import/gnu_cs/arm/4.7.3/bin/../lib/gcc/arm-none-eabi/4.7.3/armv7-m/crtend.o
LOAD c:/program files (x86)/cypress/psoc creator/3.0/psoc creator/import/gnu_cs/arm/4.7.3/bin/../lib/gcc/arm-none-eabi/4.7.3/armv7-m/crtn.o
START GROUP
LOAD c:/program files (x86)/cypress/psoc creator/3.0/psoc creator/import/gnu_cs/arm/4.7.3/bin/../lib/gcc/arm-none-eabi/4.7.3/armv7-m\libgcc.a
LOAD c:/program files (x86)/cypress/psoc creator/3.0/psoc creator/import/gnu_cs/arm/4.7.3/bin/../lib/gcc/arm-none-eabi/4.7.3/../../../../arm-none-eabi/lib/armv7-m\libc.a
LOAD c:/program files (x86)/cypress/psoc creator/3.0/psoc creator/import/gnu_cs/arm/4.7.3/bin/../lib/gcc/arm-none-eabi/4.7.3/../../../../arm-none-eabi/lib/armv7-m\libnosys.a
END GROUP
                0x00000000                CY_APPL_ORIGIN = 0x0
                0x00000100                CY_FLASH_ROW_SIZE = 0x100
                0x00000020                CY_ECC_ROW_SIZE = 0x20
                0x00000000                CY_EE_IN_BTLDR = 0x0
                0x00000000                CY_APPL_LOADABLE = 0x0
                0x00000800                CY_EE_SIZE = 0x800
                0x00000001                CY_APPL_NUM = 0x1
                0x00000001                CY_APPL_MAX = 0x1
                0x00000040                CY_METADATA_SIZE = 0x40
                0x1fff8140                PROVIDE (__cy_heap_start, _end)
                0x00000001                PROVIDE (__cy_region_num, ((__cy_regions_end - __cy_regions) / 0x10))
                0x20008000                PROVIDE (__cy_stack, (ORIGIN (ram) + 0x10000))
                0x20004000                PROVIDE (__cy_heap_end, (__cy_stack - 0x4000))

.cybootloader   0x00000000        0x0
 *(.cybootloader)
                0x00000000                appl1_start = CY_APPL_ORIGIN?CY_APPL_ORIGIN:ALIGN (CY_FLASH_ROW_SIZE)
                0x0001ff00                appl2_start = (appl1_start + ALIGN ((((0x40000 - appl1_start) - (0x2 * CY_FLASH_ROW_SIZE)) / 0x2), CY_FLASH_ROW_SIZE))
                0x00000000                appl_start = (CY_APPL_NUM == 0x1)?appl1_start:appl2_start
                0x00000000                ecc_offset = ((appl_start / CY_FLASH_ROW_SIZE) * CY_ECC_ROW_SIZE)
                0x00000000                ee_offset = (CY_APPL_LOADABLE && ! (CY_EE_IN_BTLDR))?((CY_EE_SIZE / CY_APPL_MAX) * (CY_APPL_NUM - 0x1)):0x0
                0x00000800                ee_size = (CY_APPL_LOADABLE && ! (CY_EE_IN_BTLDR))?(CY_EE_SIZE / CY_APPL_MAX):CY_EE_SIZE
                0x00000000                PROVIDE (CY_ECC_OFFSET, ecc_offset)

.text           0x00000000      0xf3e
 CREATE_OBJECT_SYMBOLS
                0x00000000                PROVIDE (__cy_interrupt_vector, RomVectors)
 *(.romvectors)
 .romvectors    0x00000000       0x10 .\CortexM3\ARM_GCC_473\Debug\Cm3Start.o
                0x00000000                RomVectors
                0x00000001                ASSERT ((. != __cy_interrupt_vector), No interrupt vector)
                0x00000001                ASSERT (CY_APPL_ORIGIN?(SIZEOF (.cybootloader) <= CY_APPL_ORIGIN):0x1, Wrong image location)
                0x00000010                PROVIDE (__cy_reset, Reset)
 *(.text.Reset)
 .text.Reset    0x00000010       0x1c .\CortexM3\ARM_GCC_473\Debug\Cm3Start.o
                0x00000010                Reset
                0x00000001                ASSERT ((. != __cy_reset), No reset code)
 *(.dma_init)
                0x00000001                ASSERT ((((appl_start + .) <= 0x10000) || 0x1), DMA Init must be within the first 64k of flash)
 *(.text .text.* .gnu.linkonce.t.*)
 .text          0x0000002c       0x54 c:/program files (x86)/cypress/psoc creator/3.0/psoc creator/import/gnu_cs/arm/4.7.3/bin/../lib/gcc/arm-none-eabi/4.7.3/armv7-m/crtbegin.o
 .text.main     0x00000080       0x2c .\CortexM3\ARM_GCC_473\Debug\main.o
                0x00000080                main
 .text.IntDefaultHandler
                0x000000ac        0x8 .\CortexM3\ARM_GCC_473\Debug\Cm3Start.o
                0x000000ac                IntDefaultHandler
 .text.Start_c  0x000000b4       0xcc .\CortexM3\ARM_GCC_473\Debug\Cm3Start.o
                0x000000b4                Start_c
 .text.initialize_psoc
                0x00000180       0xb4 .\CortexM3\ARM_GCC_473\Debug\Cm3Start.o
                0x00000180                initialize_psoc
 .text.CYMEMZERO
                0x00000234       0x20 .\CortexM3\ARM_GCC_473\Debug\HelloWorld_Blinky01.a(cyfitter_cfg.o)
 .text.CYCONFIGCPY
                0x00000254       0x20 .\CortexM3\ARM_GCC_473\Debug\HelloWorld_Blinky01.a(cyfitter_cfg.o)
 .text.CYCONFIGCPYCODE
                0x00000274       0x20 .\CortexM3\ARM_GCC_473\Debug\HelloWorld_Blinky01.a(cyfitter_cfg.o)
 .text.CyClockStartupError
                0x00000294        0xc .\CortexM3\ARM_GCC_473\Debug\HelloWorld_Blinky01.a(cyfitter_cfg.o)
 .text.cfg_write_bytes32
                0x000002a0       0x84 .\CortexM3\ARM_GCC_473\Debug\HelloWorld_Blinky01.a(cyfitter_cfg.o)
 .text.ClockSetup
                0x00000324      0x1ac .\CortexM3\ARM_GCC_473\Debug\HelloWorld_Blinky01.a(cyfitter_cfg.o)
 .text.AnalogSetDefault
                0x000004d0       0xcc .\CortexM3\ARM_GCC_473\Debug\HelloWorld_Blinky01.a(cyfitter_cfg.o)
 .text.cyfitter_cfg
                0x0000059c      0x188 .\CortexM3\ARM_GCC_473\Debug\HelloWorld_Blinky01.a(cyfitter_cfg.o)
                0x0000059c                cyfitter_cfg
 .text.LCD_Char_Init
                0x00000724       0x90 .\CortexM3\ARM_GCC_473\Debug\HelloWorld_Blinky01.a(LCD_Char.o)
                0x00000724                LCD_Char_Init
 .text.LCD_Char_Enable
                0x000007b4       0x1c .\CortexM3\ARM_GCC_473\Debug\HelloWorld_Blinky01.a(LCD_Char.o)
                0x000007b4                LCD_Char_Enable
 .text.LCD_Char_Start
                0x000007d0       0x2c .\CortexM3\ARM_GCC_473\Debug\HelloWorld_Blinky01.a(LCD_Char.o)
                0x000007d0                LCD_Char_Start
 .text.LCD_Char_PrintString
                0x000007fc       0x40 .\CortexM3\ARM_GCC_473\Debug\HelloWorld_Blinky01.a(LCD_Char.o)
                0x000007fc                LCD_Char_PrintString
 .text.LCD_Char_WriteData
                0x0000083c       0x38 .\CortexM3\ARM_GCC_473\Debug\HelloWorld_Blinky01.a(LCD_Char.o)
                0x0000083c                LCD_Char_WriteData
 .text.LCD_Char_WriteControl
                0x00000874       0x38 .\CortexM3\ARM_GCC_473\Debug\HelloWorld_Blinky01.a(LCD_Char.o)
                0x00000874                LCD_Char_WriteControl
 .text.LCD_Char_IsReady
                0x000008ac      0x208 .\CortexM3\ARM_GCC_473\Debug\HelloWorld_Blinky01.a(LCD_Char.o)
                0x000008ac                LCD_Char_IsReady
 .text.LCD_Char_WrDatNib
                0x00000ab4       0xb4 .\CortexM3\ARM_GCC_473\Debug\HelloWorld_Blinky01.a(LCD_Char.o)
 .text.LCD_Char_WrCntrlNib
                0x00000b68       0x90 .\CortexM3\ARM_GCC_473\Debug\HelloWorld_Blinky01.a(LCD_Char.o)
 .text.PWM_Start
                0x00000bf8       0x2c .\CortexM3\ARM_GCC_473\Debug\HelloWorld_Blinky01.a(PWM.o)
                0x00000bf8                PWM_Start
 .text.PWM_Init
                0x00000c24      0x110 .\CortexM3\ARM_GCC_473\Debug\HelloWorld_Blinky01.a(PWM.o)
                0x00000c24                PWM_Init
 .text.PWM_Enable
                0x00000d34       0x60 .\CortexM3\ARM_GCC_473\Debug\HelloWorld_Blinky01.a(PWM.o)
                0x00000d34                PWM_Enable
 .text.PWM_WritePeriod
                0x00000d94       0x24 .\CortexM3\ARM_GCC_473\Debug\HelloWorld_Blinky01.a(PWM.o)
                0x00000d94                PWM_WritePeriod
 .text.PWM_WriteCompare
                0x00000db8       0x24 .\CortexM3\ARM_GCC_473\Debug\HelloWorld_Blinky01.a(PWM.o)
                0x00000db8                PWM_WriteCompare
 .text.PWM_SetInterruptMode
                0x00000ddc       0x20 .\CortexM3\ARM_GCC_473\Debug\HelloWorld_Blinky01.a(PWM.o)
                0x00000ddc                PWM_SetInterruptMode
 *fill*         0x00000dfc        0x4 00
 .text          0x00000e00       0x60 .\CortexM3\ARM_GCC_473\Debug\HelloWorld_Blinky01.a(CyBootAsmGnu.o)
                0x00000e00                CyDelayCycles
                0x00000e44                CyEnterCriticalSection
                0x00000e4c                CyExitCriticalSection
 .text.CyDelay  0x00000e60       0x48 .\CortexM3\ARM_GCC_473\Debug\HelloWorld_Blinky01.a(CyLib.o)
                0x00000e60                CyDelay
 .text.CyDelayUs
                0x00000ea8       0x28 .\CortexM3\ARM_GCC_473\Debug\HelloWorld_Blinky01.a(CyLib.o)
                0x00000ea8                CyDelayUs
 .text.__libc_init_array
                0x00000ed0       0x4c c:/program files (x86)/cypress/psoc creator/3.0/psoc creator/import/gnu_cs/arm/4.7.3/bin/../lib/gcc/arm-none-eabi/4.7.3/../../../../arm-none-eabi/lib/armv7-m\libc_s.a(lib_a-init.o)
                0x00000ed0                __libc_init_array
 .text.memcpy   0x00000f1c       0x12 c:/program files (x86)/cypress/psoc creator/3.0/psoc creator/import/gnu_cs/arm/4.7.3/bin/../lib/gcc/arm-none-eabi/4.7.3/../../../../arm-none-eabi/lib/armv7-m\libc_s.a(lib_a-memcpy.o)
                0x00000f1c                memcpy
 .text.memset   0x00000f2e       0x10 c:/program files (x86)/cypress/psoc creator/3.0/psoc creator/import/gnu_cs/arm/4.7.3/bin/../lib/gcc/arm-none-eabi/4.7.3/../../../../arm-none-eabi/lib/armv7-m\libc_s.a(lib_a-memset.o)
                0x00000f2e                memset
 *(.plt)
 *(.gnu.warning)
 *(.glue_7t)
 .glue_7t       0x00000000        0x0 linker stubs
 *(.glue_7)
 .glue_7        0x00000000        0x0 linker stubs
 *(.vfp11_veneer)
 .vfp11_veneer  0x00000000        0x0 linker stubs
 *(.bootloader)
 *(.ARM.extab* .gnu.linkonce.armextab.*)
 *(.gcc_except_table)

.v4_bx          0x00000f40        0x0
 .v4_bx         0x00000000        0x0 linker stubs

.iplt           0x00000f40        0x0
 .iplt          0x00000000        0x0 c:/program files (x86)/cypress/psoc creator/3.0/psoc creator/import/gnu_cs/arm/4.7.3/bin/../lib/gcc/arm-none-eabi/4.7.3/armv7-m/crtbegin.o

.eh_frame_hdr
 *(.eh_frame_hdr)

.eh_frame       0x00000f40        0x4
 *(.eh_frame)
 .eh_frame      0x00000f40        0x0 c:/program files (x86)/cypress/psoc creator/3.0/psoc creator/import/gnu_cs/arm/4.7.3/bin/../lib/gcc/arm-none-eabi/4.7.3/armv7-m/crtbegin.o
 .eh_frame      0x00000f40        0x4 c:/program files (x86)/cypress/psoc creator/3.0/psoc creator/import/gnu_cs/arm/4.7.3/bin/../lib/gcc/arm-none-eabi/4.7.3/armv7-m/crtend.o
                0x00000f44                PROVIDE (__exidx_start, .)

.ARM.exidx
 *(.ARM.exidx* .gnu.linkonce.armexidx.*)
                0x00000f44                __exidx_end = .

.rodata         0x00000f44       0xfc
 *(.rodata .rodata.* .gnu.linkonce.r.*)
 .rodata        0x00000f44        0xc .\CortexM3\ARM_GCC_473\Debug\main.o
 .rodata        0x00000f50       0xb8 .\CortexM3\ARM_GCC_473\Debug\HelloWorld_Blinky01.a(cyfitter_cfg.o)
                0x00001008                . = ALIGN (0x4)
 *(.init)
 .init          0x00001008        0x4 c:/program files (x86)/cypress/psoc creator/3.0/psoc creator/import/gnu_cs/arm/4.7.3/bin/../lib/gcc/arm-none-eabi/4.7.3/armv7-m/crti.o
                0x00001008                _init
 .init          0x0000100c        0x8 c:/program files (x86)/cypress/psoc creator/3.0/psoc creator/import/gnu_cs/arm/4.7.3/bin/../lib/gcc/arm-none-eabi/4.7.3/armv7-m/crtn.o
                0x00001014                . = ALIGN (0x4)
                0x00001014                __preinit_array_start = .
 *(.preinit_array)
                0x00001014                __preinit_array_end = .
                0x00001014                . = ALIGN (0x4)
                0x00001014                __init_array_start = .
 *(SORT(.init_array.*))
 *(.init_array)
 .init_array    0x00001014        0x4 c:/program files (x86)/cypress/psoc creator/3.0/psoc creator/import/gnu_cs/arm/4.7.3/bin/../lib/gcc/arm-none-eabi/4.7.3/armv7-m/crtbegin.o
 .init_array    0x00001018        0x4 .\CortexM3\ARM_GCC_473\Debug\Cm3Start.o
                0x0000101c                __init_array_end = .
                0x0000101c                . = ALIGN (0x4)
 *(.fini)
 .fini          0x0000101c        0x4 c:/program files (x86)/cypress/psoc creator/3.0/psoc creator/import/gnu_cs/arm/4.7.3/bin/../lib/gcc/arm-none-eabi/4.7.3/armv7-m/crti.o
                0x0000101c                _fini
 .fini          0x00001020        0x8 c:/program files (x86)/cypress/psoc creator/3.0/psoc creator/import/gnu_cs/arm/4.7.3/bin/../lib/gcc/arm-none-eabi/4.7.3/armv7-m/crtn.o
                0x00001028                . = ALIGN (0x4)
                0x00001028                __fini_array_start = .
 *(.fini_array)
 .fini_array    0x00001028        0x4 c:/program files (x86)/cypress/psoc creator/3.0/psoc creator/import/gnu_cs/arm/4.7.3/bin/../lib/gcc/arm-none-eabi/4.7.3/armv7-m/crtbegin.o
 *(SORT(.fini_array.*))
                0x0000102c                __fini_array_end = .
                0x0000102c                . = ALIGN (0x4)
 *crtbegin.o(.ctors)
 *(EXCLUDE_FILE(*crtend.o) .ctors)
 *(SORT(.ctors.*))
 *crtend.o(.ctors)
                0x0000102c                . = ALIGN (0x4)
 *crtbegin.o(.dtors)
 *(EXCLUDE_FILE(*crtend.o) .dtors)
 *(SORT(.dtors.*))
 *crtend.o(.dtors)
                0x0000102c                . = ALIGN (0x4)
                0x0000102c                __cy_regions = .
                0x0000102c        0x4 LONG 0x1040 __cy_region_init_ram
                0x00001030        0x4 LONG 0x1fff8108 __cy_region_start_data
                0x00001034        0x4 LONG 0x18 __cy_region_init_size_ram
                0x00001038        0x4 LONG 0x20 __cy_region_zero_size_ram
                0x0000103c                __cy_regions_end = .
                0x00001040                . = ALIGN (0x8)
 *fill*         0x0000103c        0x4 00
                0x00001040                _etext = .

.ramvectors     0x1fff8000      0x100
                0x1fff8000                __cy_region_start_ram = .
 *(.ramvectors)
 .ramvectors    0x1fff8000      0x100 .\CortexM3\ARM_GCC_473\Debug\Cm3Start.o
                0x1fff8000                CyRamVectors

.noinit         0x1fff8100        0x5
 *(.noinit)
 .noinit        0x1fff8100        0x4 .\CortexM3\ARM_GCC_473\Debug\Cm3Start.o
 .noinit        0x1fff8104        0x1 .\CortexM3\ARM_GCC_473\Debug\HelloWorld_Blinky01.a(CyLib.o)
                0x1fff8104                CyResetStatus

.data           0x1fff8108       0x18 load address 0x00001040
                0x1fff8108                __cy_region_start_data = .
 *(.jcr)
 .jcr           0x1fff8108        0x0 c:/program files (x86)/cypress/psoc creator/3.0/psoc creator/import/gnu_cs/arm/4.7.3/bin/../lib/gcc/arm-none-eabi/4.7.3/armv7-m/crtbegin.o
 .jcr           0x1fff8108        0x4 c:/program files (x86)/cypress/psoc creator/3.0/psoc creator/import/gnu_cs/arm/4.7.3/bin/../lib/gcc/arm-none-eabi/4.7.3/armv7-m/crtend.o
 *(.got.plt)
 *(.got)
 *(.shdata)
 *(.data .data.* .gnu.linkonce.d.*)
 .data          0x1fff810c       0x10 .\CortexM3\ARM_GCC_473\Debug\HelloWorld_Blinky01.a(CyLib.o)
                0x1fff810c                cydelay_freq_hz
                0x1fff8110                cydelay_freq_khz
                0x1fff8114                cydelay_freq_mhz
                0x1fff8118                cydelay_32k_ms
                0x1fff8120                . = ALIGN (0x8)
 *fill*         0x1fff811c        0x4 00
 *(.ram)
                0x1fff8120                _edata = .

.igot.plt       0x1fff8120        0x0 load address 0x00001058
 .igot.plt      0x00000000        0x0 c:/program files (x86)/cypress/psoc creator/3.0/psoc creator/import/gnu_cs/arm/4.7.3/bin/../lib/gcc/arm-none-eabi/4.7.3/armv7-m/crtbegin.o

.bss            0x1fff8120       0x20 load address 0x00001058
                0x1fff8120                PROVIDE (__bss_start__, .)
 *(.shbss)
 *(.bss .bss.* .gnu.linkonce.b.*)
 .bss           0x1fff8120       0x1c c:/program files (x86)/cypress/psoc creator/3.0/psoc creator/import/gnu_cs/arm/4.7.3/bin/../lib/gcc/arm-none-eabi/4.7.3/armv7-m/crtbegin.o
 .bss           0x1fff813c        0x2 .\CortexM3\ARM_GCC_473\Debug\HelloWorld_Blinky01.a(LCD_Char.o)
                0x1fff813c                LCD_Char_enableState
                0x1fff813d                LCD_Char_initVar
 .bss           0x1fff813e        0x1 .\CortexM3\ARM_GCC_473\Debug\HelloWorld_Blinky01.a(PWM.o)
                0x1fff813e                PWM_initVar
 *(COMMON)
                0x1fff8140                . = ALIGN (0x8)
 *fill*         0x1fff813f        0x1 00
 *(.ram.b)
                0x1fff8140                _end = .
                0x1fff8140                __end = .
                0x1fff8140                PROVIDE (end, .)
                0x1fff8140                PROVIDE (__bss_end__, .)
                0x00001040                __cy_region_init_ram = LOADADDR (.data)
                0x00000018                __cy_region_init_size_ram = (_edata - ADDR (.data))
                0x00000020                __cy_region_zero_size_ram = (_end - _edata)

.heap           0x1fff8140     0x1000 load address 0x00001058
                0x1fff8140                . = _end
                0x1fff9140                . = (. + 0x1000)
 *fill*         0x1fff8140     0x1000 00
                0x1fff9140                __cy_heap_limit = .

.stack          0x20004000     0x4000
                0x20004000                __cy_stack_limit = .
                0x20008000                . = (. + 0x4000)
 *fill*         0x20004000     0x4000 00
                0x00000001                ASSERT ((__cy_stack_limit >= __cy_heap_limit), region RAM overflowed with stack)

.cyloadermeta
 *(.cyloadermeta)

.cyloadablemeta
 *(.cyloadablemeta)

.cyconfigecc    0x80000000        0x4
 *(.cyconfigecc)
 .cyconfigecc   0x80000000        0x4 .\CortexM3\ARM_GCC_473\Debug\cymetadata.o
                0x80000000                cy_meta_configecc

.cycustnvl      0x90000000        0x4
 *(.cycustnvl)
 .cycustnvl     0x90000000        0x4 .\CortexM3\ARM_GCC_473\Debug\cymetadata.o
                0x90000000                cy_meta_custnvl

.cywolatch      0x90100000        0x4
 *(.cywolatch)
 .cywolatch     0x90100000        0x4 .\CortexM3\ARM_GCC_473\Debug\cymetadata.o
                0x90100000                cy_meta_wonvl

.cyeeprom       0x90200000        0x0
 *(.cyeeprom)
                0x00000001                ASSERT ((. <= ((0x90200000 + ee_offset) + ee_size)), .cyeeprom data will not fit in EEPROM)

.cyflashprotect
                0x90400000      0x100
 *(.cyflashprotect)
 .cyflashprotect
                0x90400000      0x100 .\CortexM3\ARM_GCC_473\Debug\cymetadata.o
                0x90400000                cy_meta_flashprotect

.cymeta         0x90500000        0xc
 *(.cymeta)
 .cymeta        0x90500000        0xc .\CortexM3\ARM_GCC_473\Debug\cymetadata.o
                0x90500000                cy_metadata

.rel.dyn        0x00001058        0x0 load address 0x9050000c
 .rel.iplt      0x00000000        0x0 c:/program files (x86)/cypress/psoc creator/3.0/psoc creator/import/gnu_cs/arm/4.7.3/bin/../lib/gcc/arm-none-eabi/4.7.3/armv7-m/crtbegin.o

.stab
 *(.stab)

.stabstr
 *(.stabstr)

.debug
 *(.debug)

.line
 *(.line)

.debug_srcinfo
 *(.debug_srcinfo)

.debug_sfnames
 *(.debug_sfnames)

.debug_aranges  0x00000000      0x598
 *(.debug_aranges)
 .debug_aranges
                0x00000000       0x20 .\CortexM3\ARM_GCC_473\Debug\main.o
 .debug_aranges
                0x00000020       0x18 .\CortexM3\ARM_GCC_473\Debug\cymetadata.o
 .debug_aranges
                0x00000038       0x40 .\CortexM3\ARM_GCC_473\Debug\Cm3Start.o
 .debug_aranges
                0x00000078       0x60 .\CortexM3\ARM_GCC_473\Debug\HelloWorld_Blinky01.a(cyfitter_cfg.o)
 .debug_aranges
                0x000000d8       0x98 .\CortexM3\ARM_GCC_473\Debug\HelloWorld_Blinky01.a(LCD_Char.o)
 .debug_aranges
                0x00000170       0x78 .\CortexM3\ARM_GCC_473\Debug\HelloWorld_Blinky01.a(PWM.o)
 .debug_aranges
                0x000001e8       0x20 .\CortexM3\ARM_GCC_473\Debug\HelloWorld_Blinky01.a(CyBootAsmGnu.o)
 .debug_aranges
                0x00000208      0x218 .\CortexM3\ARM_GCC_473\Debug\HelloWorld_Blinky01.a(CyLib.o)
 .debug_aranges
                0x00000420       0x90 .\CortexM3\ARM_GCC_473\Debug\HelloWorld_Blinky01.a(cyPm.o)
 .debug_aranges
                0x000004b0       0x80 .\CortexM3\ARM_GCC_473\Debug\HelloWorld_Blinky01.a(CyFlash.o)
 .debug_aranges
                0x00000530       0x68 .\CortexM3\ARM_GCC_473\Debug\HelloWorld_Blinky01.a(CySpc.o)

.debug_pubnames
 *(.debug_pubnames)

.debug_info     0x00000000     0x2af8
 *(.debug_info .gnu.linkonce.wi.*)
 .debug_info    0x00000000       0xbf .\CortexM3\ARM_GCC_473\Debug\main.o
 .debug_info    0x000000bf      0x13e .\CortexM3\ARM_GCC_473\Debug\cymetadata.o
 .debug_info    0x000001fd      0x2ea .\CortexM3\ARM_GCC_473\Debug\Cm3Start.o
 .debug_info    0x000004e7      0x494 .\CortexM3\ARM_GCC_473\Debug\HelloWorld_Blinky01.a(cyfitter_cfg.o)
 .debug_info    0x0000097b      0x408 .\CortexM3\ARM_GCC_473\Debug\HelloWorld_Blinky01.a(LCD_Char.o)
 .debug_info    0x00000d83      0x27f .\CortexM3\ARM_GCC_473\Debug\HelloWorld_Blinky01.a(PWM.o)
 .debug_info    0x00001002       0xb7 .\CortexM3\ARM_GCC_473\Debug\HelloWorld_Blinky01.a(CyBootAsmGnu.o)
 .debug_info    0x000010b9      0xcd7 .\CortexM3\ARM_GCC_473\Debug\HelloWorld_Blinky01.a(CyLib.o)
 .debug_info    0x00001d90      0x5c3 .\CortexM3\ARM_GCC_473\Debug\HelloWorld_Blinky01.a(cyPm.o)
 .debug_info    0x00002353      0x3cc .\CortexM3\ARM_GCC_473\Debug\HelloWorld_Blinky01.a(CyFlash.o)
 .debug_info    0x0000271f      0x3d9 .\CortexM3\ARM_GCC_473\Debug\HelloWorld_Blinky01.a(CySpc.o)

.debug_abbrev   0x00000000      0xc70
 *(.debug_abbrev)
 .debug_abbrev  0x00000000       0x67 .\CortexM3\ARM_GCC_473\Debug\main.o
 .debug_abbrev  0x00000067       0x5d .\CortexM3\ARM_GCC_473\Debug\cymetadata.o
 .debug_abbrev  0x000000c4      0x175 .\CortexM3\ARM_GCC_473\Debug\Cm3Start.o
 .debug_abbrev  0x00000239      0x1a1 .\CortexM3\ARM_GCC_473\Debug\HelloWorld_Blinky01.a(cyfitter_cfg.o)
 .debug_abbrev  0x000003da      0x122 .\CortexM3\ARM_GCC_473\Debug\HelloWorld_Blinky01.a(LCD_Char.o)
 .debug_abbrev  0x000004fc      0x118 .\CortexM3\ARM_GCC_473\Debug\HelloWorld_Blinky01.a(PWM.o)
 .debug_abbrev  0x00000614       0x14 .\CortexM3\ARM_GCC_473\Debug\HelloWorld_Blinky01.a(CyBootAsmGnu.o)
 .debug_abbrev  0x00000628      0x207 .\CortexM3\ARM_GCC_473\Debug\HelloWorld_Blinky01.a(CyLib.o)
 .debug_abbrev  0x0000082f      0x170 .\CortexM3\ARM_GCC_473\Debug\HelloWorld_Blinky01.a(cyPm.o)
 .debug_abbrev  0x0000099f      0x172 .\CortexM3\ARM_GCC_473\Debug\HelloWorld_Blinky01.a(CyFlash.o)
 .debug_abbrev  0x00000b11      0x15f .\CortexM3\ARM_GCC_473\Debug\HelloWorld_Blinky01.a(CySpc.o)

.debug_line     0x00000000     0x171a
 *(.debug_line)
 .debug_line    0x00000000      0x10f .\CortexM3\ARM_GCC_473\Debug\main.o
 .debug_line    0x0000010f       0x53 .\CortexM3\ARM_GCC_473\Debug\cymetadata.o
 .debug_line    0x00000162      0x1b0 .\CortexM3\ARM_GCC_473\Debug\Cm3Start.o
 .debug_line    0x00000312      0x207 .\CortexM3\ARM_GCC_473\Debug\HelloWorld_Blinky01.a(cyfitter_cfg.o)
 .debug_line    0x00000519      0x219 .\CortexM3\ARM_GCC_473\Debug\HelloWorld_Blinky01.a(LCD_Char.o)
 .debug_line    0x00000732      0x141 .\CortexM3\ARM_GCC_473\Debug\HelloWorld_Blinky01.a(PWM.o)
 .debug_line    0x00000873       0x7f .\CortexM3\ARM_GCC_473\Debug\HelloWorld_Blinky01.a(CyBootAsmGnu.o)
 .debug_line    0x000008f2      0x73b .\CortexM3\ARM_GCC_473\Debug\HelloWorld_Blinky01.a(CyLib.o)
 .debug_line    0x0000102d      0x370 .\CortexM3\ARM_GCC_473\Debug\HelloWorld_Blinky01.a(cyPm.o)
 .debug_line    0x0000139d      0x1d6 .\CortexM3\ARM_GCC_473\Debug\HelloWorld_Blinky01.a(CyFlash.o)
 .debug_line    0x00001573      0x1a7 .\CortexM3\ARM_GCC_473\Debug\HelloWorld_Blinky01.a(CySpc.o)

.debug_frame    0x00000000     0x1260
 *(.debug_frame)
 .debug_frame   0x00000000       0x2c .\CortexM3\ARM_GCC_473\Debug\main.o
 .debug_frame   0x0000002c       0xa4 .\CortexM3\ARM_GCC_473\Debug\Cm3Start.o
 .debug_frame   0x000000d0      0x120 .\CortexM3\ARM_GCC_473\Debug\HelloWorld_Blinky01.a(cyfitter_cfg.o)
 .debug_frame   0x000001f0      0x200 .\CortexM3\ARM_GCC_473\Debug\HelloWorld_Blinky01.a(LCD_Char.o)
 .debug_frame   0x000003f0      0x164 .\CortexM3\ARM_GCC_473\Debug\HelloWorld_Blinky01.a(PWM.o)
 .debug_frame   0x00000554      0x778 .\CortexM3\ARM_GCC_473\Debug\HelloWorld_Blinky01.a(CyLib.o)
 .debug_frame   0x00000ccc      0x1d0 .\CortexM3\ARM_GCC_473\Debug\HelloWorld_Blinky01.a(cyPm.o)
 .debug_frame   0x00000e9c      0x198 .\CortexM3\ARM_GCC_473\Debug\HelloWorld_Blinky01.a(CyFlash.o)
 .debug_frame   0x00001034      0x13c .\CortexM3\ARM_GCC_473\Debug\HelloWorld_Blinky01.a(CySpc.o)
 .debug_frame   0x00001170       0x28 c:/program files (x86)/cypress/psoc creator/3.0/psoc creator/import/gnu_cs/arm/4.7.3/bin/../lib/gcc/arm-none-eabi/4.7.3/../../../../arm-none-eabi/lib/armv7-m\libc_s.a(lib_a-__atexit2.o)
 .debug_frame   0x00001198       0x28 c:/program files (x86)/cypress/psoc creator/3.0/psoc creator/import/gnu_cs/arm/4.7.3/bin/../lib/gcc/arm-none-eabi/4.7.3/../../../../arm-none-eabi/lib/armv7-m\libc_s.a(lib_a-exit.o)
 .debug_frame   0x000011c0       0x2c c:/program files (x86)/cypress/psoc creator/3.0/psoc creator/import/gnu_cs/arm/4.7.3/bin/../lib/gcc/arm-none-eabi/4.7.3/../../../../arm-none-eabi/lib/armv7-m\libc_s.a(lib_a-fini.o)
 .debug_frame   0x000011ec       0x2c c:/program files (x86)/cypress/psoc creator/3.0/psoc creator/import/gnu_cs/arm/4.7.3/bin/../lib/gcc/arm-none-eabi/4.7.3/../../../../arm-none-eabi/lib/armv7-m\libc_s.a(lib_a-init.o)
 .debug_frame   0x00001218       0x28 c:/program files (x86)/cypress/psoc creator/3.0/psoc creator/import/gnu_cs/arm/4.7.3/bin/../lib/gcc/arm-none-eabi/4.7.3/../../../../arm-none-eabi/lib/armv7-m\libc_s.a(lib_a-memcpy.o)
 .debug_frame   0x00001240       0x20 c:/program files (x86)/cypress/psoc creator/3.0/psoc creator/import/gnu_cs/arm/4.7.3/bin/../lib/gcc/arm-none-eabi/4.7.3/../../../../arm-none-eabi/lib/armv7-m\libc_s.a(lib_a-memset.o)

.debug_str      0x00000000     0x1364
 *(.debug_str)
 .debug_str     0x00000000      0x139 .\CortexM3\ARM_GCC_473\Debug\main.o
                                0x172 (size before relaxing)
 .debug_str     0x00000139       0x7d .\CortexM3\ARM_GCC_473\Debug\cymetadata.o
                                0x1cc (size before relaxing)
 .debug_str     0x000001b6      0x119 .\CortexM3\ARM_GCC_473\Debug\Cm3Start.o
                                0x288 (size before relaxing)
 .debug_str     0x000002cf      0x1ae .\CortexM3\ARM_GCC_473\Debug\HelloWorld_Blinky01.a(cyfitter_cfg.o)
                                0x33f (size before relaxing)
 .debug_str     0x0000047d      0x1dd .\CortexM3\ARM_GCC_473\Debug\HelloWorld_Blinky01.a(LCD_Char.o)
                                0x34b (size before relaxing)
 .debug_str     0x0000065a      0x120 .\CortexM3\ARM_GCC_473\Debug\HelloWorld_Blinky01.a(PWM.o)
                                0x287 (size before relaxing)
 .debug_str     0x0000077a      0x633 .\CortexM3\ARM_GCC_473\Debug\HelloWorld_Blinky01.a(CyLib.o)
                                0x7ee (size before relaxing)
 .debug_str     0x00000dad      0x371 .\CortexM3\ARM_GCC_473\Debug\HelloWorld_Blinky01.a(cyPm.o)
                                0x4fd (size before relaxing)
 .debug_str     0x0000111e      0x148 .\CortexM3\ARM_GCC_473\Debug\HelloWorld_Blinky01.a(CyFlash.o)
                                0x2db (size before relaxing)
 .debug_str     0x00001266       0xfe .\CortexM3\ARM_GCC_473\Debug\HelloWorld_Blinky01.a(CySpc.o)
                                0x29f (size before relaxing)

.debug_loc      0x00000000     0x1d60
 *(.debug_loc)
 .debug_loc     0x00000000       0x2c .\CortexM3\ARM_GCC_473\Debug\main.o
 .debug_loc     0x0000002c      0x100 .\CortexM3\ARM_GCC_473\Debug\Cm3Start.o
 .debug_loc     0x0000012c      0x1f8 .\CortexM3\ARM_GCC_473\Debug\HelloWorld_Blinky01.a(cyfitter_cfg.o)
 .debug_loc     0x00000324      0x350 .\CortexM3\ARM_GCC_473\Debug\HelloWorld_Blinky01.a(LCD_Char.o)
 .debug_loc     0x00000674      0x264 .\CortexM3\ARM_GCC_473\Debug\HelloWorld_Blinky01.a(PWM.o)
 .debug_loc     0x000008d8      0xce0 .\CortexM3\ARM_GCC_473\Debug\HelloWorld_Blinky01.a(CyLib.o)
 .debug_loc     0x000015b8      0x2e8 .\CortexM3\ARM_GCC_473\Debug\HelloWorld_Blinky01.a(cyPm.o)
 .debug_loc     0x000018a0      0x290 .\CortexM3\ARM_GCC_473\Debug\HelloWorld_Blinky01.a(CyFlash.o)
 .debug_loc     0x00001b30      0x230 .\CortexM3\ARM_GCC_473\Debug\HelloWorld_Blinky01.a(CySpc.o)

.debug_macinfo
 *(.debug_macinfo)

.debug_ranges   0x00000000      0x4d0
 *(.debug_ranges)
 .debug_ranges  0x00000000       0x10 .\CortexM3\ARM_GCC_473\Debug\main.o
 .debug_ranges  0x00000010       0x30 .\CortexM3\ARM_GCC_473\Debug\Cm3Start.o
 .debug_ranges  0x00000040       0x50 .\CortexM3\ARM_GCC_473\Debug\HelloWorld_Blinky01.a(cyfitter_cfg.o)
 .debug_ranges  0x00000090       0x88 .\CortexM3\ARM_GCC_473\Debug\HelloWorld_Blinky01.a(LCD_Char.o)
 .debug_ranges  0x00000118       0x68 .\CortexM3\ARM_GCC_473\Debug\HelloWorld_Blinky01.a(PWM.o)
 .debug_ranges  0x00000180      0x208 .\CortexM3\ARM_GCC_473\Debug\HelloWorld_Blinky01.a(CyLib.o)
 .debug_ranges  0x00000388       0x80 .\CortexM3\ARM_GCC_473\Debug\HelloWorld_Blinky01.a(cyPm.o)
 .debug_ranges  0x00000408       0x70 .\CortexM3\ARM_GCC_473\Debug\HelloWorld_Blinky01.a(CyFlash.o)
 .debug_ranges  0x00000478       0x58 .\CortexM3\ARM_GCC_473\Debug\HelloWorld_Blinky01.a(CySpc.o)

.comment        0x00000000       0x70
 .comment       0x00000000       0x70 .\CortexM3\ARM_GCC_473\Debug\main.o
                                 0x71 (size before relaxing)
 .comment       0x00000000       0x71 .\CortexM3\ARM_GCC_473\Debug\cymetadata.o
 .comment       0x00000000       0x71 .\CortexM3\ARM_GCC_473\Debug\Cm3Start.o
 .comment       0x00000000       0x71 .\CortexM3\ARM_GCC_473\Debug\HelloWorld_Blinky01.a(cyfitter_cfg.o)
 .comment       0x00000000       0x71 .\CortexM3\ARM_GCC_473\Debug\HelloWorld_Blinky01.a(LCD_Char.o)
 .comment       0x00000000       0x71 .\CortexM3\ARM_GCC_473\Debug\HelloWorld_Blinky01.a(PWM.o)
 .comment       0x00000000       0x71 .\CortexM3\ARM_GCC_473\Debug\HelloWorld_Blinky01.a(CyLib.o)
 .comment       0x00000000       0x71 .\CortexM3\ARM_GCC_473\Debug\HelloWorld_Blinky01.a(cyPm.o)
 .comment       0x00000000       0x71 .\CortexM3\ARM_GCC_473\Debug\HelloWorld_Blinky01.a(CyFlash.o)
 .comment       0x00000000       0x71 .\CortexM3\ARM_GCC_473\Debug\HelloWorld_Blinky01.a(CySpc.o)

.debug_weaknames
 *(.debug_weaknames)

.debug_funcnames
 *(.debug_funcnames)

.debug_typenames
 *(.debug_typenames)

.debug_varnames
 *(.debug_varnames)

.note.gnu.arm.ident
 *(.note.gnu.arm.ident)

.ARM.attributes
                0x00000000       0x29
 *(.ARM.attributes)
 .ARM.attributes
                0x00000000       0x1d c:/program files (x86)/cypress/psoc creator/3.0/psoc creator/import/gnu_cs/arm/4.7.3/bin/../lib/gcc/arm-none-eabi/4.7.3/armv7-m/crti.o
 .ARM.attributes
                0x0000001d       0x2d c:/program files (x86)/cypress/psoc creator/3.0/psoc creator/import/gnu_cs/arm/4.7.3/bin/../lib/gcc/arm-none-eabi/4.7.3/armv7-m/crtbegin.o
 .ARM.attributes
                0x0000004a       0x1b c:/program files (x86)/cypress/psoc creator/3.0/psoc creator/import/gnu_cs/arm/4.7.3/bin/../lib/gcc/arm-none-eabi/4.7.3/../../../../arm-none-eabi/lib/armv7-m/crt0.o
 .ARM.attributes
                0x00000065       0x33 .\CortexM3\ARM_GCC_473\Debug\main.o
 .ARM.attributes
                0x00000098       0x33 .\CortexM3\ARM_GCC_473\Debug\cymetadata.o
 .ARM.attributes
                0x000000cb       0x33 .\CortexM3\ARM_GCC_473\Debug\Cm3Start.o
 .ARM.attributes
                0x000000fe       0x33 .\CortexM3\ARM_GCC_473\Debug\HelloWorld_Blinky01.a(cyfitter_cfg.o)
 .ARM.attributes
                0x00000131       0x33 .\CortexM3\ARM_GCC_473\Debug\HelloWorld_Blinky01.a(LCD_Char.o)
 .ARM.attributes
                0x00000164       0x33 .\CortexM3\ARM_GCC_473\Debug\HelloWorld_Blinky01.a(PWM.o)
 .ARM.attributes
                0x00000197       0x21 .\CortexM3\ARM_GCC_473\Debug\HelloWorld_Blinky01.a(CyBootAsmGnu.o)
 .ARM.attributes
                0x000001b8       0x33 .\CortexM3\ARM_GCC_473\Debug\HelloWorld_Blinky01.a(CyLib.o)
 .ARM.attributes
                0x000001eb       0x33 .\CortexM3\ARM_GCC_473\Debug\HelloWorld_Blinky01.a(cyPm.o)
 .ARM.attributes
                0x0000021e       0x33 .\CortexM3\ARM_GCC_473\Debug\HelloWorld_Blinky01.a(CyFlash.o)
 .ARM.attributes
                0x00000251       0x33 .\CortexM3\ARM_GCC_473\Debug\HelloWorld_Blinky01.a(CySpc.o)
 .ARM.attributes
                0x00000284       0x2d c:/program files (x86)/cypress/psoc creator/3.0/psoc creator/import/gnu_cs/arm/4.7.3/bin/../lib/gcc/arm-none-eabi/4.7.3/../../../../arm-none-eabi/lib/armv7-m\libc_s.a(lib_a-__atexit2.o)
 .ARM.attributes
                0x000002b1       0x2d c:/program files (x86)/cypress/psoc creator/3.0/psoc creator/import/gnu_cs/arm/4.7.3/bin/../lib/gcc/arm-none-eabi/4.7.3/../../../../arm-none-eabi/lib/armv7-m\libc_s.a(lib_a-exit.o)
 .ARM.attributes
                0x000002de       0x2d c:/program files (x86)/cypress/psoc creator/3.0/psoc creator/import/gnu_cs/arm/4.7.3/bin/../lib/gcc/arm-none-eabi/4.7.3/../../../../arm-none-eabi/lib/armv7-m\libc_s.a(lib_a-fini.o)
 .ARM.attributes
                0x0000030b       0x2d c:/program files (x86)/cypress/psoc creator/3.0/psoc creator/import/gnu_cs/arm/4.7.3/bin/../lib/gcc/arm-none-eabi/4.7.3/../../../../arm-none-eabi/lib/armv7-m\libc_s.a(lib_a-impure.o)
 .ARM.attributes
                0x00000338       0x2d c:/program files (x86)/cypress/psoc creator/3.0/psoc creator/import/gnu_cs/arm/4.7.3/bin/../lib/gcc/arm-none-eabi/4.7.3/../../../../arm-none-eabi/lib/armv7-m\libc_s.a(lib_a-init.o)
 .ARM.attributes
                0x00000365       0x2d c:/program files (x86)/cypress/psoc creator/3.0/psoc creator/import/gnu_cs/arm/4.7.3/bin/../lib/gcc/arm-none-eabi/4.7.3/../../../../arm-none-eabi/lib/armv7-m\libc_s.a(lib_a-memcpy.o)
 .ARM.attributes
                0x00000392       0x2d c:/program files (x86)/cypress/psoc creator/3.0/psoc creator/import/gnu_cs/arm/4.7.3/bin/../lib/gcc/arm-none-eabi/4.7.3/../../../../arm-none-eabi/lib/armv7-m\libc_s.a(lib_a-memset.o)
 .ARM.attributes
                0x000003bf       0x2d c:/program files (x86)/cypress/psoc creator/3.0/psoc creator/import/gnu_cs/arm/4.7.3/bin/../lib/gcc/arm-none-eabi/4.7.3/armv7-m/crtend.o
 .ARM.attributes
                0x000003ec       0x1d c:/program files (x86)/cypress/psoc creator/3.0/psoc creator/import/gnu_cs/arm/4.7.3/bin/../lib/gcc/arm-none-eabi/4.7.3/armv7-m/crtn.o

/DISCARD/
 *(.note.GNU-stack)
OUTPUT(.\CortexM3\ARM_GCC_473\Debug\HelloWorld_Blinky01.elf elf32-littlearm)
