Archive member included because of file (symbol)

.\CortexM3\ARM_GCC_473\Debug\FW_Fan_Control01.a(cyfitter_cfg.o)
                              .\CortexM3\ARM_GCC_473\Debug\Cm3Start.o (cyfitter_cfg)
.\CortexM3\ARM_GCC_473\Debug\FW_Fan_Control01.a(LCD.o)
                              .\CortexM3\ARM_GCC_473\Debug\main.o (LCD_Position)
.\CortexM3\ARM_GCC_473\Debug\FW_Fan_Control01.a(FanController.o)
                              .\CortexM3\ARM_GCC_473\Debug\main.o (FanController_Start)
.\CortexM3\ARM_GCC_473\Debug\FW_Fan_Control01.a(EOC_SR.o)
                              .\CortexM3\ARM_GCC_473\Debug\main.o (EOC_SR_Read)
.\CortexM3\ARM_GCC_473\Debug\FW_Fan_Control01.a(ADC_DelSig_1.o)
                              .\CortexM3\ARM_GCC_473\Debug\main.o (ADC_DelSig_1_Start)
.\CortexM3\ARM_GCC_473\Debug\FW_Fan_Control01.a(ADC_DelSig_1_INT.o)
                              .\CortexM3\ARM_GCC_473\Debug\FW_Fan_Control01.a(ADC_DelSig_1.o) (ADC_DelSig_1_ISR1)
.\CortexM3\ARM_GCC_473\Debug\FW_Fan_Control01.a(ADC_DelSig_1_AMux.o)
                              .\CortexM3\ARM_GCC_473\Debug\FW_Fan_Control01.a(ADC_DelSig_1.o) (ADC_DelSig_1_AMux_Select)
.\CortexM3\ARM_GCC_473\Debug\FW_Fan_Control01.a(ADC_DelSig_1_Ext_CP_Clk.o)
                              .\CortexM3\ARM_GCC_473\Debug\FW_Fan_Control01.a(ADC_DelSig_1.o) (ADC_DelSig_1_Ext_CP_Clk_SetDividerRegister)
.\CortexM3\ARM_GCC_473\Debug\FW_Fan_Control01.a(ADC_DelSig_1_theACLK.o)
                              .\CortexM3\ARM_GCC_473\Debug\FW_Fan_Control01.a(ADC_DelSig_1.o) (ADC_DelSig_1_theACLK_SetDividerRegister)
.\CortexM3\ARM_GCC_473\Debug\FW_Fan_Control01.a(CyBootAsmGnu.o)
                              .\CortexM3\ARM_GCC_473\Debug\FW_Fan_Control01.a(cyfitter_cfg.o) (CyDelayCycles)
.\CortexM3\ARM_GCC_473\Debug\FW_Fan_Control01.a(CyDmac.o)
                              .\CortexM3\ARM_GCC_473\Debug\Cm3Start.o (CyDmacConfigure)
.\CortexM3\ARM_GCC_473\Debug\FW_Fan_Control01.a(CyLib.o)
                              .\CortexM3\ARM_GCC_473\Debug\Cm3Start.o (CyResetStatus)
.\CortexM3\ARM_GCC_473\Debug\FW_Fan_Control01.a(cyPm.o)
                              .\CortexM3\ARM_GCC_473\Debug\FW_Fan_Control01.a(CyLib.o) (CyPmReadStatus)
.\CortexM3\ARM_GCC_473\Debug\FW_Fan_Control01.a(Trigger_Timer.o)
                              .\CortexM3\ARM_GCC_473\Debug\main.o (Trigger_Timer_Start)
.\CortexM3\ARM_GCC_473\Debug\FW_Fan_Control01.a(Echo_Timer.o)
                              .\CortexM3\ARM_GCC_473\Debug\main.o (Echo_Timer_Init)
.\CortexM3\ARM_GCC_473\Debug\FW_Fan_Control01.a(end_echo_IRR.o)
                              .\CortexM3\ARM_GCC_473\Debug\main.o (end_echo_IRR_Start)
.\CortexM3\ARM_GCC_473\Debug\FW_Fan_Control01.a(start_echo_IRR.o)
                              .\CortexM3\ARM_GCC_473\Debug\main.o (start_echo_IRR_Start)
.\CortexM3\ARM_GCC_473\Debug\FW_Fan_Control01.a(CyFlash.o)
                              .\CortexM3\ARM_GCC_473\Debug\FW_Fan_Control01.a(cyPm.o) (CyFlash_SetWaitCycles)
.\CortexM3\ARM_GCC_473\Debug\FW_Fan_Control01.a(CySpc.o)
                              .\CortexM3\ARM_GCC_473\Debug\FW_Fan_Control01.a(CyFlash.o) (CySpcStart)
c:/program files (x86)/cypress/psoc creator/3.0/psoc creator/import/gnu_cs/arm/4.7.3/bin/../lib/gcc/arm-none-eabi/4.7.3/armv7-m\libgcc.a(_arm_addsubdf3.o)
                              .\CortexM3\ARM_GCC_473\Debug\FW_Fan_Control01.a(ADC_DelSig_1.o) (__aeabi_f2d)
c:/program files (x86)/cypress/psoc creator/3.0/psoc creator/import/gnu_cs/arm/4.7.3/bin/../lib/gcc/arm-none-eabi/4.7.3/armv7-m\libgcc.a(_arm_cmpdf2.o)
                              .\CortexM3\ARM_GCC_473\Debug\FW_Fan_Control01.a(ADC_DelSig_1.o) (__aeabi_dcmpgt)
c:/program files (x86)/cypress/psoc creator/3.0/psoc creator/import/gnu_cs/arm/4.7.3/bin/../lib/gcc/arm-none-eabi/4.7.3/armv7-m\libgcc.a(_arm_addsubsf3.o)
                              .\CortexM3\ARM_GCC_473\Debug\main.o (__aeabi_fadd)
c:/program files (x86)/cypress/psoc creator/3.0/psoc creator/import/gnu_cs/arm/4.7.3/bin/../lib/gcc/arm-none-eabi/4.7.3/armv7-m\libgcc.a(_arm_muldivsf3.o)
                              .\CortexM3\ARM_GCC_473\Debug\main.o (__aeabi_fmul)
c:/program files (x86)/cypress/psoc creator/3.0/psoc creator/import/gnu_cs/arm/4.7.3/bin/../lib/gcc/arm-none-eabi/4.7.3/armv7-m\libgcc.a(_arm_fixunssfsi.o)
                              .\CortexM3\ARM_GCC_473\Debug\main.o (__aeabi_f2uiz)
c:/program files (x86)/cypress/psoc creator/3.0/psoc creator/import/gnu_cs/arm/4.7.3/bin/../lib/gcc/arm-none-eabi/4.7.3/../../../../arm-none-eabi/lib/armv7-m\libc_s.a(lib_a-__atexit2.o)
                              c:/program files (x86)/cypress/psoc creator/3.0/psoc creator/import/gnu_cs/arm/4.7.3/bin/../lib/gcc/arm-none-eabi/4.7.3/../../../../arm-none-eabi/lib/armv7-m/crt0.o (__register_exitproc)
c:/program files (x86)/cypress/psoc creator/3.0/psoc creator/import/gnu_cs/arm/4.7.3/bin/../lib/gcc/arm-none-eabi/4.7.3/../../../../arm-none-eabi/lib/armv7-m\libc_s.a(lib_a-exit.o)
[...]
Memory Configuration

Name             Origin             Length             Attributes
rom              0x00000000         0x00040000         xr
ram              0x1fff8000         0x00010000         xrw
*default*        0x00000000         0xffffffff

Linker script and memory map

LOAD c:/program files (x86)/cypress/psoc creator/3.0/psoc creator/import/gnu_cs/arm/4.7.3/bin/../lib/gcc/arm-none-eabi/4.7.3/armv7-m/crti.o
LOAD c:/program files (x86)/cypress/psoc creator/3.0/psoc creator/import/gnu_cs/arm/4.7.3/bin/../lib/gcc/arm-none-eabi/4.7.3/armv7-m/crtbegin.o
LOAD c:/program files (x86)/cypress/psoc creator/3.0/psoc creator/import/gnu_cs/arm/4.7.3/bin/../lib/gcc/arm-none-eabi/4.7.3/../../../../arm-none-eabi/lib/armv7-m/crt0.o
START GROUP
LOAD .\CortexM3\ARM_GCC_473\Debug\main.o
LOAD .\CortexM3\ARM_GCC_473\Debug\cymetadata.o
LOAD .\CortexM3\ARM_GCC_473\Debug\Cm3Start.o
LOAD .\CortexM3\ARM_GCC_473\Debug\FW_Fan_Control01.a
LOAD C:\Program Files (x86)\Cypress\PSoC Creator\3.0\PSoC Creator\psoc\content\cycomponentlibrary\CyComponentLibrary.cylib\CortexM3\ARM_GCC_473\Debug\CyComponentLibrary.a
END GROUP
START GROUP
LOAD c:/program files (x86)/cypress/psoc creator/3.0/psoc creator/import/gnu_cs/arm/4.7.3/bin/../lib/gcc/arm-none-eabi/4.7.3/armv7-m\libgcc.a
LOAD c:/program files (x86)/cypress/psoc creator/3.0/psoc creator/import/gnu_cs/arm/4.7.3/bin/../lib/gcc/arm-none-eabi/4.7.3/../../../../arm-none-eabi/lib/armv7-m\libc_s.a
END GROUP
LOAD c:/program files (x86)/cypress/psoc creator/3.0/psoc creator/import/gnu_cs/arm/4.7.3/bin/../lib/gcc/arm-none-eabi/4.7.3/armv7-m/crtend.o
LOAD c:/program files (x86)/cypress/psoc creator/3.0/psoc creator/import/gnu_cs/arm/4.7.3/bin/../lib/gcc/arm-none-eabi/4.7.3/armv7-m/crtn.o
START GROUP
LOAD c:/program files (x86)/cypress/psoc creator/3.0/psoc creator/import/gnu_cs/arm/4.7.3/bin/../lib/gcc/arm-none-eabi/4.7.3/armv7-m\libgcc.a
LOAD c:/program files (x86)/cypress/psoc creator/3.0/psoc creator/import/gnu_cs/arm/4.7.3/bin/../lib/gcc/arm-none-eabi/4.7.3/../../../../arm-none-eabi/lib/armv7-m\libc.a
LOAD c:/program files (x86)/cypress/psoc creator/3.0/psoc creator/import/gnu_cs/arm/4.7.3/bin/../lib/gcc/arm-none-eabi/4.7.3/../../../../arm-none-eabi/lib/armv7-m\libnosys.a
END GROUP
                0x00000000                CY_APPL_ORIGIN = 0x0
                0x00000100                CY_FLASH_ROW_SIZE = 0x100
                0x00000020                CY_ECC_ROW_SIZE = 0x20
                0x00000000                CY_EE_IN_BTLDR = 0x0
                0x00000000                CY_APPL_LOADABLE = 0x0
                0x00000800                CY_EE_SIZE = 0x800
                0x00000001                CY_APPL_NUM = 0x1
                0x00000001                CY_APPL_MAX = 0x1
                0x00000040                CY_METADATA_SIZE = 0x40
                0x1fff81a0                PROVIDE (__cy_heap_start, _end)
                0x00000001                PROVIDE (__cy_region_num, ((__cy_regions_end - __cy_regions) / 0x10))
                0x20008000                PROVIDE (__cy_stack, (ORIGIN (ram) + 0x10000))
                0x20004000                PROVIDE (__cy_heap_end, (__cy_stack - 0x4000))

.cybootloader   0x00000000        0x0
 *(.cybootloader)
                0x00000000                appl1_start = CY_APPL_ORIGIN?CY_APPL_ORIGIN:ALIGN (CY_FLASH_ROW_SIZE)
                0x0001ff00                appl2_start = (appl1_start + ALIGN ((((0x40000 - appl1_start) - (0x2 * CY_FLASH_ROW_SIZE)) / 0x2), CY_FLASH_ROW_SIZE))
                0x00000000                appl_start = (CY_APPL_NUM == 0x1)?appl1_start:appl2_start
                0x00000000                ecc_offset = ((appl_start / CY_FLASH_ROW_SIZE) * CY_ECC_ROW_SIZE)
                0x00000000                ee_offset = (CY_APPL_LOADABLE && ! (CY_EE_IN_BTLDR))?((CY_EE_SIZE / CY_APPL_MAX) * (CY_APPL_NUM - 0x1)):0x0
                0x00000800                ee_size = (CY_APPL_LOADABLE && ! (CY_EE_IN_BTLDR))?(CY_EE_SIZE / CY_APPL_MAX):CY_EE_SIZE
                0x00000000                PROVIDE (CY_ECC_OFFSET, ecc_offset)

.text           0x00000000     0x3c36
 CREATE_OBJECT_SYMBOLS
                0x00000000                PROVIDE (__cy_interrupt_vector, RomVectors)
 *(.romvectors)
 .romvectors    0x00000000       0x10 .\CortexM3\ARM_GCC_473\Debug\Cm3Start.o
                0x00000000                RomVectors
                0x00000001                ASSERT ((. != __cy_interrupt_vector), No interrupt vector)
                0x00000001                ASSERT (CY_APPL_ORIGIN?(SIZEOF (.cybootloader) <= CY_APPL_ORIGIN):0x1, Wrong image location)
                0x00000010                PROVIDE (__cy_reset, Reset)
 *(.text.Reset)
 .text.Reset    0x00000010       0x1c .\CortexM3\ARM_GCC_473\Debug\Cm3Start.o
                0x00000010                Reset
                0x00000001                ASSERT ((. != __cy_reset), No reset code)
 *(.dma_init)
 .dma_init      0x0000002c      0x298 .\CortexM3\ARM_GCC_473\Debug\FW_Fan_Control01.a(cyfitter_cfg.o)
                0x00000001                ASSERT ((((appl_start + .) <= 0x10000) || 0x0), DMA Init must be within the first 64k of flash)
 *(.text .text.* .gnu.linkonce.t.*)
 .text          0x000002c4       0x54 c:/program files (x86)/cypress/psoc creator/3.0/psoc creator/import/gnu_cs/arm/4.7.3/bin/../lib/gcc/arm-none-eabi/4.7.3/armv7-m/crtbegin.o
 .text.start_echo_IRR_Interrupt
                0x00000318       0x18 .\CortexM3\ARM_GCC_473\Debug\main.o
                0x00000318                start_echo_IRR_Interrupt
 .text.end_echo_IRR_Interrupt
                0x00000330       0x20 .\CortexM3\ARM_GCC_473\Debug\main.o
                0x00000330                end_echo_IRR_Interrupt
 .text.main     0x00000350      0x1e8 .\CortexM3\ARM_GCC_473\Debug\main.o
                0x00000350                main
 .text.IntDefaultHandler
                0x00000538        0x8 .\CortexM3\ARM_GCC_473\Debug\Cm3Start.o
                0x00000538                IntDefaultHandler
 .text.Start_c  0x00000540       0xcc .\CortexM3\ARM_GCC_473\Debug\Cm3Start.o
                0x00000540                Start_c
 .text.initialize_psoc
                0x0000060c       0xb8 .\CortexM3\ARM_GCC_473\Debug\Cm3Start.o
                0x0000060c                initialize_psoc
 .text.CYMEMZERO
                0x000006c4       0x20 .\CortexM3\ARM_GCC_473\Debug\FW_Fan_Control01.a(cyfitter_cfg.o)
 .text.CYCONFIGCPY
                0x000006e4       0x20 .\CortexM3\ARM_GCC_473\Debug\FW_Fan_Control01.a(cyfitter_cfg.o)
 .text.CyClockStartupError
                0x00000704        0xc .\CortexM3\ARM_GCC_473\Debug\FW_Fan_Control01.a(cyfitter_cfg.o)
 .text.cfg_dma_init
                0x00000710      0x1e0 .\CortexM3\ARM_GCC_473\Debug\FW_Fan_Control01.a(cyfitter_cfg.o)
 .text.ClockSetup
                0x000008f0      0x238 .\CortexM3\ARM_GCC_473\Debug\FW_Fan_Control01.a(cyfitter_cfg.o)
 .text.AnalogSetDefault
                0x00000b28       0x6c .\CortexM3\ARM_GCC_473\Debug\FW_Fan_Control01.a(cyfitter_cfg.o)
 .text.ADC_DelSig_1_AMux_Set
                0x00000b94       0x4c .\CortexM3\ARM_GCC_473\Debug\FW_Fan_Control01.a(cyfitter_cfg.o)
                0x00000b94                ADC_DelSig_1_AMux_Set
 .text.ADC_DelSig_1_AMux_Unset
                0x00000be0       0x50 .\CortexM3\ARM_GCC_473\Debug\FW_Fan_Control01.a(cyfitter_cfg.o)
                0x00000be0                ADC_DelSig_1_AMux_Unset
 .text.cyfitter_cfg
                0x00000c30      0x17c .\CortexM3\ARM_GCC_473\Debug\FW_Fan_Control01.a(cyfitter_cfg.o)
                0x00000c30                cyfitter_cfg
 .text.LCD_Position
                0x00000dac       0x78 .\CortexM3\ARM_GCC_473\Debug\FW_Fan_Control01.a(LCD.o)
                0x00000dac                LCD_Position
 .text.LCD_PutChar
                0x00000e24       0x1c .\CortexM3\ARM_GCC_473\Debug\FW_Fan_Control01.a(LCD.o)
                0x00000e24                LCD_PutChar
 .text.LCD_WriteData
                0x00000e40       0x38 .\CortexM3\ARM_GCC_473\Debug\FW_Fan_Control01.a(LCD.o)
                0x00000e40                LCD_WriteData
 .text.LCD_WriteControl
                0x00000e78       0x38 .\CortexM3\ARM_GCC_473\Debug\FW_Fan_Control01.a(LCD.o)
                0x00000e78                LCD_WriteControl
 .text.LCD_IsReady
                0x00000eb0      0x208 .\CortexM3\ARM_GCC_473\Debug\FW_Fan_Control01.a(LCD.o)
                0x00000eb0                LCD_IsReady
 .text.LCD_WrDatNib
                0x000010b8       0xb4 .\CortexM3\ARM_GCC_473\Debug\FW_Fan_Control01.a(LCD.o)
 .text.LCD_WrCntrlNib
                0x0000116c       0x90 .\CortexM3\ARM_GCC_473\Debug\FW_Fan_Control01.a(LCD.o)
 .text.LCD_PrintInt8
                0x000011fc       0x44 .\CortexM3\ARM_GCC_473\Debug\FW_Fan_Control01.a(LCD.o)
                0x000011fc                LCD_PrintInt8
 .text.LCD_PrintInt16
                0x00001240       0x2c .\CortexM3\ARM_GCC_473\Debug\FW_Fan_Control01.a(LCD.o)
                0x00001240                LCD_PrintInt16
 .text.FanController_Start
                0x0000126c       0x2c .\CortexM3\ARM_GCC_473\Debug\FW_Fan_Control01.a(FanController.o)
                0x0000126c                FanController_Start
 .text.FanController_Init
                0x00001298      0x108 .\CortexM3\ARM_GCC_473\Debug\FW_Fan_Control01.a(FanController.o)
                0x00001298                FanController_Init
 .text.FanController_Enable
                0x000013a0       0x5c .\CortexM3\ARM_GCC_473\Debug\FW_Fan_Control01.a(FanController.o)
                0x000013a0                FanController_Enable
 .text.FanController_SetAlertMask
                0x000013fc       0x24 .\CortexM3\ARM_GCC_473\Debug\FW_Fan_Control01.a(FanController.o)
                0x000013fc                FanController_SetAlertMask
 .text.FanController_SetDutyCycle
                0x00001420       0x60 .\CortexM3\ARM_GCC_473\Debug\FW_Fan_Control01.a(FanController.o)
                0x00001420                FanController_SetDutyCycle
 .text.FanController_GetDutyCycle
                0x00001480       0x54 .\CortexM3\ARM_GCC_473\Debug\FW_Fan_Control01.a(FanController.o)
                0x00001480                FanController_GetDutyCycle
 .text.FanController_SetDesiredSpeed
                0x000014d4      0x17c .\CortexM3\ARM_GCC_473\Debug\FW_Fan_Control01.a(FanController.o)
                0x000014d4                FanController_SetDesiredSpeed
 .text.FanController_GetActualSpeed
                0x00001650       0x5c .\CortexM3\ARM_GCC_473\Debug\FW_Fan_Control01.a(FanController.o)
                0x00001650                FanController_GetActualSpeed
 .text.FanController_SetupDMA
                0x000016ac      0x138 .\CortexM3\ARM_GCC_473\Debug\FW_Fan_Control01.a(FanController.o)
 .text.FanController_TachOutDMA_DmaInitialize
                0x000017e4       0x64 .\CortexM3\ARM_GCC_473\Debug\FW_Fan_Control01.a(FanController.o)
 .text.EOC_SR_Read
                0x00001848       0x18 .\CortexM3\ARM_GCC_473\Debug\FW_Fan_Control01.a(EOC_SR.o)
                0x00001848                EOC_SR_Read
 .text.ADC_DelSig_1_Init
                0x00001860      0x1e0 .\CortexM3\ARM_GCC_473\Debug\FW_Fan_Control01.a(ADC_DelSig_1.o)
                0x00001860                ADC_DelSig_1_Init
 .text.ADC_DelSig_1_Enable
                0x00001a40      0x1e4 .\CortexM3\ARM_GCC_473\Debug\FW_Fan_Control01.a(ADC_DelSig_1.o)
                0x00001a40                ADC_DelSig_1_Enable
 .text.ADC_DelSig_1_Start
                0x00001c24       0x3c .\CortexM3\ARM_GCC_473\Debug\FW_Fan_Control01.a(ADC_DelSig_1.o)
                0x00001c24                ADC_DelSig_1_Start
 .text.ADC_DelSig_1_StartConvert
                0x00001c60       0x28 .\CortexM3\ARM_GCC_473\Debug\FW_Fan_Control01.a(ADC_DelSig_1.o)
                0x00001c60                ADC_DelSig_1_StartConvert
 .text.ADC_DelSig_1_IsEndConversion
                0x00001c88       0x54 .\CortexM3\ARM_GCC_473\Debug\FW_Fan_Control01.a(ADC_DelSig_1.o)
                0x00001c88                ADC_DelSig_1_IsEndConversion
 .text.ADC_DelSig_1_GetResult16
                0x00001cdc       0x90 .\CortexM3\ARM_GCC_473\Debug\FW_Fan_Control01.a(ADC_DelSig_1.o)
                0x00001cdc                ADC_DelSig_1_GetResult16
 .text.ADC_DelSig_1_InitConfig
                0x00001d6c      0x740 .\CortexM3\ARM_GCC_473\Debug\FW_Fan_Control01.a(ADC_DelSig_1.o)
 .text.ADC_DelSig_1_GainCompensation
                0x000024ac      0x19c .\CortexM3\ARM_GCC_473\Debug\FW_Fan_Control01.a(ADC_DelSig_1.o)
 .text.ADC_DelSig_1_SetDSMRef0Reg
                0x00002648       0xa8 .\CortexM3\ARM_GCC_473\Debug\FW_Fan_Control01.a(ADC_DelSig_1.o)
 .text.ADC_DelSig_1_ISR1
                0x000026f0        0xc .\CortexM3\ARM_GCC_473\Debug\FW_Fan_Control01.a(ADC_DelSig_1_INT.o)
                0x000026f0                ADC_DelSig_1_ISR1
 .text.ADC_DelSig_1_ISR2
                0x000026fc        0xc .\CortexM3\ARM_GCC_473\Debug\FW_Fan_Control01.a(ADC_DelSig_1_INT.o)
                0x000026fc                ADC_DelSig_1_ISR2
 .text.ADC_DelSig_1_ISR3
                0x00002708        0xc .\CortexM3\ARM_GCC_473\Debug\FW_Fan_Control01.a(ADC_DelSig_1_INT.o)
                0x00002708                ADC_DelSig_1_ISR3
 .text.ADC_DelSig_1_ISR4
                0x00002714        0xc .\CortexM3\ARM_GCC_473\Debug\FW_Fan_Control01.a(ADC_DelSig_1_INT.o)
                0x00002714                ADC_DelSig_1_ISR4
 .text.ADC_DelSig_1_AMux_Start
                0x00002720       0x3c .\CortexM3\ARM_GCC_473\Debug\FW_Fan_Control01.a(ADC_DelSig_1_AMux.o)
                0x00002720                ADC_DelSig_1_AMux_Start
 .text.ADC_DelSig_1_AMux_Select
                0x0000275c       0x2c .\CortexM3\ARM_GCC_473\Debug\FW_Fan_Control01.a(ADC_DelSig_1_AMux.o)
                0x0000275c                ADC_DelSig_1_AMux_Select
 .text.ADC_DelSig_1_Ext_CP_Clk_SetDividerRegister
                0x00002788      0x1e8 .\CortexM3\ARM_GCC_473\Debug\FW_Fan_Control01.a(ADC_DelSig_1_Ext_CP_Clk.o)
                0x00002788                ADC_DelSig_1_Ext_CP_Clk_SetDividerRegister
 .text.ADC_DelSig_1_Ext_CP_Clk_GetDividerRegister
                0x00002970       0x18 .\CortexM3\ARM_GCC_473\Debug\FW_Fan_Control01.a(ADC_DelSig_1_Ext_CP_Clk.o)
                0x00002970                ADC_DelSig_1_Ext_CP_Clk_GetDividerRegister
 .text.ADC_DelSig_1_Ext_CP_Clk_SetModeRegister
                0x00002988       0x3c .\CortexM3\ARM_GCC_473\Debug\FW_Fan_Control01.a(ADC_DelSig_1_Ext_CP_Clk.o)
                0x00002988                ADC_DelSig_1_Ext_CP_Clk_SetModeRegister
 .text.ADC_DelSig_1_Ext_CP_Clk_GetSourceRegister
                0x000029c4       0x20 .\CortexM3\ARM_GCC_473\Debug\FW_Fan_Control01.a(ADC_DelSig_1_Ext_CP_Clk.o)
                0x000029c4                ADC_DelSig_1_Ext_CP_Clk_GetSourceRegister
 .text.ADC_DelSig_1_theACLK_SetDividerRegister
                0x000029e4      0x1e8 .\CortexM3\ARM_GCC_473\Debug\FW_Fan_Control01.a(ADC_DelSig_1_theACLK.o)
                0x000029e4                ADC_DelSig_1_theACLK_SetDividerRegister
 .text.ADC_DelSig_1_theACLK_GetDividerRegister
                0x00002bcc       0x18 .\CortexM3\ARM_GCC_473\Debug\FW_Fan_Control01.a(ADC_DelSig_1_theACLK.o)
                0x00002bcc                ADC_DelSig_1_theACLK_GetDividerRegister
 .text.ADC_DelSig_1_theACLK_SetModeRegister
                0x00002be4       0x3c .\CortexM3\ARM_GCC_473\Debug\FW_Fan_Control01.a(ADC_DelSig_1_theACLK.o)
                0x00002be4                ADC_DelSig_1_theACLK_SetModeRegister
 .text.ADC_DelSig_1_theACLK_GetSourceRegister
                0x00002c20       0x20 .\CortexM3\ARM_GCC_473\Debug\FW_Fan_Control01.a(ADC_DelSig_1_theACLK.o)
                0x00002c20                ADC_DelSig_1_theACLK_GetSourceRegister
 .text          0x00002c40       0x28 .\CortexM3\ARM_GCC_473\Debug\FW_Fan_Control01.a(CyBootAsmGnu.o)
                0x00002c40                CyDelayCycles
                0x00002c54                CyEnterCriticalSection
                0x00002c5c                CyExitCriticalSection
 .text.CyDmacConfigure
                0x00002c68       0x70 .\CortexM3\ARM_GCC_473\Debug\FW_Fan_Control01.a(CyDmac.o)
                0x00002c68                CyDmacConfigure
 .text.CyDmaChEnable
                0x00002cd8       0xbc .\CortexM3\ARM_GCC_473\Debug\FW_Fan_Control01.a(CyDmac.o)
                0x00002cd8                CyDmaChEnable
 .text.CyDmaChPriority
                0x00002d94       0x70 .\CortexM3\ARM_GCC_473\Debug\FW_Fan_Control01.a(CyDmac.o)
                0x00002d94                CyDmaChPriority
 .text.CyDmaChSetExtendedAddress
                0x00002e04       0x88 .\CortexM3\ARM_GCC_473\Debug\FW_Fan_Control01.a(CyDmac.o)
                0x00002e04                CyDmaChSetExtendedAddress
 .text.CyDmaChSetInitialTd
                0x00002e8c       0x44 .\CortexM3\ARM_GCC_473\Debug\FW_Fan_Control01.a(CyDmac.o)
                0x00002e8c                CyDmaChSetInitialTd
 .text.CyDmaChSetConfiguration
                0x00002ed0       0xa4 .\CortexM3\ARM_GCC_473\Debug\FW_Fan_Control01.a(CyDmac.o)
                0x00002ed0                CyDmaChSetConfiguration
 .text.CyDmaTdAllocate
                0x00002f74       0x78 .\CortexM3\ARM_GCC_473\Debug\FW_Fan_Control01.a(CyDmac.o)
                0x00002f74                CyDmaTdAllocate
 .text.CyDmaTdSetConfiguration
                0x00002fec       0x7c .\CortexM3\ARM_GCC_473\Debug\FW_Fan_Control01.a(CyDmac.o)
                0x00002fec                CyDmaTdSetConfiguration
 .text.CyDmaTdSetAddress
                0x00003068       0x68 .\CortexM3\ARM_GCC_473\Debug\FW_Fan_Control01.a(CyDmac.o)
                0x00003068                CyDmaTdSetAddress
 .text.CyHalt   0x000030d0       0x18 .\CortexM3\ARM_GCC_473\Debug\FW_Fan_Control01.a(CyLib.o)
                0x000030d0                CyHalt
 .text.CyDelay  0x000030e8       0x48 .\CortexM3\ARM_GCC_473\Debug\FW_Fan_Control01.a(CyLib.o)
                0x000030e8                CyDelay
 .text.CyDelayUs
                0x00003130       0x28 .\CortexM3\ARM_GCC_473\Debug\FW_Fan_Control01.a(CyLib.o)
                0x00003130                CyDelayUs
 .text.CyIntSetVector
                0x00003158       0x60 .\CortexM3\ARM_GCC_473\Debug\FW_Fan_Control01.a(CyLib.o)
                0x00003158                CyIntSetVector
 .text.CyIntSetPriority
                0x000031b8       0x4c .\CortexM3\ARM_GCC_473\Debug\FW_Fan_Control01.a(CyLib.o)
                0x000031b8                CyIntSetPriority
 .text.Trigger_Timer_Init
                0x00003204       0x58 .\CortexM3\ARM_GCC_473\Debug\FW_Fan_Control01.a(Trigger_Timer.o)
                0x00003204                Trigger_Timer_Init
 .text.Trigger_Timer_Enable
                0x0000325c       0x28 .\CortexM3\ARM_GCC_473\Debug\FW_Fan_Control01.a(Trigger_Timer.o)
                0x0000325c                Trigger_Timer_Enable
 .text.Trigger_Timer_Start
                0x00003284       0x2c .\CortexM3\ARM_GCC_473\Debug\FW_Fan_Control01.a(Trigger_Timer.o)
                0x00003284                Trigger_Timer_Start
 .text.Trigger_Timer_SetInterruptMode
                0x000032b0       0x20 .\CortexM3\ARM_GCC_473\Debug\FW_Fan_Control01.a(Trigger_Timer.o)
                0x000032b0                Trigger_Timer_SetInterruptMode
 .text.Trigger_Timer_ReadStatusRegister
                0x000032d0       0x18 .\CortexM3\ARM_GCC_473\Debug\FW_Fan_Control01.a(Trigger_Timer.o)
                0x000032d0                Trigger_Timer_ReadStatusRegister
 .text.Trigger_Timer_WritePeriod
                0x000032e8       0x20 .\CortexM3\ARM_GCC_473\Debug\FW_Fan_Control01.a(Trigger_Timer.o)
                0x000032e8                Trigger_Timer_WritePeriod
 .text.Trigger_Timer_ReadCapture
                0x00003308       0x18 .\CortexM3\ARM_GCC_473\Debug\FW_Fan_Control01.a(Trigger_Timer.o)
                0x00003308                Trigger_Timer_ReadCapture
 .text.Trigger_Timer_WriteCounter
                0x00003320       0x20 .\CortexM3\ARM_GCC_473\Debug\FW_Fan_Control01.a(Trigger_Timer.o)
                0x00003320                Trigger_Timer_WriteCounter
 .text.Trigger_Timer_ClearFIFO
                0x00003340       0x1c .\CortexM3\ARM_GCC_473\Debug\FW_Fan_Control01.a(Trigger_Timer.o)
                0x00003340                Trigger_Timer_ClearFIFO
 .text.Echo_Timer_Init
                0x0000335c       0x60 .\CortexM3\ARM_GCC_473\Debug\FW_Fan_Control01.a(Echo_Timer.o)
                0x0000335c                Echo_Timer_Init
 .text.Echo_Timer_Enable
                0x000033bc       0x28 .\CortexM3\ARM_GCC_473\Debug\FW_Fan_Control01.a(Echo_Timer.o)
                0x000033bc                Echo_Timer_Enable
 .text.Echo_Timer_Start
                0x000033e4       0x2c .\CortexM3\ARM_GCC_473\Debug\FW_Fan_Control01.a(Echo_Timer.o)
                0x000033e4                Echo_Timer_Start
 .text.Echo_Timer_Stop
                0x00003410       0x28 .\CortexM3\ARM_GCC_473\Debug\FW_Fan_Control01.a(Echo_Timer.o)
                0x00003410                Echo_Timer_Stop
 .text.Echo_Timer_SetInterruptMode
                0x00003438       0x20 .\CortexM3\ARM_GCC_473\Debug\FW_Fan_Control01.a(Echo_Timer.o)
                0x00003438                Echo_Timer_SetInterruptMode
 .text.Echo_Timer_ReadStatusRegister
                0x00003458       0x18 .\CortexM3\ARM_GCC_473\Debug\FW_Fan_Control01.a(Echo_Timer.o)
                0x00003458                Echo_Timer_ReadStatusRegister
 .text.Echo_Timer_WritePeriod
                0x00003470       0x20 .\CortexM3\ARM_GCC_473\Debug\FW_Fan_Control01.a(Echo_Timer.o)
                0x00003470                Echo_Timer_WritePeriod
 .text.Echo_Timer_ReadCapture
                0x00003490       0x18 .\CortexM3\ARM_GCC_473\Debug\FW_Fan_Control01.a(Echo_Timer.o)
                0x00003490                Echo_Timer_ReadCapture
 .text.Echo_Timer_WriteCounter
                0x000034a8       0x20 .\CortexM3\ARM_GCC_473\Debug\FW_Fan_Control01.a(Echo_Timer.o)
                0x000034a8                Echo_Timer_WriteCounter
 .text.Echo_Timer_ReadCounter
                0x000034c8       0x20 .\CortexM3\ARM_GCC_473\Debug\FW_Fan_Control01.a(Echo_Timer.o)
                0x000034c8                Echo_Timer_ReadCounter
 .text.Echo_Timer_ClearFIFO
                0x000034e8       0x1c .\CortexM3\ARM_GCC_473\Debug\FW_Fan_Control01.a(Echo_Timer.o)
                0x000034e8                Echo_Timer_ClearFIFO
 .text.end_echo_IRR_Start
                0x00003504       0x24 .\CortexM3\ARM_GCC_473\Debug\FW_Fan_Control01.a(end_echo_IRR.o)
                0x00003504                end_echo_IRR_Start
 .text.end_echo_IRR_StartEx
                0x00003528       0x28 .\CortexM3\ARM_GCC_473\Debug\FW_Fan_Control01.a(end_echo_IRR.o)
                0x00003528                end_echo_IRR_StartEx
 .text.end_echo_IRR_SetVector
                0x00003550       0x28 .\CortexM3\ARM_GCC_473\Debug\FW_Fan_Control01.a(end_echo_IRR.o)
                0x00003550                end_echo_IRR_SetVector
 .text.end_echo_IRR_SetPriority
                0x00003578       0x28 .\CortexM3\ARM_GCC_473\Debug\FW_Fan_Control01.a(end_echo_IRR.o)
                0x00003578                end_echo_IRR_SetPriority
 .text.end_echo_IRR_Enable
                0x000035a0       0x18 .\CortexM3\ARM_GCC_473\Debug\FW_Fan_Control01.a(end_echo_IRR.o)
                0x000035a0                end_echo_IRR_Enable
 .text.end_echo_IRR_Disable
                0x000035b8       0x18 .\CortexM3\ARM_GCC_473\Debug\FW_Fan_Control01.a(end_echo_IRR.o)
                0x000035b8                end_echo_IRR_Disable
 .text.end_echo_IRR_ClearPending
                0x000035d0       0x18 .\CortexM3\ARM_GCC_473\Debug\FW_Fan_Control01.a(end_echo_IRR.o)
                0x000035d0                end_echo_IRR_ClearPending
 .text.start_echo_IRR_Start
                0x000035e8       0x24 .\CortexM3\ARM_GCC_473\Debug\FW_Fan_Control01.a(start_echo_IRR.o)
                0x000035e8                start_echo_IRR_Start
 .text.start_echo_IRR_StartEx
                0x0000360c       0x28 .\CortexM3\ARM_GCC_473\Debug\FW_Fan_Control01.a(start_echo_IRR.o)
                0x0000360c                start_echo_IRR_StartEx
 .text.start_echo_IRR_SetVector
                0x00003634       0x28 .\CortexM3\ARM_GCC_473\Debug\FW_Fan_Control01.a(start_echo_IRR.o)
                0x00003634                start_echo_IRR_SetVector
 .text.start_echo_IRR_SetPriority
                0x0000365c       0x28 .\CortexM3\ARM_GCC_473\Debug\FW_Fan_Control01.a(start_echo_IRR.o)
                0x0000365c                start_echo_IRR_SetPriority
 .text.start_echo_IRR_Enable
                0x00003684       0x18 .\CortexM3\ARM_GCC_473\Debug\FW_Fan_Control01.a(start_echo_IRR.o)
                0x00003684                start_echo_IRR_Enable
 .text.start_echo_IRR_Disable
                0x0000369c       0x18 .\CortexM3\ARM_GCC_473\Debug\FW_Fan_Control01.a(start_echo_IRR.o)
                0x0000369c                start_echo_IRR_Disable
 .text.start_echo_IRR_ClearPending
                0x000036b4       0x18 .\CortexM3\ARM_GCC_473\Debug\FW_Fan_Control01.a(start_echo_IRR.o)
                0x000036b4                start_echo_IRR_ClearPending
 .text          0x000036cc      0x21c c:/program files (x86)/cypress/psoc creator/3.0/psoc creator/import/gnu_cs/arm/4.7.3/bin/../lib/gcc/arm-none-eabi/4.7.3/armv7-m\libgcc.a(_arm_addsubsf3.o)
                0x000036cc                __aeabi_frsub
                0x000036d4                __subsf3
                0x000036d4                __aeabi_fsub
                0x000036d8                __aeabi_fadd
                0x000036d8                __addsf3
                0x00003838                __aeabi_ui2f
                0x00003838                __floatunsisf
                0x00003840                __aeabi_i2f
                0x00003840                __floatsisf
                0x0000385c                __aeabi_ul2f
                0x0000385c                __floatundisf
                0x0000386c                __aeabi_l2f
                0x0000386c                __floatdisf
 .text          0x000038e8      0x2a0 c:/program files (x86)/cypress/psoc creator/3.0/psoc creator/import/gnu_cs/arm/4.7.3/bin/../lib/gcc/arm-none-eabi/4.7.3/armv7-m\libgcc.a(_arm_muldivsf3.o)
                0x000038e8                __mulsf3
                0x000038e8                __aeabi_fmul
                0x00003a50                __aeabi_fdiv
                0x00003a50                __divsf3
 .text          0x00003b88       0x40 c:/program files (x86)/cypress/psoc creator/3.0/psoc creator/import/gnu_cs/arm/4.7.3/bin/../lib/gcc/arm-none-eabi/4.7.3/armv7-m\libgcc.a(_arm_fixunssfsi.o)
                0x00003b88                __fixunssfsi
                0x00003b88                __aeabi_f2uiz
 .text.__libc_init_array
                0x00003bc8       0x4c c:/program files (x86)/cypress/psoc creator/3.0/psoc creator/import/gnu_cs/arm/4.7.3/bin/../lib/gcc/arm-none-eabi/4.7.3/../../../../arm-none-eabi/lib/armv7-m\libc_s.a(lib_a-init.o)
                0x00003bc8                __libc_init_array
 .text.memcpy   0x00003c14       0x12 c:/program files (x86)/cypress/psoc creator/3.0/psoc creator/import/gnu_cs/arm/4.7.3/bin/../lib/gcc/arm-none-eabi/4.7.3/../../../../arm-none-eabi/lib/armv7-m\libc_s.a(lib_a-memcpy.o)
                0x00003c14                memcpy
 .text.memset   0x00003c26       0x10 c:/program files (x86)/cypress/psoc creator/3.0/psoc creator/import/gnu_cs/arm/4.7.3/bin/../lib/gcc/arm-none-eabi/4.7.3/../../../../arm-none-eabi/lib/armv7-m\libc_s.a(lib_a-memset.o)
                0x00003c26                memset
 *(.plt)
 *(.gnu.warning)
 *(.glue_7t)
 .glue_7t       0x00000000        0x0 linker stubs
 *(.glue_7)
 .glue_7        0x00000000        0x0 linker stubs
 *(.vfp11_veneer)
 .vfp11_veneer  0x00000000        0x0 linker stubs
 *(.bootloader)
 *(.ARM.extab* .gnu.linkonce.armextab.*)
 *(.gcc_except_table)

.v4_bx          0x00003c38        0x0
 .v4_bx         0x00000000        0x0 linker stubs

.iplt           0x00003c38        0x0
 .iplt          0x00000000        0x0 c:/program files (x86)/cypress/psoc creator/3.0/psoc creator/import/gnu_cs/arm/4.7.3/bin/../lib/gcc/arm-none-eabi/4.7.3/armv7-m/crtbegin.o

.eh_frame_hdr
 *(.eh_frame_hdr)

.eh_frame       0x00003c38        0x4
 *(.eh_frame)
 .eh_frame      0x00003c38        0x0 c:/program files (x86)/cypress/psoc creator/3.0/psoc creator/import/gnu_cs/arm/4.7.3/bin/../lib/gcc/arm-none-eabi/4.7.3/armv7-m/crtbegin.o
 .eh_frame      0x00003c38        0x4 c:/program files (x86)/cypress/psoc creator/3.0/psoc creator/import/gnu_cs/arm/4.7.3/bin/../lib/gcc/arm-none-eabi/4.7.3/armv7-m/crtend.o
                0x00003c3c                PROVIDE (__exidx_start, .)

.ARM.exidx
 *(.ARM.exidx* .gnu.linkonce.armexidx.*)
                0x00003c3c                __exidx_end = .

.rodata         0x00003c3c      0x194
 *(.rodata .rodata.* .gnu.linkonce.r.*)
 .rodata        0x00003c3c      0x144 .\CortexM3\ARM_GCC_473\Debug\FW_Fan_Control01.a(cyfitter_cfg.o)
                0x00003c3c                ADC_DelSig_1_AMux__addrTable
                0x00003c44                ADC_DelSig_1_AMux__maskTable
 .rodata        0x00003d80       0x10 .\CortexM3\ARM_GCC_473\Debug\FW_Fan_Control01.a(LCD.o)
 .rodata        0x00003d90        0xc .\CortexM3\ARM_GCC_473\Debug\FW_Fan_Control01.a(FanController.o)
                0x00003d90                FanController_fanDriverRegs
                0x00003d94                FanController_fanPwmInitRegs
                0x00003d9c                . = ALIGN (0x4)
 *(.init)
 .init          0x00003d9c        0x4 c:/program files (x86)/cypress/psoc creator/3.0/psoc creator/import/gnu_cs/arm/4.7.3/bin/../lib/gcc/arm-none-eabi/4.7.3/armv7-m/crti.o
                0x00003d9c                _init
 .init          0x00003da0        0x8 c:/program files (x86)/cypress/psoc creator/3.0/psoc creator/import/gnu_cs/arm/4.7.3/bin/../lib/gcc/arm-none-eabi/4.7.3/armv7-m/crtn.o
                0x00003da8                . = ALIGN (0x4)
                0x00003da8                __preinit_array_start = .
 *(.preinit_array)
                0x00003da8                __preinit_array_end = .
                0x00003da8                . = ALIGN (0x4)
                0x00003da8                __init_array_start = .
 *(SORT(.init_array.*))
 *(.init_array)
 .init_array    0x00003da8        0x4 c:/program files (x86)/cypress/psoc creator/3.0/psoc creator/import/gnu_cs/arm/4.7.3/bin/../lib/gcc/arm-none-eabi/4.7.3/armv7-m/crtbegin.o
 .init_array    0x00003dac        0x4 .\CortexM3\ARM_GCC_473\Debug\Cm3Start.o
                0x00003db0                __init_array_end = .
                0x00003db0                . = ALIGN (0x4)
 *(.fini)
 .fini          0x00003db0        0x4 c:/program files (x86)/cypress/psoc creator/3.0/psoc creator/import/gnu_cs/arm/4.7.3/bin/../lib/gcc/arm-none-eabi/4.7.3/armv7-m/crti.o
                0x00003db0                _fini
 .fini          0x00003db4        0x8 c:/program files (x86)/cypress/psoc creator/3.0/psoc creator/import/gnu_cs/arm/4.7.3/bin/../lib/gcc/arm-none-eabi/4.7.3/armv7-m/crtn.o
                0x00003dbc                . = ALIGN (0x4)
                0x00003dbc                __fini_array_start = .
 *(.fini_array)
 .fini_array    0x00003dbc        0x4 c:/program files (x86)/cypress/psoc creator/3.0/psoc creator/import/gnu_cs/arm/4.7.3/bin/../lib/gcc/arm-none-eabi/4.7.3/armv7-m/crtbegin.o
 *(SORT(.fini_array.*))
                0x00003dc0                __fini_array_end = .
                0x00003dc0                . = ALIGN (0x4)
 *crtbegin.o(.ctors)
 *(EXCLUDE_FILE(*crtend.o) .ctors)
 *(SORT(.ctors.*))
 *crtend.o(.ctors)
                0x00003dc0                . = ALIGN (0x4)
 *crtbegin.o(.dtors)
 *(EXCLUDE_FILE(*crtend.o) .dtors)
 *(SORT(.dtors.*))
 *crtend.o(.dtors)
                0x00003dc0                . = ALIGN (0x4)
                0x00003dc0                __cy_regions = .
                0x00003dc0        0x4 LONG 0x3dd0 __cy_region_init_ram
                0x00003dc4        0x4 LONG 0x1fff8108 __cy_region_start_data
                0x00003dc8        0x4 LONG 0x38 __cy_region_init_size_ram
                0x00003dcc        0x4 LONG 0x60 __cy_region_zero_size_ram
                0x00003dd0                __cy_regions_end = .
                0x00003dd0                . = ALIGN (0x8)
                0x00003dd0                _etext = .

.ramvectors     0x1fff8000      0x100
                0x1fff8000                __cy_region_start_ram = .
 *(.ramvectors)
 .ramvectors    0x1fff8000      0x100 .\CortexM3\ARM_GCC_473\Debug\Cm3Start.o
                0x1fff8000                CyRamVectors

.noinit         0x1fff8100        0x5
 *(.noinit)
 .noinit        0x1fff8100        0x4 .\CortexM3\ARM_GCC_473\Debug\Cm3Start.o
 .noinit        0x1fff8104        0x1 .\CortexM3\ARM_GCC_473\Debug\FW_Fan_Control01.a(CyLib.o)
                0x1fff8104                CyResetStatus

.data           0x1fff8108       0x38 load address 0x00003dd0
                0x1fff8108                __cy_region_start_data = .
 *(.jcr)
 .jcr           0x1fff8108        0x0 c:/program files (x86)/cypress/psoc creator/3.0/psoc creator/import/gnu_cs/arm/4.7.3/bin/../lib/gcc/arm-none-eabi/4.7.3/armv7-m/crtbegin.o
 .jcr           0x1fff8108        0x4 c:/program files (x86)/cypress/psoc creator/3.0/psoc creator/import/gnu_cs/arm/4.7.3/bin/../lib/gcc/arm-none-eabi/4.7.3/armv7-m/crtend.o
 *(.got.plt)
 *(.got)
 *(.shdata)
 *(.data .data.* .gnu.linkonce.d.*)
 .data          0x1fff810c        0x4 .\CortexM3\ARM_GCC_473\Debug\main.o
                0x1fff810c                min
 .data          0x1fff8110       0x10 .\CortexM3\ARM_GCC_473\Debug\FW_Fan_Control01.a(FanController.o)
                0x1fff8110                FanController_fanProperties
 .data          0x1fff8120        0x1 .\CortexM3\ARM_GCC_473\Debug\FW_Fan_Control01.a(ADC_DelSig_1.o)
                0x1fff8120                ADC_DelSig_1_Config
 .data          0x1fff8121        0x1 .\CortexM3\ARM_GCC_473\Debug\FW_Fan_Control01.a(ADC_DelSig_1_AMux.o)
 *fill*         0x1fff8122        0x2 00
 .data          0x1fff8124        0x8 .\CortexM3\ARM_GCC_473\Debug\FW_Fan_Control01.a(CyDmac.o)
 .data          0x1fff812c       0x10 .\CortexM3\ARM_GCC_473\Debug\FW_Fan_Control01.a(CyLib.o)
                0x1fff812c                cydelay_freq_hz
                0x1fff8130                cydelay_freq_khz
                0x1fff8134                cydelay_freq_mhz
                0x1fff8138                cydelay_32k_ms
                0x1fff8140                . = ALIGN (0x8)
 *fill*         0x1fff813c        0x4 00
 *(.ram)
                0x1fff8140                _edata = .

.igot.plt       0x1fff8140        0x0 load address 0x00003e08
 .igot.plt      0x00000000        0x0 c:/program files (x86)/cypress/psoc creator/3.0/psoc creator/import/gnu_cs/arm/4.7.3/bin/../lib/gcc/arm-none-eabi/4.7.3/armv7-m/crtbegin.o

.bss            0x1fff8140       0x60 load address 0x00003e08
                0x1fff8140                PROVIDE (__bss_start__, .)
 *(.shbss)
 *(.bss .bss.* .gnu.linkonce.b.*)
 .bss           0x1fff8140       0x1c c:/program files (x86)/cypress/psoc creator/3.0/psoc creator/import/gnu_cs/arm/4.7.3/bin/../lib/gcc/arm-none-eabi/4.7.3/armv7-m/crtbegin.o
 .bss           0x1fff815c        0x8 .\CortexM3\ARM_GCC_473\Debug\main.o
                0x1fff815c                echo
                0x1fff8160                max
 *fill*         0x1fff8164        0x4 00
 .bss           0x1fff8168        0x8 .\CortexM3\ARM_GCC_473\Debug\FW_Fan_Control01.a(cyfitter_cfg.o)
 .bss           0x1fff8170        0x8 .\CortexM3\ARM_GCC_473\Debug\FW_Fan_Control01.a(FanController.o)
                0x1fff8170                FanController_initVar
 .bss           0x1fff8178       0x14 .\CortexM3\ARM_GCC_473\Debug\FW_Fan_Control01.a(ADC_DelSig_1.o)
                0x1fff8178                ADC_DelSig_1_convDone
                0x1fff8179                ADC_DelSig_1_stopConversion
                0x1fff817a                ADC_DelSig_1_initVar
                0x1fff817b                ADC_DelSig_1_started
 .bss           0x1fff818c        0x1 .\CortexM3\ARM_GCC_473\Debug\FW_Fan_Control01.a(Trigger_Timer.o)
                0x1fff818c                Trigger_Timer_initVar
 .bss           0x1fff818d        0x1 .\CortexM3\ARM_GCC_473\Debug\FW_Fan_Control01.a(Echo_Timer.o)
                0x1fff818d                Echo_Timer_initVar
 *(COMMON)
 *fill*         0x1fff818e        0x2 00
 COMMON         0x1fff8190        0x2 .\CortexM3\ARM_GCC_473\Debug\FW_Fan_Control01.a(FanController.o)
                0x1fff8190                FanController_fanControl
 *fill*         0x1fff8192        0x2 00
 COMMON         0x1fff8194        0x8 .\CortexM3\ARM_GCC_473\Debug\FW_Fan_Control01.a(ADC_DelSig_1.o)
                0x1fff8194                ADC_DelSig_1_CountsPerVolt
                0x1fff8198                ADC_DelSig_1_Offset
                0x1fff81a0                . = ALIGN (0x8)
 *fill*         0x1fff819c        0x4 00
 *(.ram.b)
                0x1fff81a0                _end = .
                0x1fff81a0                __end = .
                0x1fff81a0                PROVIDE (end, .)
                0x1fff81a0                PROVIDE (__bss_end__, .)
                0x00003dd0                __cy_region_init_ram = LOADADDR (.data)
                0x00000038                __cy_region_init_size_ram = (_edata - ADDR (.data))
                0x00000060                __cy_region_zero_size_ram = (_end - _edata)

.heap           0x1fff81a0     0x1000 load address 0x00003e08
                0x1fff81a0                . = _end
                0x1fff91a0                . = (. + 0x1000)
 *fill*         0x1fff81a0     0x1000 00
                0x1fff91a0                __cy_heap_limit = .

.stack          0x20004000     0x4000
                0x20004000                __cy_stack_limit = .
                0x20008000                . = (. + 0x4000)
 *fill*         0x20004000     0x4000 00
                0x00000001                ASSERT ((__cy_stack_limit >= __cy_heap_limit), region RAM overflowed with stack)

.cyloadermeta
 *(.cyloadermeta)

.cyloadablemeta
 *(.cyloadablemeta)

.cyconfigecc    0x80000000     0x1928
 *(.cyconfigecc)
 .cyconfigecc   0x80000000     0x1928 .\CortexM3\ARM_GCC_473\Debug\cymetadata.o
                0x80000000                cy_meta_configecc

.cycustnvl      0x90000000        0x4
 *(.cycustnvl)
 .cycustnvl     0x90000000        0x4 .\CortexM3\ARM_GCC_473\Debug\cymetadata.o
                0x90000000                cy_meta_custnvl

.cywolatch      0x90100000        0x4
 *(.cywolatch)
 .cywolatch     0x90100000        0x4 .\CortexM3\ARM_GCC_473\Debug\cymetadata.o
                0x90100000                cy_meta_wonvl

.cyeeprom       0x90200000        0x0
 *(.cyeeprom)
                0x00000001                ASSERT ((. <= ((0x90200000 + ee_offset) + ee_size)), .cyeeprom data will not fit in EEPROM)

.cyflashprotect
                0x90400000      0x100
 *(.cyflashprotect)
 .cyflashprotect
                0x90400000      0x100 .\CortexM3\ARM_GCC_473\Debug\cymetadata.o
                0x90400000                cy_meta_flashprotect

.cymeta         0x90500000        0xc
 *(.cymeta)
 .cymeta        0x90500000        0xc .\CortexM3\ARM_GCC_473\Debug\cymetadata.o
                0x90500000                cy_metadata

.rel.dyn        0x00003e08        0x0 load address 0x9050000c
 .rel.iplt      0x00000000        0x0 c:/program files (x86)/cypress/psoc creator/3.0/psoc creator/import/gnu_cs/arm/4.7.3/bin/../lib/gcc/arm-none-eabi/4.7.3/armv7-m/crtbegin.o

.stab
 *(.stab)

.stabstr
 *(.stabstr)

.debug
 *(.debug)

.line
 *(.line)

.debug_srcinfo
 *(.debug_srcinfo)

.debug_sfnames
 *(.debug_sfnames)

.debug_aranges  0x00000000      0xb50
 *(.debug_aranges)
 .debug_aranges
                0x00000000       0x30 .\CortexM3\ARM_GCC_473\Debug\main.o
 .debug_aranges
                0x00000030       0x18 .\CortexM3\ARM_GCC_473\Debug\cymetadata.o
 .debug_aranges
                0x00000048       0x40 .\CortexM3\ARM_GCC_473\Debug\Cm3Start.o
 .debug_aranges
                0x00000088       0x70 .\CortexM3\ARM_GCC_473\Debug\FW_Fan_Control01.a(cyfitter_cfg.o)
 .debug_aranges
                0x000000f8       0x98 .\CortexM3\ARM_GCC_473\Debug\FW_Fan_Control01.a(LCD.o)
 .debug_aranges
                0x00000190       0xb0 .\CortexM3\ARM_GCC_473\Debug\FW_Fan_Control01.a(FanController.o)
 .debug_aranges
                0x00000240       0x40 .\CortexM3\ARM_GCC_473\Debug\FW_Fan_Control01.a(EOC_SR.o)
 .debug_aranges
                0x00000280       0xe8 .\CortexM3\ARM_GCC_473\Debug\FW_Fan_Control01.a(ADC_DelSig_1.o)
 .debug_aranges
                0x00000368       0x38 .\CortexM3\ARM_GCC_473\Debug\FW_Fan_Control01.a(ADC_DelSig_1_INT.o)
 .debug_aranges
                0x000003a0       0x30 .\CortexM3\ARM_GCC_473\Debug\FW_Fan_Control01.a(ADC_DelSig_1_AMux.o)
 .debug_aranges
                0x000003d0       0x70 .\CortexM3\ARM_GCC_473\Debug\FW_Fan_Control01.a(ADC_DelSig_1_Ext_CP_Clk.o)
 .debug_aranges
                0x00000440       0x80 .\CortexM3\ARM_GCC_473\Debug\FW_Fan_Control01.a(ADC_DelSig_1_theACLK.o)
 .debug_aranges
                0x000004c0       0x20 .\CortexM3\ARM_GCC_473\Debug\FW_Fan_Control01.a(CyBootAsmGnu.o)
 .debug_aranges
                0x000004e0       0xd8 .\CortexM3\ARM_GCC_473\Debug\FW_Fan_Control01.a(CyDmac.o)
 .debug_aranges
                0x000005b8      0x218 .\CortexM3\ARM_GCC_473\Debug\FW_Fan_Control01.a(CyLib.o)
 .debug_aranges
                0x000007d0       0x90 .\CortexM3\ARM_GCC_473\Debug\FW_Fan_Control01.a(cyPm.o)
 .debug_aranges
                0x00000860       0x90 .\CortexM3\ARM_GCC_473\Debug\FW_Fan_Control01.a(Trigger_Timer.o)
 .debug_aranges
                0x000008f0       0x90 .\CortexM3\ARM_GCC_473\Debug\FW_Fan_Control01.a(Echo_Timer.o)
 .debug_aranges
                0x00000980       0x78 .\CortexM3\ARM_GCC_473\Debug\FW_Fan_Control01.a(end_echo_IRR.o)
 .debug_aranges
                0x000009f8       0x78 .\CortexM3\ARM_GCC_473\Debug\FW_Fan_Control01.a(start_echo_IRR.o)
 .debug_aranges
                0x00000a70       0x78 .\CortexM3\ARM_GCC_473\Debug\FW_Fan_Control01.a(CyFlash.o)
 .debug_aranges
                0x00000ae8       0x68 .\CortexM3\ARM_GCC_473\Debug\FW_Fan_Control01.a(CySpc.o)

.debug_pubnames
 *(.debug_pubnames)

.debug_info     0x00000000     0x5311
 *(.debug_info .gnu.linkonce.wi.*)
 .debug_info    0x00000000      0x1c7 .\CortexM3\ARM_GCC_473\Debug\main.o
 .debug_info    0x000001c7      0x143 .\CortexM3\ARM_GCC_473\Debug\cymetadata.o
 .debug_info    0x0000030a      0x2ea .\CortexM3\ARM_GCC_473\Debug\Cm3Start.o
 .debug_info    0x000005f4      0x493 .\CortexM3\ARM_GCC_473\Debug\FW_Fan_Control01.a(cyfitter_cfg.o)
 .debug_info    0x00000a87      0x408 .\CortexM3\ARM_GCC_473\Debug\FW_Fan_Control01.a(LCD.o)
 .debug_info    0x00000e8f      0x66e .\CortexM3\ARM_GCC_473\Debug\FW_Fan_Control01.a(FanController.o)
 .debug_info    0x000014fd      0x156 .\CortexM3\ARM_GCC_473\Debug\FW_Fan_Control01.a(EOC_SR.o)
 .debug_info    0x00001653      0x7a9 .\CortexM3\ARM_GCC_473\Debug\FW_Fan_Control01.a(ADC_DelSig_1.o)
 .debug_info    0x00001dfc       0xe4 .\CortexM3\ARM_GCC_473\Debug\FW_Fan_Control01.a(ADC_DelSig_1_INT.o)
 .debug_info    0x00001ee0      0x11c .\CortexM3\ARM_GCC_473\Debug\FW_Fan_Control01.a(ADC_DelSig_1_AMux.o)
 .debug_info    0x00001ffc      0x294 .\CortexM3\ARM_GCC_473\Debug\FW_Fan_Control01.a(ADC_DelSig_1_Ext_CP_Clk.o)
 .debug_info    0x00002290      0x2da .\CortexM3\ARM_GCC_473\Debug\FW_Fan_Control01.a(ADC_DelSig_1_theACLK.o)
 .debug_info    0x0000256a       0xa2 .\CortexM3\ARM_GCC_473\Debug\FW_Fan_Control01.a(CyBootAsmGnu.o)
 .debug_info    0x0000260c      0x93a .\CortexM3\ARM_GCC_473\Debug\FW_Fan_Control01.a(CyDmac.o)
 .debug_info    0x00002f46      0xcd7 .\CortexM3\ARM_GCC_473\Debug\FW_Fan_Control01.a(CyLib.o)
 .debug_info    0x00003c1d      0x5c3 .\CortexM3\ARM_GCC_473\Debug\FW_Fan_Control01.a(cyPm.o)
 .debug_info    0x000041e0      0x2a0 .\CortexM3\ARM_GCC_473\Debug\FW_Fan_Control01.a(Trigger_Timer.o)
 .debug_info    0x00004480      0x2a0 .\CortexM3\ARM_GCC_473\Debug\FW_Fan_Control01.a(Echo_Timer.o)
 .debug_info    0x00004720      0x262 .\CortexM3\ARM_GCC_473\Debug\FW_Fan_Control01.a(end_echo_IRR.o)
 .debug_info    0x00004982      0x262 .\CortexM3\ARM_GCC_473\Debug\FW_Fan_Control01.a(start_echo_IRR.o)
 .debug_info    0x00004be4      0x354 .\CortexM3\ARM_GCC_473\Debug\FW_Fan_Control01.a(CyFlash.o)
 .debug_info    0x00004f38      0x3d9 .\CortexM3\ARM_GCC_473\Debug\FW_Fan_Control01.a(CySpc.o)

.debug_abbrev   0x00000000     0x18be
 *(.debug_abbrev)
 .debug_abbrev  0x00000000       0xcd .\CortexM3\ARM_GCC_473\Debug\main.o
 .debug_abbrev  0x000000cd       0x77 .\CortexM3\ARM_GCC_473\Debug\cymetadata.o
 .debug_abbrev  0x00000144      0x175 .\CortexM3\ARM_GCC_473\Debug\Cm3Start.o
 .debug_abbrev  0x000002b9      0x189 .\CortexM3\ARM_GCC_473\Debug\FW_Fan_Control01.a(cyfitter_cfg.o)
 .debug_abbrev  0x00000442      0x122 .\CortexM3\ARM_GCC_473\Debug\FW_Fan_Control01.a(LCD.o)
 .debug_abbrev  0x00000564      0x1e0 .\CortexM3\ARM_GCC_473\Debug\FW_Fan_Control01.a(FanController.o)
 .debug_abbrev  0x00000744       0xac .\CortexM3\ARM_GCC_473\Debug\FW_Fan_Control01.a(EOC_SR.o)
 .debug_abbrev  0x000007f0      0x192 .\CortexM3\ARM_GCC_473\Debug\FW_Fan_Control01.a(ADC_DelSig_1.o)
 .debug_abbrev  0x00000982       0x44 .\CortexM3\ARM_GCC_473\Debug\FW_Fan_Control01.a(ADC_DelSig_1_INT.o)
 .debug_abbrev  0x000009c6       0x71 .\CortexM3\ARM_GCC_473\Debug\FW_Fan_Control01.a(ADC_DelSig_1_AMux.o)
 .debug_abbrev  0x00000a37      0x11f .\CortexM3\ARM_GCC_473\Debug\FW_Fan_Control01.a(ADC_DelSig_1_Ext_CP_Clk.o)
 .debug_abbrev  0x00000b56      0x11f .\CortexM3\ARM_GCC_473\Debug\FW_Fan_Control01.a(ADC_DelSig_1_theACLK.o)
 .debug_abbrev  0x00000c75       0x14 .\CortexM3\ARM_GCC_473\Debug\FW_Fan_Control01.a(CyBootAsmGnu.o)
 .debug_abbrev  0x00000c89      0x189 .\CortexM3\ARM_GCC_473\Debug\FW_Fan_Control01.a(CyDmac.o)
 .debug_abbrev  0x00000e12      0x207 .\CortexM3\ARM_GCC_473\Debug\FW_Fan_Control01.a(CyLib.o)
 .debug_abbrev  0x00001019      0x170 .\CortexM3\ARM_GCC_473\Debug\FW_Fan_Control01.a(cyPm.o)
 .debug_abbrev  0x00001189      0x11d .\CortexM3\ARM_GCC_473\Debug\FW_Fan_Control01.a(Trigger_Timer.o)
 .debug_abbrev  0x000012a6      0x11d .\CortexM3\ARM_GCC_473\Debug\FW_Fan_Control01.a(Echo_Timer.o)
 .debug_abbrev  0x000013c3      0x115 .\CortexM3\ARM_GCC_473\Debug\FW_Fan_Control01.a(end_echo_IRR.o)
 .debug_abbrev  0x000014d8      0x115 .\CortexM3\ARM_GCC_473\Debug\FW_Fan_Control01.a(start_echo_IRR.o)
 .debug_abbrev  0x000015ed      0x172 .\CortexM3\ARM_GCC_473\Debug\FW_Fan_Control01.a(CyFlash.o)
 .debug_abbrev  0x0000175f      0x15f .\CortexM3\ARM_GCC_473\Debug\FW_Fan_Control01.a(CySpc.o)

.debug_line     0x00000000     0x2a5f
 *(.debug_line)
 .debug_line    0x00000000      0x169 .\CortexM3\ARM_GCC_473\Debug\main.o
 .debug_line    0x00000169       0x53 .\CortexM3\ARM_GCC_473\Debug\cymetadata.o
 .debug_line    0x000001bc      0x1af .\CortexM3\ARM_GCC_473\Debug\Cm3Start.o
 .debug_line    0x0000036b      0x25e .\CortexM3\ARM_GCC_473\Debug\FW_Fan_Control01.a(cyfitter_cfg.o)
 .debug_line    0x000005c9      0x214 .\CortexM3\ARM_GCC_473\Debug\FW_Fan_Control01.a(LCD.o)
 .debug_line    0x000007dd      0x2ad .\CortexM3\ARM_GCC_473\Debug\FW_Fan_Control01.a(FanController.o)
 .debug_line    0x00000a8a       0xac .\CortexM3\ARM_GCC_473\Debug\FW_Fan_Control01.a(EOC_SR.o)
 .debug_line    0x00000b36      0x3db .\CortexM3\ARM_GCC_473\Debug\FW_Fan_Control01.a(ADC_DelSig_1.o)
 .debug_line    0x00000f11       0x97 .\CortexM3\ARM_GCC_473\Debug\FW_Fan_Control01.a(ADC_DelSig_1_INT.o)
 .debug_line    0x00000fa8       0xa8 .\CortexM3\ARM_GCC_473\Debug\FW_Fan_Control01.a(ADC_DelSig_1_AMux.o)
 .debug_line    0x00001050      0x1ae .\CortexM3\ARM_GCC_473\Debug\FW_Fan_Control01.a(ADC_DelSig_1_Ext_CP_Clk.o)
 .debug_line    0x000011fe      0x1cf .\CortexM3\ARM_GCC_473\Debug\FW_Fan_Control01.a(ADC_DelSig_1_theACLK.o)
 .debug_line    0x000013cd       0x68 .\CortexM3\ARM_GCC_473\Debug\FW_Fan_Control01.a(CyBootAsmGnu.o)
 .debug_line    0x00001435      0x2bc .\CortexM3\ARM_GCC_473\Debug\FW_Fan_Control01.a(CyDmac.o)
 .debug_line    0x000016f1      0x73b .\CortexM3\ARM_GCC_473\Debug\FW_Fan_Control01.a(CyLib.o)
 .debug_line    0x00001e2c      0x370 .\CortexM3\ARM_GCC_473\Debug\FW_Fan_Control01.a(cyPm.o)
 .debug_line    0x0000219c      0x17c .\CortexM3\ARM_GCC_473\Debug\FW_Fan_Control01.a(Trigger_Timer.o)
 .debug_line    0x00002318      0x179 .\CortexM3\ARM_GCC_473\Debug\FW_Fan_Control01.a(Echo_Timer.o)
 .debug_line    0x00002491      0x136 .\CortexM3\ARM_GCC_473\Debug\FW_Fan_Control01.a(end_echo_IRR.o)
 .debug_line    0x000025c7      0x148 .\CortexM3\ARM_GCC_473\Debug\FW_Fan_Control01.a(start_echo_IRR.o)
 .debug_line    0x0000270f      0x1a9 .\CortexM3\ARM_GCC_473\Debug\FW_Fan_Control01.a(CyFlash.o)
 .debug_line    0x000028b8      0x1a7 .\CortexM3\ARM_GCC_473\Debug\FW_Fan_Control01.a(CySpc.o)

.debug_frame    0x00000000     0x29f0
 *(.debug_frame)
 .debug_frame   0x00000000       0x68 .\CortexM3\ARM_GCC_473\Debug\main.o
 .debug_frame   0x00000068       0xa4 .\CortexM3\ARM_GCC_473\Debug\Cm3Start.o
 .debug_frame   0x0000010c      0x158 .\CortexM3\ARM_GCC_473\Debug\FW_Fan_Control01.a(cyfitter_cfg.o)
 .debug_frame   0x00000264      0x200 .\CortexM3\ARM_GCC_473\Debug\FW_Fan_Control01.a(LCD.o)
 .debug_frame   0x00000464      0x250 .\CortexM3\ARM_GCC_473\Debug\FW_Fan_Control01.a(FanController.o)
 .debug_frame   0x000006b4       0xa4 .\CortexM3\ARM_GCC_473\Debug\FW_Fan_Control01.a(EOC_SR.o)
 .debug_frame   0x00000758      0x31c .\CortexM3\ARM_GCC_473\Debug\FW_Fan_Control01.a(ADC_DelSig_1.o)
 .debug_frame   0x00000a74       0x80 .\CortexM3\ARM_GCC_473\Debug\FW_Fan_Control01.a(ADC_DelSig_1_INT.o)
 .debug_frame   0x00000af4       0x70 .\CortexM3\ARM_GCC_473\Debug\FW_Fan_Control01.a(ADC_DelSig_1_AMux.o)
 .debug_frame   0x00000b64      0x14c .\CortexM3\ARM_GCC_473\Debug\FW_Fan_Control01.a(ADC_DelSig_1_Ext_CP_Clk.o)
 .debug_frame   0x00000cb0      0x184 .\CortexM3\ARM_GCC_473\Debug\FW_Fan_Control01.a(ADC_DelSig_1_theACLK.o)
 .debug_frame   0x00000e34      0x2c0 .\CortexM3\ARM_GCC_473\Debug\FW_Fan_Control01.a(CyDmac.o)
 .debug_frame   0x000010f4      0x778 .\CortexM3\ARM_GCC_473\Debug\FW_Fan_Control01.a(CyLib.o)
 .debug_frame   0x0000186c      0x1d0 .\CortexM3\ARM_GCC_473\Debug\FW_Fan_Control01.a(cyPm.o)
 .debug_frame   0x00001a3c      0x1b8 .\CortexM3\ARM_GCC_473\Debug\FW_Fan_Control01.a(Trigger_Timer.o)
 .debug_frame   0x00001bf4      0x1b8 .\CortexM3\ARM_GCC_473\Debug\FW_Fan_Control01.a(Echo_Timer.o)
 .debug_frame   0x00001dac      0x164 .\CortexM3\ARM_GCC_473\Debug\FW_Fan_Control01.a(end_echo_IRR.o)
 .debug_frame   0x00001f10      0x164 .\CortexM3\ARM_GCC_473\Debug\FW_Fan_Control01.a(start_echo_IRR.o)
 .debug_frame   0x00002074      0x178 .\CortexM3\ARM_GCC_473\Debug\FW_Fan_Control01.a(CyFlash.o)
 .debug_frame   0x000021ec      0x13c .\CortexM3\ARM_GCC_473\Debug\FW_Fan_Control01.a(CySpc.o)
 .debug_frame   0x00002328       0x28 c:/program files (x86)/cypress/psoc creator/3.0/psoc creator/import/gnu_cs/arm/4.7.3/bin/../lib/gcc/arm-none-eabi/4.7.3/../../../../arm-none-eabi/lib/armv7-m\libc_s.a(lib_a-__atexit2.o)
 .debug_frame   0x00002350       0x28 c:/program files (x86)/cypress/psoc creator/3.0/psoc creator/import/gnu_cs/arm/4.7.3/bin/../lib/gcc/arm-none-eabi/4.7.3/../../../../arm-none-eabi/lib/armv7-m\libc_s.a(lib_a-exit.o)
 .debug_frame   0x00002378       0x2c c:/program files (x86)/cypress/psoc creator/3.0/psoc creator/import/gnu_cs/arm/4.7.3/bin/../lib/gcc/arm-none-eabi/4.7.3/../../../../arm-none-eabi/lib/armv7-m\libc_s.a(lib_a-fini.o)
 .debug_frame   0x000023a4       0x2c c:/program files (x86)/cypress/psoc creator/3.0/psoc creator/import/gnu_cs/arm/4.7.3/bin/../lib/gcc/arm-none-eabi/4.7.3/../../../../arm-none-eabi/lib/armv7-m\libc_s.a(lib_a-init.o)
 .debug_frame   0x000023d0       0x28 c:/program files (x86)/cypress/psoc creator/3.0/psoc creator/import/gnu_cs/arm/4.7.3/bin/../lib/gcc/arm-none-eabi/4.7.3/../../../../arm-none-eabi/lib/armv7-m\libc_s.a(lib_a-memcpy.o)
 .debug_frame   0x000023f8       0x20 c:/program files (x86)/cypress/psoc creator/3.0/psoc creator/import/gnu_cs/arm/4.7.3/bin/../lib/gcc/arm-none-eabi/4.7.3/../../../../arm-none-eabi/lib/armv7-m\libc_s.a(lib_a-memset.o)
 .debug_frame   0x00002418       0x80 c:/program files (x86)/cypress/psoc creator/3.0/psoc creator/import/gnu_cs/arm/4.7.3/bin/../lib/gcc/arm-none-eabi/4.7.3/../../../../arm-none-eabi/lib/armv7-m\libc_s.a(lib_a-vfprintf_float.o)
 .debug_frame   0x00002498       0x58 c:/program files (x86)/cypress/psoc creator/3.0/psoc creator/import/gnu_cs/arm/4.7.3/bin/../lib/gcc/arm-none-eabi/4.7.3/../../../../arm-none-eabi/lib/armv7-m\libc_s.a(lib_a-vfprintf_i.o)
 .debug_frame   0x000024f0       0x68 c:/program files (x86)/cypress/psoc creator/3.0/psoc creator/import/gnu_cs/arm/4.7.3/bin/../lib/gcc/arm-none-eabi/4.7.3/../../../../arm-none-eabi/lib/armv7-m\libc_s.a(lib_a-dtoa.o)
 .debug_frame   0x00002558       0x98 c:/program files (x86)/cypress/psoc creator/3.0/psoc creator/import/gnu_cs/arm/4.7.3/bin/../lib/gcc/arm-none-eabi/4.7.3/../../../../arm-none-eabi/lib/armv7-m\libc_s.a(lib_a-locale.o)
 .debug_frame   0x000025f0       0x30 c:/program files (x86)/cypress/psoc creator/3.0/psoc creator/import/gnu_cs/arm/4.7.3/bin/../lib/gcc/arm-none-eabi/4.7.3/../../../../arm-none-eabi/lib/armv7-m\libc_s.a(lib_a-malloc.o)
 .debug_frame   0x00002620       0x2c c:/program files (x86)/cypress/psoc creator/3.0/psoc creator/import/gnu_cs/arm/4.7.3/bin/../lib/gcc/arm-none-eabi/4.7.3/../../../../arm-none-eabi/lib/armv7-m\libc_s.a(lib_a-mallocr.o)
 .debug_frame   0x0000264c      0x23c c:/program files (x86)/cypress/psoc creator/3.0/psoc creator/import/gnu_cs/arm/4.7.3/bin/../lib/gcc/arm-none-eabi/4.7.3/../../../../arm-none-eabi/lib/armv7-m\libc_s.a(lib_a-mprec.o)
 .debug_frame   0x00002888       0x20 c:/program files (x86)/cypress/psoc creator/3.0/psoc creator/import/gnu_cs/arm/4.7.3/bin/../lib/gcc/arm-none-eabi/4.7.3/../../../../arm-none-eabi/lib/armv7-m\libc_s.a(lib_a-s_fpclassify.o)
 .debug_frame   0x000028a8       0x2c c:/program files (x86)/cypress/psoc creator/3.0/psoc creator/import/gnu_cs/arm/4.7.3/bin/../lib/gcc/arm-none-eabi/4.7.3/../../../../arm-none-eabi/lib/armv7-m\libc_s.a(lib_a-sbrkr.o)
 .debug_frame   0x000028d4       0x20 c:/program files (x86)/cypress/psoc creator/3.0/psoc creator/import/gnu_cs/arm/4.7.3/bin/../lib/gcc/arm-none-eabi/4.7.3/../../../../arm-none-eabi/lib/armv7-m\libc_s.a(lib_a-strcmp.o)
 .debug_frame   0x000028f4       0x20 c:/program files (x86)/cypress/psoc creator/3.0/psoc creator/import/gnu_cs/arm/4.7.3/bin/../lib/gcc/arm-none-eabi/4.7.3/../../../../arm-none-eabi/lib/armv7-m\libc_s.a(lib_a-strlen.o)
 .debug_frame   0x00002914       0x2c c:/program files (x86)/cypress/psoc creator/3.0/psoc creator/import/gnu_cs/arm/4.7.3/bin/../lib/gcc/arm-none-eabi/4.7.3/../../../../arm-none-eabi/lib/armv7-m\libc_s.a(lib_a-callocr.o)
 .debug_frame   0x00002940       0x2c c:/program files (x86)/cypress/psoc creator/3.0/psoc creator/import/gnu_cs/arm/4.7.3/bin/../lib/gcc/arm-none-eabi/4.7.3/../../../../arm-none-eabi/lib/armv7-m\libc_s.a(lib_a-freer.o)
 .debug_frame   0x0000296c       0x64 c:/program files (x86)/cypress/psoc creator/3.0/psoc creator/import/gnu_cs/arm/4.7.3/bin/../lib/gcc/arm-none-eabi/4.7.3/../../../../arm-none-eabi/lib/armv7-m\libc_s.a(lib_a-reent.o)
 .debug_frame   0x000029d0       0x20 c:/program files (x86)/cypress/psoc creator/3.0/psoc creator/import/gnu_cs/arm/4.7.3/bin/../lib/gcc/arm-none-eabi/4.7.3/../../../../arm-none-eabi/lib/armv7-m\libnosys.a(sbrk.o)

.debug_str      0x00000000     0x2a9d
 *(.debug_str)
 .debug_str     0x00000000      0x1b1 .\CortexM3\ARM_GCC_473\Debug\main.o
                                0x1ea (size before relaxing)
 .debug_str     0x000001b1       0x77 .\CortexM3\ARM_GCC_473\Debug\cymetadata.o
                                0x1b7 (size before relaxing)
 .debug_str     0x00000228      0x10d .\CortexM3\ARM_GCC_473\Debug\Cm3Start.o
                                0x273 (size before relaxing)
 .debug_str     0x00000335      0x1e9 .\CortexM3\ARM_GCC_473\Debug\FW_Fan_Control01.a(cyfitter_cfg.o)
                                0x350 (size before relaxing)
 .debug_str     0x0000051e      0x17f .\CortexM3\ARM_GCC_473\Debug\FW_Fan_Control01.a(LCD.o)
                                0x2d2 (size before relaxing)
 .debug_str     0x0000069d      0x4db .\CortexM3\ARM_GCC_473\Debug\FW_Fan_Control01.a(FanController.o)
                                0x64d (size before relaxing)
 .debug_str     0x00000b78       0x83 .\CortexM3\ARM_GCC_473\Debug\FW_Fan_Control01.a(EOC_SR.o)
                                0x1d7 (size before relaxing)
 .debug_str     0x00000bfb      0x447 .\CortexM3\ARM_GCC_473\Debug\FW_Fan_Control01.a(ADC_DelSig_1.o)
                                0x5e4 (size before relaxing)
 .debug_str     0x00001042       0x74 .\CortexM3\ARM_GCC_473\Debug\FW_Fan_Control01.a(ADC_DelSig_1_INT.o)
                                0x1ae (size before relaxing)
 .debug_str     0x000010b6       0x9e .\CortexM3\ARM_GCC_473\Debug\FW_Fan_Control01.a(ADC_DelSig_1_AMux.o)
                                0x1dd (size before relaxing)
 .debug_str     0x00001154      0x222 .\CortexM3\ARM_GCC_473\Debug\FW_Fan_Control01.a(ADC_DelSig_1_Ext_CP_Clk.o)
                                0x37b (size before relaxing)
 .debug_str     0x00001376      0x20a .\CortexM3\ARM_GCC_473\Debug\FW_Fan_Control01.a(ADC_DelSig_1_theACLK.o)
                                0x3ac (size before relaxing)
 .debug_str     0x00001580      0x33f .\CortexM3\ARM_GCC_473\Debug\FW_Fan_Control01.a(CyDmac.o)
                                0x4de (size before relaxing)
 .debug_str     0x000018bf      0x600 .\CortexM3\ARM_GCC_473\Debug\FW_Fan_Control01.a(CyLib.o)
                                0x7d9 (size before relaxing)
 .debug_str     0x00001ebf      0x371 .\CortexM3\ARM_GCC_473\Debug\FW_Fan_Control01.a(cyPm.o)
                                0x4e8 (size before relaxing)
 .debug_str     0x00002230      0x20d .\CortexM3\ARM_GCC_473\Debug\FW_Fan_Control01.a(Trigger_Timer.o)
                                0x35f (size before relaxing)
 .debug_str     0x0000243d      0x1b2 .\CortexM3\ARM_GCC_473\Debug\FW_Fan_Control01.a(Echo_Timer.o)
                                0x329 (size before relaxing)
 .debug_str     0x000025ef      0x133 .\CortexM3\ARM_GCC_473\Debug\FW_Fan_Control01.a(end_echo_IRR.o)
                                0x2b2 (size before relaxing)
 .debug_str     0x00002722      0x14d .\CortexM3\ARM_GCC_473\Debug\FW_Fan_Control01.a(start_echo_IRR.o)
                                0x2cc (size before relaxing)
 .debug_str     0x0000286f      0x130 .\CortexM3\ARM_GCC_473\Debug\FW_Fan_Control01.a(CyFlash.o)
                                0x2ae (size before relaxing)
 .debug_str     0x0000299f       0xfe .\CortexM3\ARM_GCC_473\Debug\FW_Fan_Control01.a(CySpc.o)
                                0x28a (size before relaxing)

.debug_loc      0x00000000     0x3b6c
 *(.debug_loc)
 .debug_loc     0x00000000       0x90 .\CortexM3\ARM_GCC_473\Debug\main.o
 .debug_loc     0x00000090      0x100 .\CortexM3\ARM_GCC_473\Debug\Cm3Start.o
 .debug_loc     0x00000190      0x25c .\CortexM3\ARM_GCC_473\Debug\FW_Fan_Control01.a(cyfitter_cfg.o)
 .debug_loc     0x000003ec      0x350 .\CortexM3\ARM_GCC_473\Debug\FW_Fan_Control01.a(LCD.o)
 .debug_loc     0x0000073c      0x3ec .\CortexM3\ARM_GCC_473\Debug\FW_Fan_Control01.a(FanController.o)
 .debug_loc     0x00000b28      0x100 .\CortexM3\ARM_GCC_473\Debug\FW_Fan_Control01.a(EOC_SR.o)
 .debug_loc     0x00000c28      0x58c .\CortexM3\ARM_GCC_473\Debug\FW_Fan_Control01.a(ADC_DelSig_1.o)
 .debug_loc     0x000011b4       0xb0 .\CortexM3\ARM_GCC_473\Debug\FW_Fan_Control01.a(ADC_DelSig_1_INT.o)
 .debug_loc     0x00001264       0xa8 .\CortexM3\ARM_GCC_473\Debug\FW_Fan_Control01.a(ADC_DelSig_1_AMux.o)
 .debug_loc     0x0000130c      0x22c .\CortexM3\ARM_GCC_473\Debug\FW_Fan_Control01.a(ADC_DelSig_1_Ext_CP_Clk.o)
 .debug_loc     0x00001538      0x290 .\CortexM3\ARM_GCC_473\Debug\FW_Fan_Control01.a(ADC_DelSig_1_theACLK.o)
 .debug_loc     0x000017c8      0x51c .\CortexM3\ARM_GCC_473\Debug\FW_Fan_Control01.a(CyDmac.o)
 .debug_loc     0x00001ce4      0xce0 .\CortexM3\ARM_GCC_473\Debug\FW_Fan_Control01.a(CyLib.o)
 .debug_loc     0x000029c4      0x2e8 .\CortexM3\ARM_GCC_473\Debug\FW_Fan_Control01.a(cyPm.o)
 .debug_loc     0x00002cac      0x2d0 .\CortexM3\ARM_GCC_473\Debug\FW_Fan_Control01.a(Trigger_Timer.o)
 .debug_loc     0x00002f7c      0x2d0 .\CortexM3\ARM_GCC_473\Debug\FW_Fan_Control01.a(Echo_Timer.o)
 .debug_loc     0x0000324c      0x24c .\CortexM3\ARM_GCC_473\Debug\FW_Fan_Control01.a(end_echo_IRR.o)
 .debug_loc     0x00003498      0x24c .\CortexM3\ARM_GCC_473\Debug\FW_Fan_Control01.a(start_echo_IRR.o)
 .debug_loc     0x000036e4      0x258 .\CortexM3\ARM_GCC_473\Debug\FW_Fan_Control01.a(CyFlash.o)
 .debug_loc     0x0000393c      0x230 .\CortexM3\ARM_GCC_473\Debug\FW_Fan_Control01.a(CySpc.o)

.debug_macinfo
 *(.debug_macinfo)

.debug_ranges   0x00000000      0x9d8
 *(.debug_ranges)
 .debug_ranges  0x00000000       0x20 .\CortexM3\ARM_GCC_473\Debug\main.o
 .debug_ranges  0x00000020       0x30 .\CortexM3\ARM_GCC_473\Debug\Cm3Start.o
 .debug_ranges  0x00000050       0x60 .\CortexM3\ARM_GCC_473\Debug\FW_Fan_Control01.a(cyfitter_cfg.o)
 .debug_ranges  0x000000b0       0x88 .\CortexM3\ARM_GCC_473\Debug\FW_Fan_Control01.a(LCD.o)
 .debug_ranges  0x00000138       0xa0 .\CortexM3\ARM_GCC_473\Debug\FW_Fan_Control01.a(FanController.o)
 .debug_ranges  0x000001d8       0x30 .\CortexM3\ARM_GCC_473\Debug\FW_Fan_Control01.a(EOC_SR.o)
 .debug_ranges  0x00000208       0xd8 .\CortexM3\ARM_GCC_473\Debug\FW_Fan_Control01.a(ADC_DelSig_1.o)
 .debug_ranges  0x000002e0       0x28 .\CortexM3\ARM_GCC_473\Debug\FW_Fan_Control01.a(ADC_DelSig_1_INT.o)
 .debug_ranges  0x00000308       0x20 .\CortexM3\ARM_GCC_473\Debug\FW_Fan_Control01.a(ADC_DelSig_1_AMux.o)
 .debug_ranges  0x00000328       0x60 .\CortexM3\ARM_GCC_473\Debug\FW_Fan_Control01.a(ADC_DelSig_1_Ext_CP_Clk.o)
 .debug_ranges  0x00000388       0x70 .\CortexM3\ARM_GCC_473\Debug\FW_Fan_Control01.a(ADC_DelSig_1_theACLK.o)
 .debug_ranges  0x000003f8       0xc8 .\CortexM3\ARM_GCC_473\Debug\FW_Fan_Control01.a(CyDmac.o)
 .debug_ranges  0x000004c0      0x208 .\CortexM3\ARM_GCC_473\Debug\FW_Fan_Control01.a(CyLib.o)
 .debug_ranges  0x000006c8       0x80 .\CortexM3\ARM_GCC_473\Debug\FW_Fan_Control01.a(cyPm.o)
 .debug_ranges  0x00000748       0x80 .\CortexM3\ARM_GCC_473\Debug\FW_Fan_Control01.a(Trigger_Timer.o)
 .debug_ranges  0x000007c8       0x80 .\CortexM3\ARM_GCC_473\Debug\FW_Fan_Control01.a(Echo_Timer.o)
 .debug_ranges  0x00000848       0x68 .\CortexM3\ARM_GCC_473\Debug\FW_Fan_Control01.a(end_echo_IRR.o)
 .debug_ranges  0x000008b0       0x68 .\CortexM3\ARM_GCC_473\Debug\FW_Fan_Control01.a(start_echo_IRR.o)
 .debug_ranges  0x00000918       0x68 .\CortexM3\ARM_GCC_473\Debug\FW_Fan_Control01.a(CyFlash.o)
 .debug_ranges  0x00000980       0x58 .\CortexM3\ARM_GCC_473\Debug\FW_Fan_Control01.a(CySpc.o)

.comment        0x00000000       0x70
 .comment       0x00000000       0x70 .\CortexM3\ARM_GCC_473\Debug\main.o
                                 0x71 (size before relaxing)
 .comment       0x00000000       0x71 .\CortexM3\ARM_GCC_473\Debug\cymetadata.o
 .comment       0x00000000       0x71 .\CortexM3\ARM_GCC_473\Debug\Cm3Start.o
 .comment       0x00000000       0x71 .\CortexM3\ARM_GCC_473\Debug\FW_Fan_Control01.a(cyfitter_cfg.o)
 .comment       0x00000000       0x71 .\CortexM3\ARM_GCC_473\Debug\FW_Fan_Control01.a(LCD.o)
 .comment       0x00000000       0x71 .\CortexM3\ARM_GCC_473\Debug\FW_Fan_Control01.a(FanController.o)
 .comment       0x00000000       0x71 .\CortexM3\ARM_GCC_473\Debug\FW_Fan_Control01.a(EOC_SR.o)
 .comment       0x00000000       0x71 .\CortexM3\ARM_GCC_473\Debug\FW_Fan_Control01.a(ADC_DelSig_1.o)
 .comment       0x00000000       0x71 .\CortexM3\ARM_GCC_473\Debug\FW_Fan_Control01.a(ADC_DelSig_1_INT.o)
 .comment       0x00000000       0x71 .\CortexM3\ARM_GCC_473\Debug\FW_Fan_Control01.a(ADC_DelSig_1_AMux.o)
 .comment       0x00000000       0x71 .\CortexM3\ARM_GCC_473\Debug\FW_Fan_Control01.a(ADC_DelSig_1_Ext_CP_Clk.o)
 .comment       0x00000000       0x71 .\CortexM3\ARM_GCC_473\Debug\FW_Fan_Control01.a(ADC_DelSig_1_theACLK.o)
 .comment       0x00000000       0x71 .\CortexM3\ARM_GCC_473\Debug\FW_Fan_Control01.a(CyDmac.o)
 .comment       0x00000000       0x71 .\CortexM3\ARM_GCC_473\Debug\FW_Fan_Control01.a(CyLib.o)
 .comment       0x00000000       0x71 .\CortexM3\ARM_GCC_473\Debug\FW_Fan_Control01.a(cyPm.o)
 .comment       0x00000000       0x71 .\CortexM3\ARM_GCC_473\Debug\FW_Fan_Control01.a(Trigger_Timer.o)
 .comment       0x00000000       0x71 .\CortexM3\ARM_GCC_473\Debug\FW_Fan_Control01.a(Echo_Timer.o)
 .comment       0x00000000       0x71 .\CortexM3\ARM_GCC_473\Debug\FW_Fan_Control01.a(end_echo_IRR.o)
 .comment       0x00000000       0x71 .\CortexM3\ARM_GCC_473\Debug\FW_Fan_Control01.a(start_echo_IRR.o)
 .comment       0x00000000       0x71 .\CortexM3\ARM_GCC_473\Debug\FW_Fan_Control01.a(CyFlash.o)
 .comment       0x00000000       0x71 .\CortexM3\ARM_GCC_473\Debug\FW_Fan_Control01.a(CySpc.o)

.debug_weaknames
 *(.debug_weaknames)

.debug_funcnames
 *(.debug_funcnames)

.debug_typenames
 *(.debug_typenames)

.debug_varnames
 *(.debug_varnames)

.note.gnu.arm.ident
 *(.note.gnu.arm.ident)

.ARM.attributes
                0x00000000       0x29
 *(.ARM.attributes)
 .ARM.attributes
                0x00000000       0x1d c:/program files (x86)/cypress/psoc creator/3.0/psoc creator/import/gnu_cs/arm/4.7.3/bin/../lib/gcc/arm-none-eabi/4.7.3/armv7-m/crti.o
 .ARM.attributes
                0x0000001d       0x2d c:/program files (x86)/cypress/psoc creator/3.0/psoc creator/import/gnu_cs/arm/4.7.3/bin/../lib/gcc/arm-none-eabi/4.7.3/armv7-m/crtbegin.o
 .ARM.attributes
                0x0000004a       0x1b c:/program files (x86)/cypress/psoc creator/3.0/psoc creator/import/gnu_cs/arm/4.7.3/bin/../lib/gcc/arm-none-eabi/4.7.3/../../../../arm-none-eabi/lib/armv7-m/crt0.o
 .ARM.attributes
                0x00000065       0x33 .\CortexM3\ARM_GCC_473\Debug\main.o
 .ARM.attributes
                0x00000098       0x33 .\CortexM3\ARM_GCC_473\Debug\cymetadata.o
 .ARM.attributes
                0x000000cb       0x33 .\CortexM3\ARM_GCC_473\Debug\Cm3Start.o
 .ARM.attributes
                0x000000fe       0x33 .\CortexM3\ARM_GCC_473\Debug\FW_Fan_Control01.a(cyfitter_cfg.o)
 .ARM.attributes
                0x00000131       0x33 .\CortexM3\ARM_GCC_473\Debug\FW_Fan_Control01.a(LCD.o)
 .ARM.attributes
                0x00000164       0x33 .\CortexM3\ARM_GCC_473\Debug\FW_Fan_Control01.a(FanController.o)
 .ARM.attributes
                0x00000197       0x33 .\CortexM3\ARM_GCC_473\Debug\FW_Fan_Control01.a(EOC_SR.o)
 .ARM.attributes
                0x000001ca       0x33 .\CortexM3\ARM_GCC_473\Debug\FW_Fan_Control01.a(ADC_DelSig_1.o)
 .ARM.attributes
                0x000001fd       0x33 .\CortexM3\ARM_GCC_473\Debug\FW_Fan_Control01.a(ADC_DelSig_1_INT.o)
 .ARM.attributes
                0x00000230       0x33 .\CortexM3\ARM_GCC_473\Debug\FW_Fan_Control01.a(ADC_DelSig_1_AMux.o)
 .ARM.attributes
                0x00000263       0x33 .\CortexM3\ARM_GCC_473\Debug\FW_Fan_Control01.a(ADC_DelSig_1_Ext_CP_Clk.o)
 .ARM.attributes
                0x00000296       0x33 .\CortexM3\ARM_GCC_473\Debug\FW_Fan_Control01.a(ADC_DelSig_1_theACLK.o)
 .ARM.attributes
                0x000002c9       0x21 .\CortexM3\ARM_GCC_473\Debug\FW_Fan_Control01.a(CyBootAsmGnu.o)
 .ARM.attributes
                0x000002ea       0x33 .\CortexM3\ARM_GCC_473\Debug\FW_Fan_Control01.a(CyDmac.o)
 .ARM.attributes
                0x0000031d       0x33 .\CortexM3\ARM_GCC_473\Debug\FW_Fan_Control01.a(CyLib.o)
 .ARM.attributes
                0x00000350       0x33 .\CortexM3\ARM_GCC_473\Debug\FW_Fan_Control01.a(cyPm.o)
 .ARM.attributes
                0x00000383       0x33 .\CortexM3\ARM_GCC_473\Debug\FW_Fan_Control01.a(Trigger_Timer.o)
 .ARM.attributes
                0x000003b6       0x33 .\CortexM3\ARM_GCC_473\Debug\FW_Fan_Control01.a(Echo_Timer.o)
 .ARM.attributes
                0x000003e9       0x33 .\CortexM3\ARM_GCC_473\Debug\FW_Fan_Control01.a(end_echo_IRR.o)
 .ARM.attributes
                0x0000041c       0x33 .\CortexM3\ARM_GCC_473\Debug\FW_Fan_Control01.a(start_echo_IRR.o)
 .ARM.attributes
                0x0000044f       0x33 .\CortexM3\ARM_GCC_473\Debug\FW_Fan_Control01.a(CyFlash.o)
 .ARM.attributes
                0x00000482       0x33 .\CortexM3\ARM_GCC_473\Debug\FW_Fan_Control01.a(CySpc.o)
 .ARM.attributes
                0x000004b5       0x1d c:/program files (x86)/cypress/psoc creator/3.0/psoc creator/import/gnu_cs/arm/4.7.3/bin/../lib/gcc/arm-none-eabi/4.7.3/armv7-m\libgcc.a(_arm_addsubdf3.o)
 .ARM.attributes
                0x000004d2       0x1d c:/program files (x86)/cypress/psoc creator/3.0/psoc creator/import/gnu_cs/arm/4.7.3/bin/../lib/gcc/arm-none-eabi/4.7.3/armv7-m\libgcc.a(_arm_cmpdf2.o)
 .ARM.attributes
                0x000004ef       0x1d c:/program files (x86)/cypress/psoc creator/3.0/psoc creator/import/gnu_cs/arm/4.7.3/bin/../lib/gcc/arm-none-eabi/4.7.3/armv7-m\libgcc.a(_arm_addsubsf3.o)
 .ARM.attributes
                0x0000050c       0x1d c:/program files (x86)/cypress/psoc creator/3.0/psoc creator/import/gnu_cs/arm/4.7.3/bin/../lib/gcc/arm-none-eabi/4.7.3/armv7-m\libgcc.a(_arm_muldivsf3.o)
 .ARM.attributes
                0x00000529       0x1d c:/program files (x86)/cypress/psoc creator/3.0/psoc creator/import/gnu_cs/arm/4.7.3/bin/../lib/gcc/arm-none-eabi/4.7.3/armv7-m\libgcc.a(_arm_fixunssfsi.o)
 .ARM.attributes
                0x00000546       0x2d c:/program files (x86)/cypress/psoc creator/3.0/psoc creator/import/gnu_cs/arm/4.7.3/bin/../lib/gcc/arm-none-eabi/4.7.3/../../../../arm-none-eabi/lib/armv7-m\libc_s.a(lib_a-__atexit2.o)
 .ARM.attributes
                0x00000573       0x2d c:/program files (x86)/cypress/psoc creator/3.0/psoc creator/import/gnu_cs/arm/4.7.3/bin/../lib/gcc/arm-none-eabi/4.7.3/../../../../arm-none-eabi/lib/armv7-m\libc_s.a(lib_a-exit.o)
 .ARM.attributes
                0x000005a0       0x2d c:/program files (x86)/cypress/psoc creator/3.0/psoc creator/import/gnu_cs/arm/4.7.3/bin/../lib/gcc/arm-none-eabi/4.7.3/../../../../arm-none-eabi/lib/armv7-m\libc_s.a(lib_a-fini.o)
 .ARM.attributes
                0x000005cd       0x2d c:/program files (x86)/cypress/psoc creator/3.0/psoc creator/import/gnu_cs/arm/4.7.3/bin/../lib/gcc/arm-none-eabi/4.7.3/../../../../arm-none-eabi/lib/armv7-m\libc_s.a(lib_a-impure.o)
 .ARM.attributes
                0x000005fa       0x2d c:/program files (x86)/cypress/psoc creator/3.0/psoc creator/import/gnu_cs/arm/4.7.3/bin/../lib/gcc/arm-none-eabi/4.7.3/../../../../arm-none-eabi/lib/armv7-m\libc_s.a(lib_a-init.o)
 .ARM.attributes
                0x00000627       0x2d c:/program files (x86)/cypress/psoc creator/3.0/psoc creator/import/gnu_cs/arm/4.7.3/bin/../lib/gcc/arm-none-eabi/4.7.3/../../../../arm-none-eabi/lib/armv7-m\libc_s.a(lib_a-memcpy.o)
 .ARM.attributes
                0x00000654       0x2d c:/program files (x86)/cypress/psoc creator/3.0/psoc creator/import/gnu_cs/arm/4.7.3/bin/../lib/gcc/arm-none-eabi/4.7.3/../../../../arm-none-eabi/lib/armv7-m\libc_s.a(lib_a-memset.o)
 .ARM.attributes
                0x00000681       0x2d c:/program files (x86)/cypress/psoc creator/3.0/psoc creator/import/gnu_cs/arm/4.7.3/bin/../lib/gcc/arm-none-eabi/4.7.3/../../../../arm-none-eabi/lib/armv7-m\libc_s.a(lib_a-vfprintf_float.o)
 .ARM.attributes
                0x000006ae       0x2d c:/program files (x86)/cypress/psoc creator/3.0/psoc creator/import/gnu_cs/arm/4.7.3/bin/../lib/gcc/arm-none-eabi/4.7.3/../../../../arm-none-eabi/lib/armv7-m\libc_s.a(lib_a-vfprintf_i.o)
 .ARM.attributes
                0x000006db       0x2d c:/program files (x86)/cypress/psoc creator/3.0/psoc creator/import/gnu_cs/arm/4.7.3/bin/../lib/gcc/arm-none-eabi/4.7.3/../../../../arm-none-eabi/lib/armv7-m\libc_s.a(lib_a-dtoa.o)
 .ARM.attributes
                0x00000708       0x2d c:/program files (x86)/cypress/psoc creator/3.0/psoc creator/import/gnu_cs/arm/4.7.3/bin/../lib/gcc/arm-none-eabi/4.7.3/../../../../arm-none-eabi/lib/armv7-m\libc_s.a(lib_a-locale.o)
 .ARM.attributes
                0x00000735       0x2d c:/program files (x86)/cypress/psoc creator/3.0/psoc creator/import/gnu_cs/arm/4.7.3/bin/../lib/gcc/arm-none-eabi/4.7.3/../../../../arm-none-eabi/lib/armv7-m\libc_s.a(lib_a-malloc.o)
 .ARM.attributes
                0x00000762       0x2d c:/program files (x86)/cypress/psoc creator/3.0/psoc creator/import/gnu_cs/arm/4.7.3/bin/../lib/gcc/arm-none-eabi/4.7.3/../../../../arm-none-eabi/lib/armv7-m\libc_s.a(lib_a-mallocr.o)
 .ARM.attributes
                0x0000078f       0x2d c:/program files (x86)/cypress/psoc creator/3.0/psoc creator/import/gnu_cs/arm/4.7.3/bin/../lib/gcc/arm-none-eabi/4.7.3/../../../../arm-none-eabi/lib/armv7-m\libc_s.a(lib_a-mprec.o)
 .ARM.attributes
                0x000007bc       0x2d c:/program files (x86)/cypress/psoc creator/3.0/psoc creator/import/gnu_cs/arm/4.7.3/bin/../lib/gcc/arm-none-eabi/4.7.3/../../../../arm-none-eabi/lib/armv7-m\libc_s.a(lib_a-s_fpclassify.o)
 .ARM.attributes
                0x000007e9       0x2d c:/program files (x86)/cypress/psoc creator/3.0/psoc creator/import/gnu_cs/arm/4.7.3/bin/../lib/gcc/arm-none-eabi/4.7.3/../../../../arm-none-eabi/lib/armv7-m\libc_s.a(lib_a-sbrkr.o)
 .ARM.attributes
                0x00000816       0x2d c:/program files (x86)/cypress/psoc creator/3.0/psoc creator/import/gnu_cs/arm/4.7.3/bin/../lib/gcc/arm-none-eabi/4.7.3/../../../../arm-none-eabi/lib/armv7-m\libc_s.a(lib_a-strcmp.o)
 .ARM.attributes
                0x00000843       0x2d c:/program files (x86)/cypress/psoc creator/3.0/psoc creator/import/gnu_cs/arm/4.7.3/bin/../lib/gcc/arm-none-eabi/4.7.3/../../../../arm-none-eabi/lib/armv7-m\libc_s.a(lib_a-strlen.o)
 .ARM.attributes
                0x00000870       0x2d c:/program files (x86)/cypress/psoc creator/3.0/psoc creator/import/gnu_cs/arm/4.7.3/bin/../lib/gcc/arm-none-eabi/4.7.3/../../../../arm-none-eabi/lib/armv7-m\libc_s.a(lib_a-callocr.o)
 .ARM.attributes
                0x0000089d       0x2d c:/program files (x86)/cypress/psoc creator/3.0/psoc creator/import/gnu_cs/arm/4.7.3/bin/../lib/gcc/arm-none-eabi/4.7.3/../../../../arm-none-eabi/lib/armv7-m\libc_s.a(lib_a-freer.o)
 .ARM.attributes
                0x000008ca       0x2d c:/program files (x86)/cypress/psoc creator/3.0/psoc creator/import/gnu_cs/arm/4.7.3/bin/../lib/gcc/arm-none-eabi/4.7.3/../../../../arm-none-eabi/lib/armv7-m\libc_s.a(lib_a-reent.o)
 .ARM.attributes
                0x000008f7       0x1d c:/program files (x86)/cypress/psoc creator/3.0/psoc creator/import/gnu_cs/arm/4.7.3/bin/../lib/gcc/arm-none-eabi/4.7.3/armv7-m\libgcc.a(_arm_muldivdf3.o)
 .ARM.attributes
                0x00000914       0x1d c:/program files (x86)/cypress/psoc creator/3.0/psoc creator/import/gnu_cs/arm/4.7.3/bin/../lib/gcc/arm-none-eabi/4.7.3/armv7-m\libgcc.a(_arm_fixdfsi.o)
 .ARM.attributes
                0x00000931       0x2d c:/program files (x86)/cypress/psoc creator/3.0/psoc creator/import/gnu_cs/arm/4.7.3/bin/../lib/gcc/arm-none-eabi/4.7.3/armv7-m/crtend.o
 .ARM.attributes
                0x0000095e       0x1d c:/program files (x86)/cypress/psoc creator/3.0/psoc creator/import/gnu_cs/arm/4.7.3/bin/../lib/gcc/arm-none-eabi/4.7.3/armv7-m/crtn.o
 .ARM.attributes
                0x0000097b       0x2d c:/program files (x86)/cypress/psoc creator/3.0/psoc creator/import/gnu_cs/arm/4.7.3/bin/../lib/gcc/arm-none-eabi/4.7.3/../../../../arm-none-eabi/lib/armv7-m\libnosys.a(sbrk.o)

/DISCARD/
 *(.note.GNU-stack)
OUTPUT(.\CortexM3\ARM_GCC_473\Debug\FW_Fan_Control01.elf elf32-littlearm)
