Archive member included because of file (symbol)

.\CortexM3\ARM_GCC_473\Debug\FW_Fan_Control01.a(cyfitter_cfg.o)
                              .\CortexM3\ARM_GCC_473\Debug\Cm3Start.o (cyfitter_cfg)
.\CortexM3\ARM_GCC_473\Debug\FW_Fan_Control01.a(LCD.o)
                              .\CortexM3\ARM_GCC_473\Debug\main.o (LCD_Start)
.\CortexM3\ARM_GCC_473\Debug\FW_Fan_Control01.a(FanController.o)
                              .\CortexM3\ARM_GCC_473\Debug\main.o (FanController_Start)
.\CortexM3\ARM_GCC_473\Debug\FW_Fan_Control01.a(EOC_SR.o)
                              .\CortexM3\ARM_GCC_473\Debug\main.o (EOC_SR_Read)
.\CortexM3\ARM_GCC_473\Debug\FW_Fan_Control01.a(ADC_DelSig_1.o)
                              .\CortexM3\ARM_GCC_473\Debug\main.o (ADC_DelSig_1_Start)
.\CortexM3\ARM_GCC_473\Debug\FW_Fan_Control01.a(ADC_DelSig_1_INT.o)
                              .\CortexM3\ARM_GCC_473\Debug\FW_Fan_Control01.a(ADC_DelSig_1.o) (ADC_DelSig_1_ISR1)
.\CortexM3\ARM_GCC_473\Debug\FW_Fan_Control01.a(ADC_DelSig_1_AMux.o)
                              .\CortexM3\ARM_GCC_473\Debug\FW_Fan_Control01.a(ADC_DelSig_1.o) (ADC_DelSig_1_AMux_Select)
.\CortexM3\ARM_GCC_473\Debug\FW_Fan_Control01.a(ADC_DelSig_1_Ext_CP_Clk.o)
                              .\CortexM3\ARM_GCC_473\Debug\FW_Fan_Control01.a(ADC_DelSig_1.o) (ADC_DelSig_1_Ext_CP_Clk_SetDividerRegister)
.\CortexM3\ARM_GCC_473\Debug\FW_Fan_Control01.a(ADC_DelSig_1_theACLK.o)
                              .\CortexM3\ARM_GCC_473\Debug\FW_Fan_Control01.a(ADC_DelSig_1.o) (ADC_DelSig_1_theACLK_SetDividerRegister)
.\CortexM3\ARM_GCC_473\Debug\FW_Fan_Control01.a(CyBootAsmGnu.o)
                              .\CortexM3\ARM_GCC_473\Debug\FW_Fan_Control01.a(cyfitter_cfg.o) (CyDelayCycles)
.\CortexM3\ARM_GCC_473\Debug\FW_Fan_Control01.a(CyDmac.o)
                              .\CortexM3\ARM_GCC_473\Debug\Cm3Start.o (CyDmacConfigure)
.\CortexM3\ARM_GCC_473\Debug\FW_Fan_Control01.a(CyLib.o)
                              .\CortexM3\ARM_GCC_473\Debug\Cm3Start.o (CyResetStatus)
.\CortexM3\ARM_GCC_473\Debug\FW_Fan_Control01.a(cyPm.o)
                              .\CortexM3\ARM_GCC_473\Debug\FW_Fan_Control01.a(CyLib.o) (CyPmReadStatus)
.\CortexM3\ARM_GCC_473\Debug\FW_Fan_Control01.a(Trigger_Timer.o)
                              .\CortexM3\ARM_GCC_473\Debug\main.o (Trigger_Timer_Start)
.\CortexM3\ARM_GCC_473\Debug\FW_Fan_Control01.a(Echo_Timer.o)
                              .\CortexM3\ARM_GCC_473\Debug\main.o (Echo_Timer_Init)
.\CortexM3\ARM_GCC_473\Debug\FW_Fan_Control01.a(end_echo_IRR.o)
                              .\CortexM3\ARM_GCC_473\Debug\main.o (end_echo_IRR_Start)
.\CortexM3\ARM_GCC_473\Debug\FW_Fan_Control01.a(start_echo_IRR.o)
                              .\CortexM3\ARM_GCC_473\Debug\main.o (start_echo_IRR_Start)
.\CortexM3\ARM_GCC_473\Debug\FW_Fan_Control01.a(CyFlash.o)
                              .\CortexM3\ARM_GCC_473\Debug\FW_Fan_Control01.a(cyPm.o) (CyFlash_SetWaitCycles)
.\CortexM3\ARM_GCC_473\Debug\FW_Fan_Control01.a(CySpc.o)
                              .\CortexM3\ARM_GCC_473\Debug\FW_Fan_Control01.a(CyFlash.o) (CySpcStart)
c:/program files (x86)/cypress/psoc creator/3.0/psoc creator/import/gnu_cs/arm/4.7.3/bin/../lib/gcc/arm-none-eabi/4.7.3/armv7-m\libgcc.a(_arm_addsubdf3.o)
                              .\CortexM3\ARM_GCC_473\Debug\FW_Fan_Control01.a(ADC_DelSig_1.o) (__aeabi_f2d)
c:/program files (x86)/cypress/psoc creator/3.0/psoc creator/import/gnu_cs/arm/4.7.3/bin/../lib/gcc/arm-none-eabi/4.7.3/armv7-m\libgcc.a(_arm_cmpdf2.o)
                              .\CortexM3\ARM_GCC_473\Debug\FW_Fan_Control01.a(ADC_DelSig_1.o) (__aeabi_dcmpgt)
c:/program files (x86)/cypress/psoc creator/3.0/psoc creator/import/gnu_cs/arm/4.7.3/bin/../lib/gcc/arm-none-eabi/4.7.3/armv7-m\libgcc.a(_arm_addsubsf3.o)
                              .\CortexM3\ARM_GCC_473\Debug\main.o (__aeabi_fsub)
c:/program files (x86)/cypress/psoc creator/3.0/psoc creator/import/gnu_cs/arm/4.7.3/bin/../lib/gcc/arm-none-eabi/4.7.3/armv7-m\libgcc.a(_arm_muldivsf3.o)
                              .\CortexM3\ARM_GCC_473\Debug\main.o (__aeabi_fmul)
c:/program files (x86)/cypress/psoc creator/3.0/psoc creator/import/gnu_cs/arm/4.7.3/bin/../lib/gcc/arm-none-eabi/4.7.3/armv7-m\libgcc.a(_arm_fixunssfsi.o)
                              .\CortexM3\ARM_GCC_473\Debug\main.o (__aeabi_f2uiz)
c:/program files (x86)/cypress/psoc creator/3.0/psoc creator/import/gnu_cs/arm/4.7.3/bin/../lib/gcc/arm-none-eabi/4.7.3/../../../../arm-none-eabi/lib/armv7-m\libc_s.a(lib_a-__atexit2.o)
                              c:/program files (x86)/cypress/psoc creator/3.0/psoc creator/import/gnu_cs/arm/4.7.3/bin/../lib/gcc/arm-none-eabi/4.7.3/../../../../arm-none-eabi/lib/armv7-m/crt0.o (__register_exitproc)
c:/program files (x86)/cypress/psoc creator/3.0/psoc creator/import/gnu_cs/arm/4.7.3/bin/../lib/gcc/arm-none-eabi/4.7.3/../../../../arm-none-eabi/lib/armv7-m\libc_s.a(lib_a-exit.o)
[...]
Memory Configuration

Name             Origin             Length             Attributes
rom              0x00000000         0x00040000         xr
ram              0x1fff8000         0x00010000         xrw
*default*        0x00000000         0xffffffff

Linker script and memory map

LOAD c:/program files (x86)/cypress/psoc creator/3.0/psoc creator/import/gnu_cs/arm/4.7.3/bin/../lib/gcc/arm-none-eabi/4.7.3/armv7-m/crti.o
LOAD c:/program files (x86)/cypress/psoc creator/3.0/psoc creator/import/gnu_cs/arm/4.7.3/bin/../lib/gcc/arm-none-eabi/4.7.3/armv7-m/crtbegin.o
LOAD c:/program files (x86)/cypress/psoc creator/3.0/psoc creator/import/gnu_cs/arm/4.7.3/bin/../lib/gcc/arm-none-eabi/4.7.3/../../../../arm-none-eabi/lib/armv7-m/crt0.o
START GROUP
LOAD .\CortexM3\ARM_GCC_473\Debug\main.o
LOAD .\CortexM3\ARM_GCC_473\Debug\cymetadata.o
LOAD .\CortexM3\ARM_GCC_473\Debug\Cm3Start.o
LOAD .\CortexM3\ARM_GCC_473\Debug\FW_Fan_Control01.a
LOAD C:\Program Files (x86)\Cypress\PSoC Creator\3.0\PSoC Creator\psoc\content\cycomponentlibrary\CyComponentLibrary.cylib\CortexM3\ARM_GCC_473\Debug\CyComponentLibrary.a
END GROUP
START GROUP
LOAD c:/program files (x86)/cypress/psoc creator/3.0/psoc creator/import/gnu_cs/arm/4.7.3/bin/../lib/gcc/arm-none-eabi/4.7.3/armv7-m\libgcc.a
LOAD c:/program files (x86)/cypress/psoc creator/3.0/psoc creator/import/gnu_cs/arm/4.7.3/bin/../lib/gcc/arm-none-eabi/4.7.3/../../../../arm-none-eabi/lib/armv7-m\libc_s.a
END GROUP
LOAD c:/program files (x86)/cypress/psoc creator/3.0/psoc creator/import/gnu_cs/arm/4.7.3/bin/../lib/gcc/arm-none-eabi/4.7.3/armv7-m/crtend.o
LOAD c:/program files (x86)/cypress/psoc creator/3.0/psoc creator/import/gnu_cs/arm/4.7.3/bin/../lib/gcc/arm-none-eabi/4.7.3/armv7-m/crtn.o
START GROUP
LOAD c:/program files (x86)/cypress/psoc creator/3.0/psoc creator/import/gnu_cs/arm/4.7.3/bin/../lib/gcc/arm-none-eabi/4.7.3/armv7-m\libgcc.a
LOAD c:/program files (x86)/cypress/psoc creator/3.0/psoc creator/import/gnu_cs/arm/4.7.3/bin/../lib/gcc/arm-none-eabi/4.7.3/../../../../arm-none-eabi/lib/armv7-m\libc.a
LOAD c:/program files (x86)/cypress/psoc creator/3.0/psoc creator/import/gnu_cs/arm/4.7.3/bin/../lib/gcc/arm-none-eabi/4.7.3/../../../../arm-none-eabi/lib/armv7-m\libnosys.a
END GROUP
                0x00000000                CY_APPL_ORIGIN = 0x0
                0x00000100                CY_FLASH_ROW_SIZE = 0x100
                0x00000020                CY_ECC_ROW_SIZE = 0x20
                0x00000000                CY_EE_IN_BTLDR = 0x0
                0x00000000                CY_APPL_LOADABLE = 0x0
                0x00000800                CY_EE_SIZE = 0x800
                0x00000001                CY_APPL_NUM = 0x1
                0x00000001                CY_APPL_MAX = 0x1
                0x00000040                CY_METADATA_SIZE = 0x40
                0x1fff81c0                PROVIDE (__cy_heap_start, _end)
                0x00000001                PROVIDE (__cy_region_num, ((__cy_regions_end - __cy_regions) / 0x10))
                0x20008000                PROVIDE (__cy_stack, (ORIGIN (ram) + 0x10000))
                0x20004000                PROVIDE (__cy_heap_end, (__cy_stack - 0x4000))

.cybootloader   0x00000000        0x0
 *(.cybootloader)
                0x00000000                appl1_start = CY_APPL_ORIGIN?CY_APPL_ORIGIN:ALIGN (CY_FLASH_ROW_SIZE)
                0x0001ff00                appl2_start = (appl1_start + ALIGN ((((0x40000 - appl1_start) - (0x2 * CY_FLASH_ROW_SIZE)) / 0x2), CY_FLASH_ROW_SIZE))
                0x00000000                appl_start = (CY_APPL_NUM == 0x1)?appl1_start:appl2_start
                0x00000000                ecc_offset = ((appl_start / CY_FLASH_ROW_SIZE) * CY_ECC_ROW_SIZE)
                0x00000000                ee_offset = (CY_APPL_LOADABLE && ! (CY_EE_IN_BTLDR))?((CY_EE_SIZE / CY_APPL_MAX) * (CY_APPL_NUM - 0x1)):0x0
                0x00000800                ee_size = (CY_APPL_LOADABLE && ! (CY_EE_IN_BTLDR))?(CY_EE_SIZE / CY_APPL_MAX):CY_EE_SIZE
                0x00000000                PROVIDE (CY_ECC_OFFSET, ecc_offset)

.text           0x00000000     0x3e26
 CREATE_OBJECT_SYMBOLS
                0x00000000                PROVIDE (__cy_interrupt_vector, RomVectors)
 *(.romvectors)
 .romvectors    0x00000000       0x10 .\CortexM3\ARM_GCC_473\Debug\Cm3Start.o
                0x00000000                RomVectors
                0x00000001                ASSERT ((. != __cy_interrupt_vector), No interrupt vector)
                0x00000001                ASSERT (CY_APPL_ORIGIN?(SIZEOF (.cybootloader) <= CY_APPL_ORIGIN):0x1, Wrong image location)
                0x00000010                PROVIDE (__cy_reset, Reset)
 *(.text.Reset)
 .text.Reset    0x00000010       0x1c .\CortexM3\ARM_GCC_473\Debug\Cm3Start.o
                0x00000010                Reset
                0x00000001                ASSERT ((. != __cy_reset), No reset code)
 *(.dma_init)
 .dma_init      0x0000002c      0x288 .\CortexM3\ARM_GCC_473\Debug\FW_Fan_Control01.a(cyfitter_cfg.o)
                0x00000001                ASSERT ((((appl_start + .) <= 0x10000) || 0x0), DMA Init must be within the first 64k of flash)
 *(.text .text.* .gnu.linkonce.t.*)
 .text          0x000002b4       0x54 c:/program files (x86)/cypress/psoc creator/3.0/psoc creator/import/gnu_cs/arm/4.7.3/bin/../lib/gcc/arm-none-eabi/4.7.3/armv7-m/crtbegin.o
 .text.start_echo_IRR_Interrupt
                0x00000308       0x18 .\CortexM3\ARM_GCC_473\Debug\main.o
                0x00000308                start_echo_IRR_Interrupt
 .text.end_echo_IRR_Interrupt
                0x00000320       0x58 .\CortexM3\ARM_GCC_473\Debug\main.o
                0x00000320                end_echo_IRR_Interrupt
 .text.getEcho  0x00000378       0x50 .\CortexM3\ARM_GCC_473\Debug\main.o
                0x00000378                getEcho
 .text.main     0x000003c8      0x284 .\CortexM3\ARM_GCC_473\Debug\main.o
                0x000003c8                main
 .text.IntDefaultHandler
                0x0000064c        0x8 .\CortexM3\ARM_GCC_473\Debug\Cm3Start.o
                0x0000064c                IntDefaultHandler
 .text.Start_c  0x00000654       0xcc .\CortexM3\ARM_GCC_473\Debug\Cm3Start.o
                0x00000654                Start_c
 .text.initialize_psoc
                0x00000720       0xb8 .\CortexM3\ARM_GCC_473\Debug\Cm3Start.o
                0x00000720                initialize_psoc
 .text.CYMEMZERO
                0x000007d8       0x20 .\CortexM3\ARM_GCC_473\Debug\FW_Fan_Control01.a(cyfitter_cfg.o)
 .text.CYCONFIGCPY
                0x000007f8       0x20 .\CortexM3\ARM_GCC_473\Debug\FW_Fan_Control01.a(cyfitter_cfg.o)
 .text.CyClockStartupError
                0x00000818        0xc .\CortexM3\ARM_GCC_473\Debug\FW_Fan_Control01.a(cyfitter_cfg.o)
 .text.cfg_dma_init
                0x00000824      0x1e0 .\CortexM3\ARM_GCC_473\Debug\FW_Fan_Control01.a(cyfitter_cfg.o)
 .text.ClockSetup
                0x00000a04      0x238 .\CortexM3\ARM_GCC_473\Debug\FW_Fan_Control01.a(cyfitter_cfg.o)
 .text.AnalogSetDefault
                0x00000c3c       0x6c .\CortexM3\ARM_GCC_473\Debug\FW_Fan_Control01.a(cyfitter_cfg.o)
 .text.ADC_DelSig_1_AMux_Set
                0x00000ca8       0x4c .\CortexM3\ARM_GCC_473\Debug\FW_Fan_Control01.a(cyfitter_cfg.o)
                0x00000ca8                ADC_DelSig_1_AMux_Set
 .text.ADC_DelSig_1_AMux_Unset
                0x00000cf4       0x50 .\CortexM3\ARM_GCC_473\Debug\FW_Fan_Control01.a(cyfitter_cfg.o)
                0x00000cf4                ADC_DelSig_1_AMux_Unset
 .text.cyfitter_cfg
                0x00000d44      0x17c .\CortexM3\ARM_GCC_473\Debug\FW_Fan_Control01.a(cyfitter_cfg.o)
                0x00000d44                cyfitter_cfg
 .text.LCD_Init
                0x00000ec0       0x90 .\CortexM3\ARM_GCC_473\Debug\FW_Fan_Control01.a(LCD.o)
                0x00000ec0                LCD_Init
 .text.LCD_Enable
                0x00000f50       0x1c .\CortexM3\ARM_GCC_473\Debug\FW_Fan_Control01.a(LCD.o)
                0x00000f50                LCD_Enable
 .text.LCD_Start
                0x00000f6c       0x2c .\CortexM3\ARM_GCC_473\Debug\FW_Fan_Control01.a(LCD.o)
                0x00000f6c                LCD_Start
 .text.LCD_Position
                0x00000f98       0x78 .\CortexM3\ARM_GCC_473\Debug\FW_Fan_Control01.a(LCD.o)
                0x00000f98                LCD_Position
 .text.LCD_PutChar
                0x00001010       0x1c .\CortexM3\ARM_GCC_473\Debug\FW_Fan_Control01.a(LCD.o)
                0x00001010                LCD_PutChar
 .text.LCD_WriteData
                0x0000102c       0x38 .\CortexM3\ARM_GCC_473\Debug\FW_Fan_Control01.a(LCD.o)
                0x0000102c                LCD_WriteData
 .text.LCD_WriteControl
                0x00001064       0x38 .\CortexM3\ARM_GCC_473\Debug\FW_Fan_Control01.a(LCD.o)
                0x00001064                LCD_WriteControl
 .text.LCD_IsReady
                0x0000109c      0x208 .\CortexM3\ARM_GCC_473\Debug\FW_Fan_Control01.a(LCD.o)
                0x0000109c                LCD_IsReady
 .text.LCD_WrDatNib
                0x000012a4       0xb4 .\CortexM3\ARM_GCC_473\Debug\FW_Fan_Control01.a(LCD.o)
 .text.LCD_WrCntrlNib
                0x00001358       0x90 .\CortexM3\ARM_GCC_473\Debug\FW_Fan_Control01.a(LCD.o)
 .text.LCD_PrintInt8
                0x000013e8       0x44 .\CortexM3\ARM_GCC_473\Debug\FW_Fan_Control01.a(LCD.o)
                0x000013e8                LCD_PrintInt8
 .text.LCD_PrintInt16
                0x0000142c       0x2c .\CortexM3\ARM_GCC_473\Debug\FW_Fan_Control01.a(LCD.o)
                0x0000142c                LCD_PrintInt16
 .text.FanController_Start
                0x00001458       0x2c .\CortexM3\ARM_GCC_473\Debug\FW_Fan_Control01.a(FanController.o)
                0x00001458                FanController_Start
 .text.FanController_Init
                0x00001484      0x108 .\CortexM3\ARM_GCC_473\Debug\FW_Fan_Control01.a(FanController.o)
                0x00001484                FanController_Init
 .text.FanController_Enable
                0x0000158c       0x5c .\CortexM3\ARM_GCC_473\Debug\FW_Fan_Control01.a(FanController.o)
                0x0000158c                FanController_Enable
 .text.FanController_SetAlertMask
                0x000015e8       0x24 .\CortexM3\ARM_GCC_473\Debug\FW_Fan_Control01.a(FanController.o)
                0x000015e8                FanController_SetAlertMask
 .text.FanController_SetDutyCycle
                0x0000160c       0x60 .\CortexM3\ARM_GCC_473\Debug\FW_Fan_Control01.a(FanController.o)
                0x0000160c                FanController_SetDutyCycle
 .text.FanController_SetDesiredSpeed
                0x0000166c      0x17c .\CortexM3\ARM_GCC_473\Debug\FW_Fan_Control01.a(FanController.o)
                0x0000166c                FanController_SetDesiredSpeed
 .text.FanController_GetActualSpeed
                0x000017e8       0x5c .\CortexM3\ARM_GCC_473\Debug\FW_Fan_Control01.a(FanController.o)
                0x000017e8                FanController_GetActualSpeed
 .text.FanController_SetupDMA
                0x00001844      0x138 .\CortexM3\ARM_GCC_473\Debug\FW_Fan_Control01.a(FanController.o)
 .text.FanController_TachOutDMA_DmaInitialize
                0x0000197c       0x64 .\CortexM3\ARM_GCC_473\Debug\FW_Fan_Control01.a(FanController.o)
 .text.EOC_SR_Read
                0x000019e0       0x18 .\CortexM3\ARM_GCC_473\Debug\FW_Fan_Control01.a(EOC_SR.o)
                0x000019e0                EOC_SR_Read
 .text.ADC_DelSig_1_Init
                0x000019f8      0x1e0 .\CortexM3\ARM_GCC_473\Debug\FW_Fan_Control01.a(ADC_DelSig_1.o)
                0x000019f8                ADC_DelSig_1_Init
 .text.ADC_DelSig_1_Enable
                0x00001bd8      0x1e4 .\CortexM3\ARM_GCC_473\Debug\FW_Fan_Control01.a(ADC_DelSig_1.o)
                0x00001bd8                ADC_DelSig_1_Enable
 .text.ADC_DelSig_1_Start
                0x00001dbc       0x3c .\CortexM3\ARM_GCC_473\Debug\FW_Fan_Control01.a(ADC_DelSig_1.o)
                0x00001dbc                ADC_DelSig_1_Start
 .text.ADC_DelSig_1_StartConvert
                0x00001df8       0x28 .\CortexM3\ARM_GCC_473\Debug\FW_Fan_Control01.a(ADC_DelSig_1.o)
                0x00001df8                ADC_DelSig_1_StartConvert
 .text.ADC_DelSig_1_IsEndConversion
                0x00001e20       0x54 .\CortexM3\ARM_GCC_473\Debug\FW_Fan_Control01.a(ADC_DelSig_1.o)
                0x00001e20                ADC_DelSig_1_IsEndConversion
 .text.ADC_DelSig_1_GetResult16
                0x00001e74       0x90 .\CortexM3\ARM_GCC_473\Debug\FW_Fan_Control01.a(ADC_DelSig_1.o)
                0x00001e74                ADC_DelSig_1_GetResult16
 .text.ADC_DelSig_1_InitConfig
                0x00001f04      0x740 .\CortexM3\ARM_GCC_473\Debug\FW_Fan_Control01.a(ADC_DelSig_1.o)
 .text.ADC_DelSig_1_GainCompensation
                0x00002644      0x19c .\CortexM3\ARM_GCC_473\Debug\FW_Fan_Control01.a(ADC_DelSig_1.o)
 .text.ADC_DelSig_1_SetDSMRef0Reg
                0x000027e0       0xa8 .\CortexM3\ARM_GCC_473\Debug\FW_Fan_Control01.a(ADC_DelSig_1.o)
 .text.ADC_DelSig_1_ISR1
                0x00002888        0xc .\CortexM3\ARM_GCC_473\Debug\FW_Fan_Control01.a(ADC_DelSig_1_INT.o)
                0x00002888                ADC_DelSig_1_ISR1
 .text.ADC_DelSig_1_ISR2
                0x00002894        0xc .\CortexM3\ARM_GCC_473\Debug\FW_Fan_Control01.a(ADC_DelSig_1_INT.o)
                0x00002894                ADC_DelSig_1_ISR2
 .text.ADC_DelSig_1_ISR3
                0x000028a0        0xc .\CortexM3\ARM_GCC_473\Debug\FW_Fan_Control01.a(ADC_DelSig_1_INT.o)
                0x000028a0                ADC_DelSig_1_ISR3
 .text.ADC_DelSig_1_ISR4
                0x000028ac        0xc .\CortexM3\ARM_GCC_473\Debug\FW_Fan_Control01.a(ADC_DelSig_1_INT.o)
                0x000028ac                ADC_DelSig_1_ISR4
 .text.ADC_DelSig_1_AMux_Start
                0x000028b8       0x3c .\CortexM3\ARM_GCC_473\Debug\FW_Fan_Control01.a(ADC_DelSig_1_AMux.o)
                0x000028b8                ADC_DelSig_1_AMux_Start
 .text.ADC_DelSig_1_AMux_Select
                0x000028f4       0x2c .\CortexM3\ARM_GCC_473\Debug\FW_Fan_Control01.a(ADC_DelSig_1_AMux.o)
                0x000028f4                ADC_DelSig_1_AMux_Select
 .text.ADC_DelSig_1_Ext_CP_Clk_SetDividerRegister
                0x00002920      0x1e8 .\CortexM3\ARM_GCC_473\Debug\FW_Fan_Control01.a(ADC_DelSig_1_Ext_CP_Clk.o)
                0x00002920                ADC_DelSig_1_Ext_CP_Clk_SetDividerRegister
 .text.ADC_DelSig_1_Ext_CP_Clk_GetDividerRegister
                0x00002b08       0x18 .\CortexM3\ARM_GCC_473\Debug\FW_Fan_Control01.a(ADC_DelSig_1_Ext_CP_Clk.o)
                0x00002b08                ADC_DelSig_1_Ext_CP_Clk_GetDividerRegister
 .text.ADC_DelSig_1_Ext_CP_Clk_SetModeRegister
                0x00002b20       0x3c .\CortexM3\ARM_GCC_473\Debug\FW_Fan_Control01.a(ADC_DelSig_1_Ext_CP_Clk.o)
                0x00002b20                ADC_DelSig_1_Ext_CP_Clk_SetModeRegister
 .text.ADC_DelSig_1_Ext_CP_Clk_GetSourceRegister
                0x00002b5c       0x20 .\CortexM3\ARM_GCC_473\Debug\FW_Fan_Control01.a(ADC_DelSig_1_Ext_CP_Clk.o)
                0x00002b5c                ADC_DelSig_1_Ext_CP_Clk_GetSourceRegister
 .text.ADC_DelSig_1_theACLK_SetDividerRegister
                0x00002b7c      0x1e8 .\CortexM3\ARM_GCC_473\Debug\FW_Fan_Control01.a(ADC_DelSig_1_theACLK.o)
                0x00002b7c                ADC_DelSig_1_theACLK_SetDividerRegister
 .text.ADC_DelSig_1_theACLK_GetDividerRegister
                0x00002d64       0x18 .\CortexM3\ARM_GCC_473\Debug\FW_Fan_Control01.a(ADC_DelSig_1_theACLK.o)
                0x00002d64                ADC_DelSig_1_theACLK_GetDividerRegister
 .text.ADC_DelSig_1_theACLK_SetModeRegister
                0x00002d7c       0x3c .\CortexM3\ARM_GCC_473\Debug\FW_Fan_Control01.a(ADC_DelSig_1_theACLK.o)
                0x00002d7c                ADC_DelSig_1_theACLK_SetModeRegister
 .text.ADC_DelSig_1_theACLK_GetSourceRegister
                0x00002db8       0x20 .\CortexM3\ARM_GCC_473\Debug\FW_Fan_Control01.a(ADC_DelSig_1_theACLK.o)
                0x00002db8                ADC_DelSig_1_theACLK_GetSourceRegister
 .text          0x00002dd8       0x28 .\CortexM3\ARM_GCC_473\Debug\FW_Fan_Control01.a(CyBootAsmGnu.o)
                0x00002dd8                CyDelayCycles
                0x00002dec                CyEnterCriticalSection
                0x00002df4                CyExitCriticalSection
 .text.CyDmacConfigure
                0x00002e00       0x70 .\CortexM3\ARM_GCC_473\Debug\FW_Fan_Control01.a(CyDmac.o)
                0x00002e00                CyDmacConfigure
 .text.CyDmaChEnable
                0x00002e70       0xbc .\CortexM3\ARM_GCC_473\Debug\FW_Fan_Control01.a(CyDmac.o)
                0x00002e70                CyDmaChEnable
 .text.CyDmaChPriority
                0x00002f2c       0x70 .\CortexM3\ARM_GCC_473\Debug\FW_Fan_Control01.a(CyDmac.o)
                0x00002f2c                CyDmaChPriority
 .text.CyDmaChSetExtendedAddress
                0x00002f9c       0x88 .\CortexM3\ARM_GCC_473\Debug\FW_Fan_Control01.a(CyDmac.o)
                0x00002f9c                CyDmaChSetExtendedAddress
 .text.CyDmaChSetInitialTd
                0x00003024       0x44 .\CortexM3\ARM_GCC_473\Debug\FW_Fan_Control01.a(CyDmac.o)
                0x00003024                CyDmaChSetInitialTd
 .text.CyDmaChSetConfiguration
                0x00003068       0xa4 .\CortexM3\ARM_GCC_473\Debug\FW_Fan_Control01.a(CyDmac.o)
                0x00003068                CyDmaChSetConfiguration
 .text.CyDmaTdAllocate
                0x0000310c       0x78 .\CortexM3\ARM_GCC_473\Debug\FW_Fan_Control01.a(CyDmac.o)
                0x0000310c                CyDmaTdAllocate
 .text.CyDmaTdSetConfiguration
                0x00003184       0x7c .\CortexM3\ARM_GCC_473\Debug\FW_Fan_Control01.a(CyDmac.o)
                0x00003184                CyDmaTdSetConfiguration
 .text.CyDmaTdSetAddress
                0x00003200       0x68 .\CortexM3\ARM_GCC_473\Debug\FW_Fan_Control01.a(CyDmac.o)
                0x00003200                CyDmaTdSetAddress
 .text.CyHalt   0x00003268       0x18 .\CortexM3\ARM_GCC_473\Debug\FW_Fan_Control01.a(CyLib.o)
                0x00003268                CyHalt
 .text.CyDelay  0x00003280       0x48 .\CortexM3\ARM_GCC_473\Debug\FW_Fan_Control01.a(CyLib.o)
                0x00003280                CyDelay
 .text.CyDelayUs
                0x000032c8       0x28 .\CortexM3\ARM_GCC_473\Debug\FW_Fan_Control01.a(CyLib.o)
                0x000032c8                CyDelayUs
 .text.CyIntSetVector
                0x000032f0       0x60 .\CortexM3\ARM_GCC_473\Debug\FW_Fan_Control01.a(CyLib.o)
                0x000032f0                CyIntSetVector
 .text.CyIntSetPriority
                0x00003350       0x4c .\CortexM3\ARM_GCC_473\Debug\FW_Fan_Control01.a(CyLib.o)
                0x00003350                CyIntSetPriority
 .text.Trigger_Timer_Init
                0x0000339c       0x58 .\CortexM3\ARM_GCC_473\Debug\FW_Fan_Control01.a(Trigger_Timer.o)
                0x0000339c                Trigger_Timer_Init
 .text.Trigger_Timer_Enable
                0x000033f4       0x28 .\CortexM3\ARM_GCC_473\Debug\FW_Fan_Control01.a(Trigger_Timer.o)
                0x000033f4                Trigger_Timer_Enable
 .text.Trigger_Timer_Start
                0x0000341c       0x2c .\CortexM3\ARM_GCC_473\Debug\FW_Fan_Control01.a(Trigger_Timer.o)
                0x0000341c                Trigger_Timer_Start
 .text.Trigger_Timer_SetInterruptMode
                0x00003448       0x20 .\CortexM3\ARM_GCC_473\Debug\FW_Fan_Control01.a(Trigger_Timer.o)
                0x00003448                Trigger_Timer_SetInterruptMode
 .text.Trigger_Timer_ReadStatusRegister
                0x00003468       0x18 .\CortexM3\ARM_GCC_473\Debug\FW_Fan_Control01.a(Trigger_Timer.o)
                0x00003468                Trigger_Timer_ReadStatusRegister
 .text.Trigger_Timer_WritePeriod
                0x00003480       0x20 .\CortexM3\ARM_GCC_473\Debug\FW_Fan_Control01.a(Trigger_Timer.o)
                0x00003480                Trigger_Timer_WritePeriod
 .text.Trigger_Timer_ReadCapture
                0x000034a0       0x18 .\CortexM3\ARM_GCC_473\Debug\FW_Fan_Control01.a(Trigger_Timer.o)
                0x000034a0                Trigger_Timer_ReadCapture
 .text.Trigger_Timer_WriteCounter
                0x000034b8       0x20 .\CortexM3\ARM_GCC_473\Debug\FW_Fan_Control01.a(Trigger_Timer.o)
                0x000034b8                Trigger_Timer_WriteCounter
 .text.Trigger_Timer_ClearFIFO
                0x000034d8       0x1c .\CortexM3\ARM_GCC_473\Debug\FW_Fan_Control01.a(Trigger_Timer.o)
                0x000034d8                Trigger_Timer_ClearFIFO
 .text.Echo_Timer_Init
                0x000034f4       0x60 .\CortexM3\ARM_GCC_473\Debug\FW_Fan_Control01.a(Echo_Timer.o)
                0x000034f4                Echo_Timer_Init
 .text.Echo_Timer_Enable
                0x00003554       0x28 .\CortexM3\ARM_GCC_473\Debug\FW_Fan_Control01.a(Echo_Timer.o)
                0x00003554                Echo_Timer_Enable
 .text.Echo_Timer_Start
                0x0000357c       0x2c .\CortexM3\ARM_GCC_473\Debug\FW_Fan_Control01.a(Echo_Timer.o)
                0x0000357c                Echo_Timer_Start
 .text.Echo_Timer_Stop
                0x000035a8       0x28 .\CortexM3\ARM_GCC_473\Debug\FW_Fan_Control01.a(Echo_Timer.o)
                0x000035a8                Echo_Timer_Stop
 .text.Echo_Timer_SetInterruptMode
                0x000035d0       0x20 .\CortexM3\ARM_GCC_473\Debug\FW_Fan_Control01.a(Echo_Timer.o)
                0x000035d0                Echo_Timer_SetInterruptMode
 .text.Echo_Timer_ReadStatusRegister
                0x000035f0       0x18 .\CortexM3\ARM_GCC_473\Debug\FW_Fan_Control01.a(Echo_Timer.o)
                0x000035f0                Echo_Timer_ReadStatusRegister
 .text.Echo_Timer_WritePeriod
                0x00003608       0x20 .\CortexM3\ARM_GCC_473\Debug\FW_Fan_Control01.a(Echo_Timer.o)
                0x00003608                Echo_Timer_WritePeriod
 .text.Echo_Timer_ReadCapture
                0x00003628       0x18 .\CortexM3\ARM_GCC_473\Debug\FW_Fan_Control01.a(Echo_Timer.o)
                0x00003628                Echo_Timer_ReadCapture
 .text.Echo_Timer_WriteCounter
                0x00003640       0x20 .\CortexM3\ARM_GCC_473\Debug\FW_Fan_Control01.a(Echo_Timer.o)
                0x00003640                Echo_Timer_WriteCounter
 .text.Echo_Timer_ReadCounter
                0x00003660       0x24 .\CortexM3\ARM_GCC_473\Debug\FW_Fan_Control01.a(Echo_Timer.o)
                0x00003660                Echo_Timer_ReadCounter
 .text.Echo_Timer_SetInterruptCount
                0x00003684       0x54 .\CortexM3\ARM_GCC_473\Debug\FW_Fan_Control01.a(Echo_Timer.o)
                0x00003684                Echo_Timer_SetInterruptCount
 .text.Echo_Timer_ClearFIFO
                0x000036d8       0x1c .\CortexM3\ARM_GCC_473\Debug\FW_Fan_Control01.a(Echo_Timer.o)
                0x000036d8                Echo_Timer_ClearFIFO
 .text.end_echo_IRR_Start
                0x000036f4       0x24 .\CortexM3\ARM_GCC_473\Debug\FW_Fan_Control01.a(end_echo_IRR.o)
                0x000036f4                end_echo_IRR_Start
 .text.end_echo_IRR_StartEx
                0x00003718       0x28 .\CortexM3\ARM_GCC_473\Debug\FW_Fan_Control01.a(end_echo_IRR.o)
                0x00003718                end_echo_IRR_StartEx
 .text.end_echo_IRR_SetVector
                0x00003740       0x28 .\CortexM3\ARM_GCC_473\Debug\FW_Fan_Control01.a(end_echo_IRR.o)
                0x00003740                end_echo_IRR_SetVector
 .text.end_echo_IRR_SetPriority
                0x00003768       0x28 .\CortexM3\ARM_GCC_473\Debug\FW_Fan_Control01.a(end_echo_IRR.o)
                0x00003768                end_echo_IRR_SetPriority
 .text.end_echo_IRR_Enable
                0x00003790       0x18 .\CortexM3\ARM_GCC_473\Debug\FW_Fan_Control01.a(end_echo_IRR.o)
                0x00003790                end_echo_IRR_Enable
 .text.end_echo_IRR_Disable
                0x000037a8       0x18 .\CortexM3\ARM_GCC_473\Debug\FW_Fan_Control01.a(end_echo_IRR.o)
                0x000037a8                end_echo_IRR_Disable
 .text.end_echo_IRR_ClearPending
                0x000037c0       0x18 .\CortexM3\ARM_GCC_473\Debug\FW_Fan_Control01.a(end_echo_IRR.o)
                0x000037c0                end_echo_IRR_ClearPending
 .text.start_echo_IRR_Start
                0x000037d8       0x24 .\CortexM3\ARM_GCC_473\Debug\FW_Fan_Control01.a(start_echo_IRR.o)
                0x000037d8                start_echo_IRR_Start
 .text.start_echo_IRR_StartEx
                0x000037fc       0x28 .\CortexM3\ARM_GCC_473\Debug\FW_Fan_Control01.a(start_echo_IRR.o)
                0x000037fc                start_echo_IRR_StartEx
 .text.start_echo_IRR_SetVector
                0x00003824       0x28 .\CortexM3\ARM_GCC_473\Debug\FW_Fan_Control01.a(start_echo_IRR.o)
                0x00003824                start_echo_IRR_SetVector
 .text.start_echo_IRR_SetPriority
                0x0000384c       0x28 .\CortexM3\ARM_GCC_473\Debug\FW_Fan_Control01.a(start_echo_IRR.o)
                0x0000384c                start_echo_IRR_SetPriority
 .text.start_echo_IRR_Enable
                0x00003874       0x18 .\CortexM3\ARM_GCC_473\Debug\FW_Fan_Control01.a(start_echo_IRR.o)
                0x00003874                start_echo_IRR_Enable
 .text.start_echo_IRR_Disable
                0x0000388c       0x18 .\CortexM3\ARM_GCC_473\Debug\FW_Fan_Control01.a(start_echo_IRR.o)
                0x0000388c                start_echo_IRR_Disable
 .text.start_echo_IRR_ClearPending
                0x000038a4       0x18 .\CortexM3\ARM_GCC_473\Debug\FW_Fan_Control01.a(start_echo_IRR.o)
                0x000038a4                start_echo_IRR_ClearPending
 .text          0x000038bc      0x21c c:/program files (x86)/cypress/psoc creator/3.0/psoc creator/import/gnu_cs/arm/4.7.3/bin/../lib/gcc/arm-none-eabi/4.7.3/armv7-m\libgcc.a(_arm_addsubsf3.o)
                0x000038bc                __aeabi_frsub
                0x000038c4                __subsf3
                0x000038c4                __aeabi_fsub
                0x000038c8                __aeabi_fadd
                0x000038c8                __addsf3
                0x00003a28                __aeabi_ui2f
                0x00003a28                __floatunsisf
                0x00003a30                __aeabi_i2f
                0x00003a30                __floatsisf
                0x00003a4c                __aeabi_ul2f
                0x00003a4c                __floatundisf
                0x00003a5c                __aeabi_l2f
                0x00003a5c                __floatdisf
 .text          0x00003ad8      0x2a0 c:/program files (x86)/cypress/psoc creator/3.0/psoc creator/import/gnu_cs/arm/4.7.3/bin/../lib/gcc/arm-none-eabi/4.7.3/armv7-m\libgcc.a(_arm_muldivsf3.o)
                0x00003ad8                __mulsf3
                0x00003ad8                __aeabi_fmul
                0x00003c40                __aeabi_fdiv
                0x00003c40                __divsf3
 .text          0x00003d78       0x40 c:/program files (x86)/cypress/psoc creator/3.0/psoc creator/import/gnu_cs/arm/4.7.3/bin/../lib/gcc/arm-none-eabi/4.7.3/armv7-m\libgcc.a(_arm_fixunssfsi.o)
                0x00003d78                __fixunssfsi
                0x00003d78                __aeabi_f2uiz
 .text.__libc_init_array
                0x00003db8       0x4c c:/program files (x86)/cypress/psoc creator/3.0/psoc creator/import/gnu_cs/arm/4.7.3/bin/../lib/gcc/arm-none-eabi/4.7.3/../../../../arm-none-eabi/lib/armv7-m\libc_s.a(lib_a-init.o)
                0x00003db8                __libc_init_array
 .text.memcpy   0x00003e04       0x12 c:/program files (x86)/cypress/psoc creator/3.0/psoc creator/import/gnu_cs/arm/4.7.3/bin/../lib/gcc/arm-none-eabi/4.7.3/../../../../arm-none-eabi/lib/armv7-m\libc_s.a(lib_a-memcpy.o)
                0x00003e04                memcpy
 .text.memset   0x00003e16       0x10 c:/program files (x86)/cypress/psoc creator/3.0/psoc creator/import/gnu_cs/arm/4.7.3/bin/../lib/gcc/arm-none-eabi/4.7.3/../../../../arm-none-eabi/lib/armv7-m\libc_s.a(lib_a-memset.o)
                0x00003e16                memset
 *(.plt)
 *(.gnu.warning)
 *(.glue_7t)
 .glue_7t       0x00000000        0x0 linker stubs
 *(.glue_7)
 .glue_7        0x00000000        0x0 linker stubs
 *(.vfp11_veneer)
 .vfp11_veneer  0x00000000        0x0 linker stubs
 *(.bootloader)
 *(.ARM.extab* .gnu.linkonce.armextab.*)
 *(.gcc_except_table)

.v4_bx          0x00003e28        0x0
 .v4_bx         0x00000000        0x0 linker stubs

.iplt           0x00003e28        0x0
 .iplt          0x00000000        0x0 c:/program files (x86)/cypress/psoc creator/3.0/psoc creator/import/gnu_cs/arm/4.7.3/bin/../lib/gcc/arm-none-eabi/4.7.3/armv7-m/crtbegin.o

.eh_frame_hdr
 *(.eh_frame_hdr)

.eh_frame       0x00003e28        0x4
 *(.eh_frame)
 .eh_frame      0x00003e28        0x0 c:/program files (x86)/cypress/psoc creator/3.0/psoc creator/import/gnu_cs/arm/4.7.3/bin/../lib/gcc/arm-none-eabi/4.7.3/armv7-m/crtbegin.o
 .eh_frame      0x00003e28        0x4 c:/program files (x86)/cypress/psoc creator/3.0/psoc creator/import/gnu_cs/arm/4.7.3/bin/../lib/gcc/arm-none-eabi/4.7.3/armv7-m/crtend.o
                0x00003e2c                PROVIDE (__exidx_start, .)

.ARM.exidx
 *(.ARM.exidx* .gnu.linkonce.armexidx.*)
                0x00003e2c                __exidx_end = .

.rodata         0x00003e2c      0x18c
 *(.rodata .rodata.* .gnu.linkonce.r.*)
 .rodata        0x00003e2c      0x13c .\CortexM3\ARM_GCC_473\Debug\FW_Fan_Control01.a(cyfitter_cfg.o)
                0x00003e2c                ADC_DelSig_1_AMux__addrTable
                0x00003e34                ADC_DelSig_1_AMux__maskTable
 .rodata        0x00003f68       0x10 .\CortexM3\ARM_GCC_473\Debug\FW_Fan_Control01.a(LCD.o)
 .rodata        0x00003f78        0xc .\CortexM3\ARM_GCC_473\Debug\FW_Fan_Control01.a(FanController.o)
                0x00003f78                FanController_fanDriverRegs
                0x00003f7c                FanController_fanPwmInitRegs
                0x00003f84                . = ALIGN (0x4)
 *(.init)
 .init          0x00003f84        0x4 c:/program files (x86)/cypress/psoc creator/3.0/psoc creator/import/gnu_cs/arm/4.7.3/bin/../lib/gcc/arm-none-eabi/4.7.3/armv7-m/crti.o
                0x00003f84                _init
 .init          0x00003f88        0x8 c:/program files (x86)/cypress/psoc creator/3.0/psoc creator/import/gnu_cs/arm/4.7.3/bin/../lib/gcc/arm-none-eabi/4.7.3/armv7-m/crtn.o
                0x00003f90                . = ALIGN (0x4)
                0x00003f90                __preinit_array_start = .
 *(.preinit_array)
                0x00003f90                __preinit_array_end = .
                0x00003f90                . = ALIGN (0x4)
                0x00003f90                __init_array_start = .
 *(SORT(.init_array.*))
 *(.init_array)
 .init_array    0x00003f90        0x4 c:/program files (x86)/cypress/psoc creator/3.0/psoc creator/import/gnu_cs/arm/4.7.3/bin/../lib/gcc/arm-none-eabi/4.7.3/armv7-m/crtbegin.o
 .init_array    0x00003f94        0x4 .\CortexM3\ARM_GCC_473\Debug\Cm3Start.o
                0x00003f98                __init_array_end = .
                0x00003f98                . = ALIGN (0x4)
 *(.fini)
 .fini          0x00003f98        0x4 c:/program files (x86)/cypress/psoc creator/3.0/psoc creator/import/gnu_cs/arm/4.7.3/bin/../lib/gcc/arm-none-eabi/4.7.3/armv7-m/crti.o
                0x00003f98                _fini
 .fini          0x00003f9c        0x8 c:/program files (x86)/cypress/psoc creator/3.0/psoc creator/import/gnu_cs/arm/4.7.3/bin/../lib/gcc/arm-none-eabi/4.7.3/armv7-m/crtn.o
                0x00003fa4                . = ALIGN (0x4)
                0x00003fa4                __fini_array_start = .
 *(.fini_array)
 .fini_array    0x00003fa4        0x4 c:/program files (x86)/cypress/psoc creator/3.0/psoc creator/import/gnu_cs/arm/4.7.3/bin/../lib/gcc/arm-none-eabi/4.7.3/armv7-m/crtbegin.o
 *(SORT(.fini_array.*))
                0x00003fa8                __fini_array_end = .
                0x00003fa8                . = ALIGN (0x4)
 *crtbegin.o(.ctors)
 *(EXCLUDE_FILE(*crtend.o) .ctors)
 *(SORT(.ctors.*))
 *crtend.o(.ctors)
                0x00003fa8                . = ALIGN (0x4)
 *crtbegin.o(.dtors)
 *(EXCLUDE_FILE(*crtend.o) .dtors)
 *(SORT(.dtors.*))
 *crtend.o(.dtors)
                0x00003fa8                . = ALIGN (0x4)
                0x00003fa8                __cy_regions = .
                0x00003fa8        0x4 LONG 0x3fb8 __cy_region_init_ram
                0x00003fac        0x4 LONG 0x1fff8108 __cy_region_start_data
                0x00003fb0        0x4 LONG 0x38 __cy_region_init_size_ram
                0x00003fb4        0x4 LONG 0x80 __cy_region_zero_size_ram
                0x00003fb8                __cy_regions_end = .
                0x00003fb8                . = ALIGN (0x8)
                0x00003fb8                _etext = .

.ramvectors     0x1fff8000      0x100
                0x1fff8000                __cy_region_start_ram = .
 *(.ramvectors)
 .ramvectors    0x1fff8000      0x100 .\CortexM3\ARM_GCC_473\Debug\Cm3Start.o
                0x1fff8000                CyRamVectors

.noinit         0x1fff8100        0x5
 *(.noinit)
 .noinit        0x1fff8100        0x4 .\CortexM3\ARM_GCC_473\Debug\Cm3Start.o
 .noinit        0x1fff8104        0x1 .\CortexM3\ARM_GCC_473\Debug\FW_Fan_Control01.a(CyLib.o)
                0x1fff8104                CyResetStatus

.data           0x1fff8108       0x38 load address 0x00003fb8
                0x1fff8108                __cy_region_start_data = .
 *(.jcr)
 .jcr           0x1fff8108        0x0 c:/program files (x86)/cypress/psoc creator/3.0/psoc creator/import/gnu_cs/arm/4.7.3/bin/../lib/gcc/arm-none-eabi/4.7.3/armv7-m/crtbegin.o
 .jcr           0x1fff8108        0x4 c:/program files (x86)/cypress/psoc creator/3.0/psoc creator/import/gnu_cs/arm/4.7.3/bin/../lib/gcc/arm-none-eabi/4.7.3/armv7-m/crtend.o
 *(.got.plt)
 *(.got)
 *(.shdata)
 *(.data .data.* .gnu.linkonce.d.*)
 .data          0x1fff810c        0x2 .\CortexM3\ARM_GCC_473\Debug\main.o
                0x1fff810c                kP
 *fill*         0x1fff810e        0x2 00
 .data          0x1fff8110       0x10 .\CortexM3\ARM_GCC_473\Debug\FW_Fan_Control01.a(FanController.o)
                0x1fff8110                FanController_fanProperties
 .data          0x1fff8120        0x1 .\CortexM3\ARM_GCC_473\Debug\FW_Fan_Control01.a(ADC_DelSig_1.o)
                0x1fff8120                ADC_DelSig_1_Config
 .data          0x1fff8121        0x1 .\CortexM3\ARM_GCC_473\Debug\FW_Fan_Control01.a(ADC_DelSig_1_AMux.o)
 *fill*         0x1fff8122        0x2 00
 .data          0x1fff8124        0x8 .\CortexM3\ARM_GCC_473\Debug\FW_Fan_Control01.a(CyDmac.o)
 .data          0x1fff812c       0x10 .\CortexM3\ARM_GCC_473\Debug\FW_Fan_Control01.a(CyLib.o)
                0x1fff812c                cydelay_freq_hz
                0x1fff8130                cydelay_freq_khz
                0x1fff8134                cydelay_freq_mhz
                0x1fff8138                cydelay_32k_ms
                0x1fff8140                . = ALIGN (0x8)
 *fill*         0x1fff813c        0x4 00
 *(.ram)
                0x1fff8140                _edata = .

.igot.plt       0x1fff8140        0x0 load address 0x00003ff0
 .igot.plt      0x00000000        0x0 c:/program files (x86)/cypress/psoc creator/3.0/psoc creator/import/gnu_cs/arm/4.7.3/bin/../lib/gcc/arm-none-eabi/4.7.3/armv7-m/crtbegin.o

.bss            0x1fff8140       0x80 load address 0x00003ff0
                0x1fff8140                PROVIDE (__bss_start__, .)
 *(.shbss)
 *(.bss .bss.* .gnu.linkonce.b.*)
 .bss           0x1fff8140       0x1c c:/program files (x86)/cypress/psoc creator/3.0/psoc creator/import/gnu_cs/arm/4.7.3/bin/../lib/gcc/arm-none-eabi/4.7.3/armv7-m/crtbegin.o
 .bss           0x1fff815c       0x28 .\CortexM3\ARM_GCC_473\Debug\main.o
                0x1fff815c                echoes
                0x1fff817c                position
                0x1fff817e                kI
                0x1fff8180                kD
 *fill*         0x1fff8184        0x4 00
 .bss           0x1fff8188        0x8 .\CortexM3\ARM_GCC_473\Debug\FW_Fan_Control01.a(cyfitter_cfg.o)
 .bss           0x1fff8190        0x2 .\CortexM3\ARM_GCC_473\Debug\FW_Fan_Control01.a(LCD.o)
                0x1fff8190                LCD_enableState
                0x1fff8191                LCD_initVar
 *fill*         0x1fff8192        0x2 00
 .bss           0x1fff8194        0x8 .\CortexM3\ARM_GCC_473\Debug\FW_Fan_Control01.a(FanController.o)
                0x1fff8194                FanController_initVar
 .bss           0x1fff819c       0x14 .\CortexM3\ARM_GCC_473\Debug\FW_Fan_Control01.a(ADC_DelSig_1.o)
                0x1fff819c                ADC_DelSig_1_convDone
                0x1fff819d                ADC_DelSig_1_stopConversion
                0x1fff819e                ADC_DelSig_1_initVar
                0x1fff819f                ADC_DelSig_1_started
 .bss           0x1fff81b0        0x1 .\CortexM3\ARM_GCC_473\Debug\FW_Fan_Control01.a(Trigger_Timer.o)
                0x1fff81b0                Trigger_Timer_initVar
 .bss           0x1fff81b1        0x1 .\CortexM3\ARM_GCC_473\Debug\FW_Fan_Control01.a(Echo_Timer.o)
                0x1fff81b1                Echo_Timer_initVar
 *(COMMON)
 *fill*         0x1fff81b2        0x2 00
 COMMON         0x1fff81b4        0x2 .\CortexM3\ARM_GCC_473\Debug\FW_Fan_Control01.a(FanController.o)
                0x1fff81b4                FanController_fanControl
 *fill*         0x1fff81b6        0x2 00
 COMMON         0x1fff81b8        0x8 .\CortexM3\ARM_GCC_473\Debug\FW_Fan_Control01.a(ADC_DelSig_1.o)
                0x1fff81b8                ADC_DelSig_1_CountsPerVolt
                0x1fff81bc                ADC_DelSig_1_Offset
                0x1fff81c0                . = ALIGN (0x8)
 *(.ram.b)
                0x1fff81c0                _end = .
                0x1fff81c0                __end = .
                0x1fff81c0                PROVIDE (end, .)
                0x1fff81c0                PROVIDE (__bss_end__, .)
                0x00003fb8                __cy_region_init_ram = LOADADDR (.data)
                0x00000038                __cy_region_init_size_ram = (_edata - ADDR (.data))
                0x00000080                __cy_region_zero_size_ram = (_end - _edata)

.heap           0x1fff81c0     0x1000 load address 0x00003ff0
                0x1fff81c0                . = _end
                0x1fff91c0                . = (. + 0x1000)
 *fill*         0x1fff81c0     0x1000 00
                0x1fff91c0                __cy_heap_limit = .

.stack          0x20004000     0x4000
                0x20004000                __cy_stack_limit = .
                0x20008000                . = (. + 0x4000)
 *fill*         0x20004000     0x4000 00
                0x00000001                ASSERT ((__cy_stack_limit >= __cy_heap_limit), region RAM overflowed with stack)

.cyloadermeta
 *(.cyloadermeta)

.cyloadablemeta
 *(.cyloadablemeta)

.cyconfigecc    0x80000000     0x1928
 *(.cyconfigecc)
 .cyconfigecc   0x80000000     0x1928 .\CortexM3\ARM_GCC_473\Debug\cymetadata.o
                0x80000000                cy_meta_configecc

.cycustnvl      0x90000000        0x4
 *(.cycustnvl)
 .cycustnvl     0x90000000        0x4 .\CortexM3\ARM_GCC_473\Debug\cymetadata.o
                0x90000000                cy_meta_custnvl

.cywolatch      0x90100000        0x4
 *(.cywolatch)
 .cywolatch     0x90100000        0x4 .\CortexM3\ARM_GCC_473\Debug\cymetadata.o
                0x90100000                cy_meta_wonvl

.cyeeprom       0x90200000        0x0
 *(.cyeeprom)
                0x00000001                ASSERT ((. <= ((0x90200000 + ee_offset) + ee_size)), .cyeeprom data will not fit in EEPROM)

.cyflashprotect
                0x90400000      0x100
 *(.cyflashprotect)
 .cyflashprotect
                0x90400000      0x100 .\CortexM3\ARM_GCC_473\Debug\cymetadata.o
                0x90400000                cy_meta_flashprotect

.cymeta         0x90500000        0xc
 *(.cymeta)
 .cymeta        0x90500000        0xc .\CortexM3\ARM_GCC_473\Debug\cymetadata.o
                0x90500000                cy_metadata

.rel.dyn        0x00003ff0        0x0 load address 0x9050000c
 .rel.iplt      0x00000000        0x0 c:/program files (x86)/cypress/psoc creator/3.0/psoc creator/import/gnu_cs/arm/4.7.3/bin/../lib/gcc/arm-none-eabi/4.7.3/armv7-m/crtbegin.o

.stab
 *(.stab)

.stabstr
 *(.stabstr)

.debug
 *(.debug)

.line
 *(.line)

.debug_srcinfo
 *(.debug_srcinfo)

.debug_sfnames
 *(.debug_sfnames)

.debug_aranges  0x00000000      0xb70
 *(.debug_aranges)
 .debug_aranges
                0x00000000       0x38 .\CortexM3\ARM_GCC_473\Debug\main.o
 .debug_aranges
                0x00000038       0x18 .\CortexM3\ARM_GCC_473\Debug\cymetadata.o
 .debug_aranges
                0x00000050       0x40 .\CortexM3\ARM_GCC_473\Debug\Cm3Start.o
 .debug_aranges
                0x00000090       0x70 .\CortexM3\ARM_GCC_473\Debug\FW_Fan_Control01.a(cyfitter_cfg.o)
 .debug_aranges
                0x00000100       0x98 .\CortexM3\ARM_GCC_473\Debug\FW_Fan_Control01.a(LCD.o)
 .debug_aranges
                0x00000198       0xb0 .\CortexM3\ARM_GCC_473\Debug\FW_Fan_Control01.a(FanController.o)
 .debug_aranges
                0x00000248       0x40 .\CortexM3\ARM_GCC_473\Debug\FW_Fan_Control01.a(EOC_SR.o)
 .debug_aranges
                0x00000288       0xe8 .\CortexM3\ARM_GCC_473\Debug\FW_Fan_Control01.a(ADC_DelSig_1.o)
 .debug_aranges
                0x00000370       0x38 .\CortexM3\ARM_GCC_473\Debug\FW_Fan_Control01.a(ADC_DelSig_1_INT.o)
 .debug_aranges
                0x000003a8       0x30 .\CortexM3\ARM_GCC_473\Debug\FW_Fan_Control01.a(ADC_DelSig_1_AMux.o)
 .debug_aranges
                0x000003d8       0x70 .\CortexM3\ARM_GCC_473\Debug\FW_Fan_Control01.a(ADC_DelSig_1_Ext_CP_Clk.o)
 .debug_aranges
                0x00000448       0x80 .\CortexM3\ARM_GCC_473\Debug\FW_Fan_Control01.a(ADC_DelSig_1_theACLK.o)
 .debug_aranges
                0x000004c8       0x20 .\CortexM3\ARM_GCC_473\Debug\FW_Fan_Control01.a(CyBootAsmGnu.o)
 .debug_aranges
                0x000004e8       0xd8 .\CortexM3\ARM_GCC_473\Debug\FW_Fan_Control01.a(CyDmac.o)
 .debug_aranges
                0x000005c0      0x218 .\CortexM3\ARM_GCC_473\Debug\FW_Fan_Control01.a(CyLib.o)
 .debug_aranges
                0x000007d8       0x90 .\CortexM3\ARM_GCC_473\Debug\FW_Fan_Control01.a(cyPm.o)
 .debug_aranges
                0x00000868       0x90 .\CortexM3\ARM_GCC_473\Debug\FW_Fan_Control01.a(Trigger_Timer.o)
 .debug_aranges
                0x000008f8       0x98 .\CortexM3\ARM_GCC_473\Debug\FW_Fan_Control01.a(Echo_Timer.o)
 .debug_aranges
                0x00000990       0x80 .\CortexM3\ARM_GCC_473\Debug\FW_Fan_Control01.a(end_echo_IRR.o)
 .debug_aranges
                0x00000a10       0x80 .\CortexM3\ARM_GCC_473\Debug\FW_Fan_Control01.a(start_echo_IRR.o)
 .debug_aranges
                0x00000a90       0x78 .\CortexM3\ARM_GCC_473\Debug\FW_Fan_Control01.a(CyFlash.o)
 .debug_aranges
                0x00000b08       0x68 .\CortexM3\ARM_GCC_473\Debug\FW_Fan_Control01.a(CySpc.o)

.debug_pubnames
 *(.debug_pubnames)

.debug_info     0x00000000     0x542e
 *(.debug_info .gnu.linkonce.wi.*)
 .debug_info    0x00000000      0x2a7 .\CortexM3\ARM_GCC_473\Debug\main.o
 .debug_info    0x000002a7      0x143 .\CortexM3\ARM_GCC_473\Debug\cymetadata.o
 .debug_info    0x000003ea      0x2ea .\CortexM3\ARM_GCC_473\Debug\Cm3Start.o
 .debug_info    0x000006d4      0x493 .\CortexM3\ARM_GCC_473\Debug\FW_Fan_Control01.a(cyfitter_cfg.o)
 .debug_info    0x00000b67      0x408 .\CortexM3\ARM_GCC_473\Debug\FW_Fan_Control01.a(LCD.o)
 .debug_info    0x00000f6f      0x66e .\CortexM3\ARM_GCC_473\Debug\FW_Fan_Control01.a(FanController.o)
 .debug_info    0x000015dd      0x156 .\CortexM3\ARM_GCC_473\Debug\FW_Fan_Control01.a(EOC_SR.o)
 .debug_info    0x00001733      0x7a9 .\CortexM3\ARM_GCC_473\Debug\FW_Fan_Control01.a(ADC_DelSig_1.o)
 .debug_info    0x00001edc       0xe4 .\CortexM3\ARM_GCC_473\Debug\FW_Fan_Control01.a(ADC_DelSig_1_INT.o)
 .debug_info    0x00001fc0      0x11c .\CortexM3\ARM_GCC_473\Debug\FW_Fan_Control01.a(ADC_DelSig_1_AMux.o)
 .debug_info    0x000020dc      0x294 .\CortexM3\ARM_GCC_473\Debug\FW_Fan_Control01.a(ADC_DelSig_1_Ext_CP_Clk.o)
 .debug_info    0x00002370      0x2da .\CortexM3\ARM_GCC_473\Debug\FW_Fan_Control01.a(ADC_DelSig_1_theACLK.o)
 .debug_info    0x0000264a       0x88 .\CortexM3\ARM_GCC_473\Debug\FW_Fan_Control01.a(CyBootAsmGnu.o)
 .debug_info    0x000026d2      0x93a .\CortexM3\ARM_GCC_473\Debug\FW_Fan_Control01.a(CyDmac.o)
 .debug_info    0x0000300c      0xcd7 .\CortexM3\ARM_GCC_473\Debug\FW_Fan_Control01.a(CyLib.o)
 .debug_info    0x00003ce3      0x5c3 .\CortexM3\ARM_GCC_473\Debug\FW_Fan_Control01.a(cyPm.o)
 .debug_info    0x000042a6      0x2a0 .\CortexM3\ARM_GCC_473\Debug\FW_Fan_Control01.a(Trigger_Timer.o)
 .debug_info    0x00004546      0x2cb .\CortexM3\ARM_GCC_473\Debug\FW_Fan_Control01.a(Echo_Timer.o)
 .debug_info    0x00004811      0x278 .\CortexM3\ARM_GCC_473\Debug\FW_Fan_Control01.a(end_echo_IRR.o)
 .debug_info    0x00004a89      0x278 .\CortexM3\ARM_GCC_473\Debug\FW_Fan_Control01.a(start_echo_IRR.o)
 .debug_info    0x00004d01      0x354 .\CortexM3\ARM_GCC_473\Debug\FW_Fan_Control01.a(CyFlash.o)
 .debug_info    0x00005055      0x3d9 .\CortexM3\ARM_GCC_473\Debug\FW_Fan_Control01.a(CySpc.o)

.debug_abbrev   0x00000000     0x191e
 *(.debug_abbrev)
 .debug_abbrev  0x00000000       0xfd .\CortexM3\ARM_GCC_473\Debug\main.o
 .debug_abbrev  0x000000fd       0x77 .\CortexM3\ARM_GCC_473\Debug\cymetadata.o
 .debug_abbrev  0x00000174      0x175 .\CortexM3\ARM_GCC_473\Debug\Cm3Start.o
 .debug_abbrev  0x000002e9      0x189 .\CortexM3\ARM_GCC_473\Debug\FW_Fan_Control01.a(cyfitter_cfg.o)
 .debug_abbrev  0x00000472      0x122 .\CortexM3\ARM_GCC_473\Debug\FW_Fan_Control01.a(LCD.o)
 .debug_abbrev  0x00000594      0x1e0 .\CortexM3\ARM_GCC_473\Debug\FW_Fan_Control01.a(FanController.o)
 .debug_abbrev  0x00000774       0xac .\CortexM3\ARM_GCC_473\Debug\FW_Fan_Control01.a(EOC_SR.o)
 .debug_abbrev  0x00000820      0x192 .\CortexM3\ARM_GCC_473\Debug\FW_Fan_Control01.a(ADC_DelSig_1.o)
 .debug_abbrev  0x000009b2       0x44 .\CortexM3\ARM_GCC_473\Debug\FW_Fan_Control01.a(ADC_DelSig_1_INT.o)
 .debug_abbrev  0x000009f6       0x71 .\CortexM3\ARM_GCC_473\Debug\FW_Fan_Control01.a(ADC_DelSig_1_AMux.o)
 .debug_abbrev  0x00000a67      0x11f .\CortexM3\ARM_GCC_473\Debug\FW_Fan_Control01.a(ADC_DelSig_1_Ext_CP_Clk.o)
 .debug_abbrev  0x00000b86      0x11f .\CortexM3\ARM_GCC_473\Debug\FW_Fan_Control01.a(ADC_DelSig_1_theACLK.o)
 .debug_abbrev  0x00000ca5       0x14 .\CortexM3\ARM_GCC_473\Debug\FW_Fan_Control01.a(CyBootAsmGnu.o)
 .debug_abbrev  0x00000cb9      0x189 .\CortexM3\ARM_GCC_473\Debug\FW_Fan_Control01.a(CyDmac.o)
 .debug_abbrev  0x00000e42      0x207 .\CortexM3\ARM_GCC_473\Debug\FW_Fan_Control01.a(CyLib.o)
 .debug_abbrev  0x00001049      0x170 .\CortexM3\ARM_GCC_473\Debug\FW_Fan_Control01.a(cyPm.o)
 .debug_abbrev  0x000011b9      0x11d .\CortexM3\ARM_GCC_473\Debug\FW_Fan_Control01.a(Trigger_Timer.o)
 .debug_abbrev  0x000012d6      0x11d .\CortexM3\ARM_GCC_473\Debug\FW_Fan_Control01.a(Echo_Timer.o)
 .debug_abbrev  0x000013f3      0x12d .\CortexM3\ARM_GCC_473\Debug\FW_Fan_Control01.a(end_echo_IRR.o)
 .debug_abbrev  0x00001520      0x12d .\CortexM3\ARM_GCC_473\Debug\FW_Fan_Control01.a(start_echo_IRR.o)
 .debug_abbrev  0x0000164d      0x172 .\CortexM3\ARM_GCC_473\Debug\FW_Fan_Control01.a(CyFlash.o)
 .debug_abbrev  0x000017bf      0x15f .\CortexM3\ARM_GCC_473\Debug\FW_Fan_Control01.a(CySpc.o)

.debug_line     0x00000000     0x2ae5
 *(.debug_line)
 .debug_line    0x00000000      0x1ba .\CortexM3\ARM_GCC_473\Debug\main.o
 .debug_line    0x000001ba       0x53 .\CortexM3\ARM_GCC_473\Debug\cymetadata.o
 .debug_line    0x0000020d      0x1af .\CortexM3\ARM_GCC_473\Debug\Cm3Start.o
 .debug_line    0x000003bc      0x25e .\CortexM3\ARM_GCC_473\Debug\FW_Fan_Control01.a(cyfitter_cfg.o)
 .debug_line    0x0000061a      0x214 .\CortexM3\ARM_GCC_473\Debug\FW_Fan_Control01.a(LCD.o)
 .debug_line    0x0000082e      0x2ad .\CortexM3\ARM_GCC_473\Debug\FW_Fan_Control01.a(FanController.o)
 .debug_line    0x00000adb       0xac .\CortexM3\ARM_GCC_473\Debug\FW_Fan_Control01.a(EOC_SR.o)
 .debug_line    0x00000b87      0x3db .\CortexM3\ARM_GCC_473\Debug\FW_Fan_Control01.a(ADC_DelSig_1.o)
 .debug_line    0x00000f62       0x97 .\CortexM3\ARM_GCC_473\Debug\FW_Fan_Control01.a(ADC_DelSig_1_INT.o)
 .debug_line    0x00000ff9       0xa8 .\CortexM3\ARM_GCC_473\Debug\FW_Fan_Control01.a(ADC_DelSig_1_AMux.o)
 .debug_line    0x000010a1      0x1ae .\CortexM3\ARM_GCC_473\Debug\FW_Fan_Control01.a(ADC_DelSig_1_Ext_CP_Clk.o)
 .debug_line    0x0000124f      0x1cf .\CortexM3\ARM_GCC_473\Debug\FW_Fan_Control01.a(ADC_DelSig_1_theACLK.o)
 .debug_line    0x0000141e       0x68 .\CortexM3\ARM_GCC_473\Debug\FW_Fan_Control01.a(CyBootAsmGnu.o)
 .debug_line    0x00001486      0x2bc .\CortexM3\ARM_GCC_473\Debug\FW_Fan_Control01.a(CyDmac.o)
 .debug_line    0x00001742      0x73b .\CortexM3\ARM_GCC_473\Debug\FW_Fan_Control01.a(CyLib.o)
 .debug_line    0x00001e7d      0x370 .\CortexM3\ARM_GCC_473\Debug\FW_Fan_Control01.a(cyPm.o)
 .debug_line    0x000021ed      0x17c .\CortexM3\ARM_GCC_473\Debug\FW_Fan_Control01.a(Trigger_Timer.o)
 .debug_line    0x00002369      0x18c .\CortexM3\ARM_GCC_473\Debug\FW_Fan_Control01.a(Echo_Timer.o)
 .debug_line    0x000024f5      0x147 .\CortexM3\ARM_GCC_473\Debug\FW_Fan_Control01.a(end_echo_IRR.o)
 .debug_line    0x0000263c      0x159 .\CortexM3\ARM_GCC_473\Debug\FW_Fan_Control01.a(start_echo_IRR.o)
 .debug_line    0x00002795      0x1a9 .\CortexM3\ARM_GCC_473\Debug\FW_Fan_Control01.a(CyFlash.o)
 .debug_line    0x0000293e      0x1a7 .\CortexM3\ARM_GCC_473\Debug\FW_Fan_Control01.a(CySpc.o)

.debug_frame    0x00000000     0x2a70
 *(.debug_frame)
 .debug_frame   0x00000000       0x94 .\CortexM3\ARM_GCC_473\Debug\main.o
 .debug_frame   0x00000094       0xa4 .\CortexM3\ARM_GCC_473\Debug\Cm3Start.o
 .debug_frame   0x00000138      0x158 .\CortexM3\ARM_GCC_473\Debug\FW_Fan_Control01.a(cyfitter_cfg.o)
 .debug_frame   0x00000290      0x200 .\CortexM3\ARM_GCC_473\Debug\FW_Fan_Control01.a(LCD.o)
 .debug_frame   0x00000490      0x250 .\CortexM3\ARM_GCC_473\Debug\FW_Fan_Control01.a(FanController.o)
 .debug_frame   0x000006e0       0xa4 .\CortexM3\ARM_GCC_473\Debug\FW_Fan_Control01.a(EOC_SR.o)
 .debug_frame   0x00000784      0x31c .\CortexM3\ARM_GCC_473\Debug\FW_Fan_Control01.a(ADC_DelSig_1.o)
 .debug_frame   0x00000aa0       0x80 .\CortexM3\ARM_GCC_473\Debug\FW_Fan_Control01.a(ADC_DelSig_1_INT.o)
 .debug_frame   0x00000b20       0x70 .\CortexM3\ARM_GCC_473\Debug\FW_Fan_Control01.a(ADC_DelSig_1_AMux.o)
 .debug_frame   0x00000b90      0x14c .\CortexM3\ARM_GCC_473\Debug\FW_Fan_Control01.a(ADC_DelSig_1_Ext_CP_Clk.o)
 .debug_frame   0x00000cdc      0x184 .\CortexM3\ARM_GCC_473\Debug\FW_Fan_Control01.a(ADC_DelSig_1_theACLK.o)
 .debug_frame   0x00000e60      0x2c0 .\CortexM3\ARM_GCC_473\Debug\FW_Fan_Control01.a(CyDmac.o)
 .debug_frame   0x00001120      0x778 .\CortexM3\ARM_GCC_473\Debug\FW_Fan_Control01.a(CyLib.o)
 .debug_frame   0x00001898      0x1d0 .\CortexM3\ARM_GCC_473\Debug\FW_Fan_Control01.a(cyPm.o)
 .debug_frame   0x00001a68      0x1b8 .\CortexM3\ARM_GCC_473\Debug\FW_Fan_Control01.a(Trigger_Timer.o)
 .debug_frame   0x00001c20      0x1d4 .\CortexM3\ARM_GCC_473\Debug\FW_Fan_Control01.a(Echo_Timer.o)
 .debug_frame   0x00001df4      0x180 .\CortexM3\ARM_GCC_473\Debug\FW_Fan_Control01.a(end_echo_IRR.o)
 .debug_frame   0x00001f74      0x180 .\CortexM3\ARM_GCC_473\Debug\FW_Fan_Control01.a(start_echo_IRR.o)
 .debug_frame   0x000020f4      0x178 .\CortexM3\ARM_GCC_473\Debug\FW_Fan_Control01.a(CyFlash.o)
 .debug_frame   0x0000226c      0x13c .\CortexM3\ARM_GCC_473\Debug\FW_Fan_Control01.a(CySpc.o)
 .debug_frame   0x000023a8       0x28 c:/program files (x86)/cypress/psoc creator/3.0/psoc creator/import/gnu_cs/arm/4.7.3/bin/../lib/gcc/arm-none-eabi/4.7.3/../../../../arm-none-eabi/lib/armv7-m\libc_s.a(lib_a-__atexit2.o)
 .debug_frame   0x000023d0       0x28 c:/program files (x86)/cypress/psoc creator/3.0/psoc creator/import/gnu_cs/arm/4.7.3/bin/../lib/gcc/arm-none-eabi/4.7.3/../../../../arm-none-eabi/lib/armv7-m\libc_s.a(lib_a-exit.o)
 .debug_frame   0x000023f8       0x2c c:/program files (x86)/cypress/psoc creator/3.0/psoc creator/import/gnu_cs/arm/4.7.3/bin/../lib/gcc/arm-none-eabi/4.7.3/../../../../arm-none-eabi/lib/armv7-m\libc_s.a(lib_a-fini.o)
 .debug_frame   0x00002424       0x2c c:/program files (x86)/cypress/psoc creator/3.0/psoc creator/import/gnu_cs/arm/4.7.3/bin/../lib/gcc/arm-none-eabi/4.7.3/../../../../arm-none-eabi/lib/armv7-m\libc_s.a(lib_a-init.o)
 .debug_frame   0x00002450       0x28 c:/program files (x86)/cypress/psoc creator/3.0/psoc creator/import/gnu_cs/arm/4.7.3/bin/../lib/gcc/arm-none-eabi/4.7.3/../../../../arm-none-eabi/lib/armv7-m\libc_s.a(lib_a-memcpy.o)
 .debug_frame   0x00002478       0x20 c:/program files (x86)/cypress/psoc creator/3.0/psoc creator/import/gnu_cs/arm/4.7.3/bin/../lib/gcc/arm-none-eabi/4.7.3/../../../../arm-none-eabi/lib/armv7-m\libc_s.a(lib_a-memset.o)
 .debug_frame   0x00002498       0x80 c:/program files (x86)/cypress/psoc creator/3.0/psoc creator/import/gnu_cs/arm/4.7.3/bin/../lib/gcc/arm-none-eabi/4.7.3/../../../../arm-none-eabi/lib/armv7-m\libc_s.a(lib_a-vfprintf_float.o)
 .debug_frame   0x00002518       0x58 c:/program files (x86)/cypress/psoc creator/3.0/psoc creator/import/gnu_cs/arm/4.7.3/bin/../lib/gcc/arm-none-eabi/4.7.3/../../../../arm-none-eabi/lib/armv7-m\libc_s.a(lib_a-vfprintf_i.o)
 .debug_frame   0x00002570       0x68 c:/program files (x86)/cypress/psoc creator/3.0/psoc creator/import/gnu_cs/arm/4.7.3/bin/../lib/gcc/arm-none-eabi/4.7.3/../../../../arm-none-eabi/lib/armv7-m\libc_s.a(lib_a-dtoa.o)
 .debug_frame   0x000025d8       0x98 c:/program files (x86)/cypress/psoc creator/3.0/psoc creator/import/gnu_cs/arm/4.7.3/bin/../lib/gcc/arm-none-eabi/4.7.3/../../../../arm-none-eabi/lib/armv7-m\libc_s.a(lib_a-locale.o)
 .debug_frame   0x00002670       0x30 c:/program files (x86)/cypress/psoc creator/3.0/psoc creator/import/gnu_cs/arm/4.7.3/bin/../lib/gcc/arm-none-eabi/4.7.3/../../../../arm-none-eabi/lib/armv7-m\libc_s.a(lib_a-malloc.o)
 .debug_frame   0x000026a0       0x2c c:/program files (x86)/cypress/psoc creator/3.0/psoc creator/import/gnu_cs/arm/4.7.3/bin/../lib/gcc/arm-none-eabi/4.7.3/../../../../arm-none-eabi/lib/armv7-m\libc_s.a(lib_a-mallocr.o)
 .debug_frame   0x000026cc      0x23c c:/program files (x86)/cypress/psoc creator/3.0/psoc creator/import/gnu_cs/arm/4.7.3/bin/../lib/gcc/arm-none-eabi/4.7.3/../../../../arm-none-eabi/lib/armv7-m\libc_s.a(lib_a-mprec.o)
 .debug_frame   0x00002908       0x20 c:/program files (x86)/cypress/psoc creator/3.0/psoc creator/import/gnu_cs/arm/4.7.3/bin/../lib/gcc/arm-none-eabi/4.7.3/../../../../arm-none-eabi/lib/armv7-m\libc_s.a(lib_a-s_fpclassify.o)
 .debug_frame   0x00002928       0x2c c:/program files (x86)/cypress/psoc creator/3.0/psoc creator/import/gnu_cs/arm/4.7.3/bin/../lib/gcc/arm-none-eabi/4.7.3/../../../../arm-none-eabi/lib/armv7-m\libc_s.a(lib_a-sbrkr.o)
 .debug_frame   0x00002954       0x20 c:/program files (x86)/cypress/psoc creator/3.0/psoc creator/import/gnu_cs/arm/4.7.3/bin/../lib/gcc/arm-none-eabi/4.7.3/../../../../arm-none-eabi/lib/armv7-m\libc_s.a(lib_a-strcmp.o)
 .debug_frame   0x00002974       0x20 c:/program files (x86)/cypress/psoc creator/3.0/psoc creator/import/gnu_cs/arm/4.7.3/bin/../lib/gcc/arm-none-eabi/4.7.3/../../../../arm-none-eabi/lib/armv7-m\libc_s.a(lib_a-strlen.o)
 .debug_frame   0x00002994       0x2c c:/program files (x86)/cypress/psoc creator/3.0/psoc creator/import/gnu_cs/arm/4.7.3/bin/../lib/gcc/arm-none-eabi/4.7.3/../../../../arm-none-eabi/lib/armv7-m\libc_s.a(lib_a-callocr.o)
 .debug_frame   0x000029c0       0x2c c:/program files (x86)/cypress/psoc creator/3.0/psoc creator/import/gnu_cs/arm/4.7.3/bin/../lib/gcc/arm-none-eabi/4.7.3/../../../../arm-none-eabi/lib/armv7-m\libc_s.a(lib_a-freer.o)
 .debug_frame   0x000029ec       0x64 c:/program files (x86)/cypress/psoc creator/3.0/psoc creator/import/gnu_cs/arm/4.7.3/bin/../lib/gcc/arm-none-eabi/4.7.3/../../../../arm-none-eabi/lib/armv7-m\libc_s.a(lib_a-reent.o)
 .debug_frame   0x00002a50       0x20 c:/program files (x86)/cypress/psoc creator/3.0/psoc creator/import/gnu_cs/arm/4.7.3/bin/../lib/gcc/arm-none-eabi/4.7.3/../../../../arm-none-eabi/lib/armv7-m\libnosys.a(sbrk.o)

.debug_str      0x00000000     0x2ae9
 *(.debug_str)
 .debug_str     0x00000000      0x1e1 .\CortexM3\ARM_GCC_473\Debug\main.o
                                0x225 (size before relaxing)
 .debug_str     0x000001e1       0x77 .\CortexM3\ARM_GCC_473\Debug\cymetadata.o
                                0x19d (size before relaxing)
 .debug_str     0x00000258      0x10d .\CortexM3\ARM_GCC_473\Debug\Cm3Start.o
                                0x259 (size before relaxing)
 .debug_str     0x00000365      0x1e9 .\CortexM3\ARM_GCC_473\Debug\FW_Fan_Control01.a(cyfitter_cfg.o)
                                0x336 (size before relaxing)
 .debug_str     0x0000054e      0x17f .\CortexM3\ARM_GCC_473\Debug\FW_Fan_Control01.a(LCD.o)
                                0x2b8 (size before relaxing)
 .debug_str     0x000006cd      0x4db .\CortexM3\ARM_GCC_473\Debug\FW_Fan_Control01.a(FanController.o)
                                0x633 (size before relaxing)
 .debug_str     0x00000ba8       0x83 .\CortexM3\ARM_GCC_473\Debug\FW_Fan_Control01.a(EOC_SR.o)
                                0x1bd (size before relaxing)
 .debug_str     0x00000c2b      0x447 .\CortexM3\ARM_GCC_473\Debug\FW_Fan_Control01.a(ADC_DelSig_1.o)
                                0x5ca (size before relaxing)
 .debug_str     0x00001072       0x74 .\CortexM3\ARM_GCC_473\Debug\FW_Fan_Control01.a(ADC_DelSig_1_INT.o)
                                0x194 (size before relaxing)
 .debug_str     0x000010e6       0x9e .\CortexM3\ARM_GCC_473\Debug\FW_Fan_Control01.a(ADC_DelSig_1_AMux.o)
                                0x1c3 (size before relaxing)
 .debug_str     0x00001184      0x222 .\CortexM3\ARM_GCC_473\Debug\FW_Fan_Control01.a(ADC_DelSig_1_Ext_CP_Clk.o)
                                0x361 (size before relaxing)
 .debug_str     0x000013a6      0x20a .\CortexM3\ARM_GCC_473\Debug\FW_Fan_Control01.a(ADC_DelSig_1_theACLK.o)
                                0x392 (size before relaxing)
 .debug_str     0x000015b0      0x33f .\CortexM3\ARM_GCC_473\Debug\FW_Fan_Control01.a(CyDmac.o)
                                0x4c4 (size before relaxing)
 .debug_str     0x000018ef      0x600 .\CortexM3\ARM_GCC_473\Debug\FW_Fan_Control01.a(CyLib.o)
                                0x7bf (size before relaxing)
 .debug_str     0x00001eef      0x371 .\CortexM3\ARM_GCC_473\Debug\FW_Fan_Control01.a(cyPm.o)
                                0x4ce (size before relaxing)
 .debug_str     0x00002260      0x1fd .\CortexM3\ARM_GCC_473\Debug\FW_Fan_Control01.a(Trigger_Timer.o)
                                0x345 (size before relaxing)
 .debug_str     0x0000245d      0x1de .\CortexM3\ARM_GCC_473\Debug\FW_Fan_Control01.a(Echo_Timer.o)
                                0x33b (size before relaxing)
 .debug_str     0x0000263b      0x133 .\CortexM3\ARM_GCC_473\Debug\FW_Fan_Control01.a(end_echo_IRR.o)
                                0x2af (size before relaxing)
 .debug_str     0x0000276e      0x14d .\CortexM3\ARM_GCC_473\Debug\FW_Fan_Control01.a(start_echo_IRR.o)
                                0x2cb (size before relaxing)
 .debug_str     0x000028bb      0x130 .\CortexM3\ARM_GCC_473\Debug\FW_Fan_Control01.a(CyFlash.o)
                                0x294 (size before relaxing)
 .debug_str     0x000029eb       0xfe .\CortexM3\ARM_GCC_473\Debug\FW_Fan_Control01.a(CySpc.o)
                                0x270 (size before relaxing)

.debug_loc      0x00000000     0x3c34
 *(.debug_loc)
 .debug_loc     0x00000000       0xc8 .\CortexM3\ARM_GCC_473\Debug\main.o
 .debug_loc     0x000000c8      0x100 .\CortexM3\ARM_GCC_473\Debug\Cm3Start.o
 .debug_loc     0x000001c8      0x25c .\CortexM3\ARM_GCC_473\Debug\FW_Fan_Control01.a(cyfitter_cfg.o)
 .debug_loc     0x00000424      0x350 .\CortexM3\ARM_GCC_473\Debug\FW_Fan_Control01.a(LCD.o)
 .debug_loc     0x00000774      0x3ec .\CortexM3\ARM_GCC_473\Debug\FW_Fan_Control01.a(FanController.o)
 .debug_loc     0x00000b60      0x100 .\CortexM3\ARM_GCC_473\Debug\FW_Fan_Control01.a(EOC_SR.o)
 .debug_loc     0x00000c60      0x58c .\CortexM3\ARM_GCC_473\Debug\FW_Fan_Control01.a(ADC_DelSig_1.o)
 .debug_loc     0x000011ec       0xb0 .\CortexM3\ARM_GCC_473\Debug\FW_Fan_Control01.a(ADC_DelSig_1_INT.o)
 .debug_loc     0x0000129c       0xa8 .\CortexM3\ARM_GCC_473\Debug\FW_Fan_Control01.a(ADC_DelSig_1_AMux.o)
 .debug_loc     0x00001344      0x22c .\CortexM3\ARM_GCC_473\Debug\FW_Fan_Control01.a(ADC_DelSig_1_Ext_CP_Clk.o)
 .debug_loc     0x00001570      0x290 .\CortexM3\ARM_GCC_473\Debug\FW_Fan_Control01.a(ADC_DelSig_1_theACLK.o)
 .debug_loc     0x00001800      0x51c .\CortexM3\ARM_GCC_473\Debug\FW_Fan_Control01.a(CyDmac.o)
 .debug_loc     0x00001d1c      0xce0 .\CortexM3\ARM_GCC_473\Debug\FW_Fan_Control01.a(CyLib.o)
 .debug_loc     0x000029fc      0x2e8 .\CortexM3\ARM_GCC_473\Debug\FW_Fan_Control01.a(cyPm.o)
 .debug_loc     0x00002ce4      0x2d0 .\CortexM3\ARM_GCC_473\Debug\FW_Fan_Control01.a(Trigger_Timer.o)
 .debug_loc     0x00002fb4      0x308 .\CortexM3\ARM_GCC_473\Debug\FW_Fan_Control01.a(Echo_Timer.o)
 .debug_loc     0x000032bc      0x278 .\CortexM3\ARM_GCC_473\Debug\FW_Fan_Control01.a(end_echo_IRR.o)
 .debug_loc     0x00003534      0x278 .\CortexM3\ARM_GCC_473\Debug\FW_Fan_Control01.a(start_echo_IRR.o)
 .debug_loc     0x000037ac      0x258 .\CortexM3\ARM_GCC_473\Debug\FW_Fan_Control01.a(CyFlash.o)
 .debug_loc     0x00003a04      0x230 .\CortexM3\ARM_GCC_473\Debug\FW_Fan_Control01.a(CySpc.o)

.debug_macinfo
 *(.debug_macinfo)

.debug_ranges   0x00000000      0xa40
 *(.debug_ranges)
 .debug_ranges  0x00000000       0x70 .\CortexM3\ARM_GCC_473\Debug\main.o
 .debug_ranges  0x00000070       0x30 .\CortexM3\ARM_GCC_473\Debug\Cm3Start.o
 .debug_ranges  0x000000a0       0x60 .\CortexM3\ARM_GCC_473\Debug\FW_Fan_Control01.a(cyfitter_cfg.o)
 .debug_ranges  0x00000100       0x88 .\CortexM3\ARM_GCC_473\Debug\FW_Fan_Control01.a(LCD.o)
 .debug_ranges  0x00000188       0xa0 .\CortexM3\ARM_GCC_473\Debug\FW_Fan_Control01.a(FanController.o)
 .debug_ranges  0x00000228       0x30 .\CortexM3\ARM_GCC_473\Debug\FW_Fan_Control01.a(EOC_SR.o)
 .debug_ranges  0x00000258       0xd8 .\CortexM3\ARM_GCC_473\Debug\FW_Fan_Control01.a(ADC_DelSig_1.o)
 .debug_ranges  0x00000330       0x28 .\CortexM3\ARM_GCC_473\Debug\FW_Fan_Control01.a(ADC_DelSig_1_INT.o)
 .debug_ranges  0x00000358       0x20 .\CortexM3\ARM_GCC_473\Debug\FW_Fan_Control01.a(ADC_DelSig_1_AMux.o)
 .debug_ranges  0x00000378       0x60 .\CortexM3\ARM_GCC_473\Debug\FW_Fan_Control01.a(ADC_DelSig_1_Ext_CP_Clk.o)
 .debug_ranges  0x000003d8       0x70 .\CortexM3\ARM_GCC_473\Debug\FW_Fan_Control01.a(ADC_DelSig_1_theACLK.o)
 .debug_ranges  0x00000448       0xc8 .\CortexM3\ARM_GCC_473\Debug\FW_Fan_Control01.a(CyDmac.o)
 .debug_ranges  0x00000510      0x208 .\CortexM3\ARM_GCC_473\Debug\FW_Fan_Control01.a(CyLib.o)
 .debug_ranges  0x00000718       0x80 .\CortexM3\ARM_GCC_473\Debug\FW_Fan_Control01.a(cyPm.o)
 .debug_ranges  0x00000798       0x80 .\CortexM3\ARM_GCC_473\Debug\FW_Fan_Control01.a(Trigger_Timer.o)
 .debug_ranges  0x00000818       0x88 .\CortexM3\ARM_GCC_473\Debug\FW_Fan_Control01.a(Echo_Timer.o)
 .debug_ranges  0x000008a0       0x70 .\CortexM3\ARM_GCC_473\Debug\FW_Fan_Control01.a(end_echo_IRR.o)
 .debug_ranges  0x00000910       0x70 .\CortexM3\ARM_GCC_473\Debug\FW_Fan_Control01.a(start_echo_IRR.o)
 .debug_ranges  0x00000980       0x68 .\CortexM3\ARM_GCC_473\Debug\FW_Fan_Control01.a(CyFlash.o)
 .debug_ranges  0x000009e8       0x58 .\CortexM3\ARM_GCC_473\Debug\FW_Fan_Control01.a(CySpc.o)

.comment        0x00000000       0x70
 .comment       0x00000000       0x70 .\CortexM3\ARM_GCC_473\Debug\main.o
                                 0x71 (size before relaxing)
 .comment       0x00000000       0x71 .\CortexM3\ARM_GCC_473\Debug\cymetadata.o
 .comment       0x00000000       0x71 .\CortexM3\ARM_GCC_473\Debug\Cm3Start.o
 .comment       0x00000000       0x71 .\CortexM3\ARM_GCC_473\Debug\FW_Fan_Control01.a(cyfitter_cfg.o)
 .comment       0x00000000       0x71 .\CortexM3\ARM_GCC_473\Debug\FW_Fan_Control01.a(LCD.o)
 .comment       0x00000000       0x71 .\CortexM3\ARM_GCC_473\Debug\FW_Fan_Control01.a(FanController.o)
 .comment       0x00000000       0x71 .\CortexM3\ARM_GCC_473\Debug\FW_Fan_Control01.a(EOC_SR.o)
 .comment       0x00000000       0x71 .\CortexM3\ARM_GCC_473\Debug\FW_Fan_Control01.a(ADC_DelSig_1.o)
 .comment       0x00000000       0x71 .\CortexM3\ARM_GCC_473\Debug\FW_Fan_Control01.a(ADC_DelSig_1_INT.o)
 .comment       0x00000000       0x71 .\CortexM3\ARM_GCC_473\Debug\FW_Fan_Control01.a(ADC_DelSig_1_AMux.o)
 .comment       0x00000000       0x71 .\CortexM3\ARM_GCC_473\Debug\FW_Fan_Control01.a(ADC_DelSig_1_Ext_CP_Clk.o)
 .comment       0x00000000       0x71 .\CortexM3\ARM_GCC_473\Debug\FW_Fan_Control01.a(ADC_DelSig_1_theACLK.o)
 .comment       0x00000000       0x71 .\CortexM3\ARM_GCC_473\Debug\FW_Fan_Control01.a(CyDmac.o)
 .comment       0x00000000       0x71 .\CortexM3\ARM_GCC_473\Debug\FW_Fan_Control01.a(CyLib.o)
 .comment       0x00000000       0x71 .\CortexM3\ARM_GCC_473\Debug\FW_Fan_Control01.a(cyPm.o)
 .comment       0x00000000       0x71 .\CortexM3\ARM_GCC_473\Debug\FW_Fan_Control01.a(Trigger_Timer.o)
 .comment       0x00000000       0x71 .\CortexM3\ARM_GCC_473\Debug\FW_Fan_Control01.a(Echo_Timer.o)
 .comment       0x00000000       0x71 .\CortexM3\ARM_GCC_473\Debug\FW_Fan_Control01.a(end_echo_IRR.o)
 .comment       0x00000000       0x71 .\CortexM3\ARM_GCC_473\Debug\FW_Fan_Control01.a(start_echo_IRR.o)
 .comment       0x00000000       0x71 .\CortexM3\ARM_GCC_473\Debug\FW_Fan_Control01.a(CyFlash.o)
 .comment       0x00000000       0x71 .\CortexM3\ARM_GCC_473\Debug\FW_Fan_Control01.a(CySpc.o)

.debug_weaknames
 *(.debug_weaknames)

.debug_funcnames
 *(.debug_funcnames)

.debug_typenames
 *(.debug_typenames)

.debug_varnames
 *(.debug_varnames)

.note.gnu.arm.ident
 *(.note.gnu.arm.ident)

.ARM.attributes
                0x00000000       0x29
 *(.ARM.attributes)
 .ARM.attributes
                0x00000000       0x1d c:/program files (x86)/cypress/psoc creator/3.0/psoc creator/import/gnu_cs/arm/4.7.3/bin/../lib/gcc/arm-none-eabi/4.7.3/armv7-m/crti.o
 .ARM.attributes
                0x0000001d       0x2d c:/program files (x86)/cypress/psoc creator/3.0/psoc creator/import/gnu_cs/arm/4.7.3/bin/../lib/gcc/arm-none-eabi/4.7.3/armv7-m/crtbegin.o
 .ARM.attributes
                0x0000004a       0x1b c:/program files (x86)/cypress/psoc creator/3.0/psoc creator/import/gnu_cs/arm/4.7.3/bin/../lib/gcc/arm-none-eabi/4.7.3/../../../../arm-none-eabi/lib/armv7-m/crt0.o
 .ARM.attributes
                0x00000065       0x33 .\CortexM3\ARM_GCC_473\Debug\main.o
 .ARM.attributes
                0x00000098       0x33 .\CortexM3\ARM_GCC_473\Debug\cymetadata.o
 .ARM.attributes
                0x000000cb       0x33 .\CortexM3\ARM_GCC_473\Debug\Cm3Start.o
 .ARM.attributes
                0x000000fe       0x33 .\CortexM3\ARM_GCC_473\Debug\FW_Fan_Control01.a(cyfitter_cfg.o)
 .ARM.attributes
                0x00000131       0x33 .\CortexM3\ARM_GCC_473\Debug\FW_Fan_Control01.a(LCD.o)
 .ARM.attributes
                0x00000164       0x33 .\CortexM3\ARM_GCC_473\Debug\FW_Fan_Control01.a(FanController.o)
 .ARM.attributes
                0x00000197       0x33 .\CortexM3\ARM_GCC_473\Debug\FW_Fan_Control01.a(EOC_SR.o)
 .ARM.attributes
                0x000001ca       0x33 .\CortexM3\ARM_GCC_473\Debug\FW_Fan_Control01.a(ADC_DelSig_1.o)
 .ARM.attributes
                0x000001fd       0x33 .\CortexM3\ARM_GCC_473\Debug\FW_Fan_Control01.a(ADC_DelSig_1_INT.o)
 .ARM.attributes
                0x00000230       0x33 .\CortexM3\ARM_GCC_473\Debug\FW_Fan_Control01.a(ADC_DelSig_1_AMux.o)
 .ARM.attributes
                0x00000263       0x33 .\CortexM3\ARM_GCC_473\Debug\FW_Fan_Control01.a(ADC_DelSig_1_Ext_CP_Clk.o)
 .ARM.attributes
                0x00000296       0x33 .\CortexM3\ARM_GCC_473\Debug\FW_Fan_Control01.a(ADC_DelSig_1_theACLK.o)
 .ARM.attributes
                0x000002c9       0x21 .\CortexM3\ARM_GCC_473\Debug\FW_Fan_Control01.a(CyBootAsmGnu.o)
 .ARM.attributes
                0x000002ea       0x33 .\CortexM3\ARM_GCC_473\Debug\FW_Fan_Control01.a(CyDmac.o)
 .ARM.attributes
                0x0000031d       0x33 .\CortexM3\ARM_GCC_473\Debug\FW_Fan_Control01.a(CyLib.o)
 .ARM.attributes
                0x00000350       0x33 .\CortexM3\ARM_GCC_473\Debug\FW_Fan_Control01.a(cyPm.o)
 .ARM.attributes
                0x00000383       0x33 .\CortexM3\ARM_GCC_473\Debug\FW_Fan_Control01.a(Trigger_Timer.o)
 .ARM.attributes
                0x000003b6       0x33 .\CortexM3\ARM_GCC_473\Debug\FW_Fan_Control01.a(Echo_Timer.o)
 .ARM.attributes
                0x000003e9       0x33 .\CortexM3\ARM_GCC_473\Debug\FW_Fan_Control01.a(end_echo_IRR.o)
 .ARM.attributes
                0x0000041c       0x33 .\CortexM3\ARM_GCC_473\Debug\FW_Fan_Control01.a(start_echo_IRR.o)
 .ARM.attributes
                0x0000044f       0x33 .\CortexM3\ARM_GCC_473\Debug\FW_Fan_Control01.a(CyFlash.o)
 .ARM.attributes
                0x00000482       0x33 .\CortexM3\ARM_GCC_473\Debug\FW_Fan_Control01.a(CySpc.o)
 .ARM.attributes
                0x000004b5       0x1d c:/program files (x86)/cypress/psoc creator/3.0/psoc creator/import/gnu_cs/arm/4.7.3/bin/../lib/gcc/arm-none-eabi/4.7.3/armv7-m\libgcc.a(_arm_addsubdf3.o)
 .ARM.attributes
                0x000004d2       0x1d c:/program files (x86)/cypress/psoc creator/3.0/psoc creator/import/gnu_cs/arm/4.7.3/bin/../lib/gcc/arm-none-eabi/4.7.3/armv7-m\libgcc.a(_arm_cmpdf2.o)
 .ARM.attributes
                0x000004ef       0x1d c:/program files (x86)/cypress/psoc creator/3.0/psoc creator/import/gnu_cs/arm/4.7.3/bin/../lib/gcc/arm-none-eabi/4.7.3/armv7-m\libgcc.a(_arm_addsubsf3.o)
 .ARM.attributes
                0x0000050c       0x1d c:/program files (x86)/cypress/psoc creator/3.0/psoc creator/import/gnu_cs/arm/4.7.3/bin/../lib/gcc/arm-none-eabi/4.7.3/armv7-m\libgcc.a(_arm_muldivsf3.o)
 .ARM.attributes
                0x00000529       0x1d c:/program files (x86)/cypress/psoc creator/3.0/psoc creator/import/gnu_cs/arm/4.7.3/bin/../lib/gcc/arm-none-eabi/4.7.3/armv7-m\libgcc.a(_arm_fixunssfsi.o)
 .ARM.attributes
                0x00000546       0x2d c:/program files (x86)/cypress/psoc creator/3.0/psoc creator/import/gnu_cs/arm/4.7.3/bin/../lib/gcc/arm-none-eabi/4.7.3/../../../../arm-none-eabi/lib/armv7-m\libc_s.a(lib_a-__atexit2.o)
 .ARM.attributes
                0x00000573       0x2d c:/program files (x86)/cypress/psoc creator/3.0/psoc creator/import/gnu_cs/arm/4.7.3/bin/../lib/gcc/arm-none-eabi/4.7.3/../../../../arm-none-eabi/lib/armv7-m\libc_s.a(lib_a-exit.o)
 .ARM.attributes
                0x000005a0       0x2d c:/program files (x86)/cypress/psoc creator/3.0/psoc creator/import/gnu_cs/arm/4.7.3/bin/../lib/gcc/arm-none-eabi/4.7.3/../../../../arm-none-eabi/lib/armv7-m\libc_s.a(lib_a-fini.o)
 .ARM.attributes
                0x000005cd       0x2d c:/program files (x86)/cypress/psoc creator/3.0/psoc creator/import/gnu_cs/arm/4.7.3/bin/../lib/gcc/arm-none-eabi/4.7.3/../../../../arm-none-eabi/lib/armv7-m\libc_s.a(lib_a-impure.o)
 .ARM.attributes
                0x000005fa       0x2d c:/program files (x86)/cypress/psoc creator/3.0/psoc creator/import/gnu_cs/arm/4.7.3/bin/../lib/gcc/arm-none-eabi/4.7.3/../../../../arm-none-eabi/lib/armv7-m\libc_s.a(lib_a-init.o)
 .ARM.attributes
                0x00000627       0x2d c:/program files (x86)/cypress/psoc creator/3.0/psoc creator/import/gnu_cs/arm/4.7.3/bin/../lib/gcc/arm-none-eabi/4.7.3/../../../../arm-none-eabi/lib/armv7-m\libc_s.a(lib_a-memcpy.o)
 .ARM.attributes
                0x00000654       0x2d c:/program files (x86)/cypress/psoc creator/3.0/psoc creator/import/gnu_cs/arm/4.7.3/bin/../lib/gcc/arm-none-eabi/4.7.3/../../../../arm-none-eabi/lib/armv7-m\libc_s.a(lib_a-memset.o)
 .ARM.attributes
                0x00000681       0x2d c:/program files (x86)/cypress/psoc creator/3.0/psoc creator/import/gnu_cs/arm/4.7.3/bin/../lib/gcc/arm-none-eabi/4.7.3/../../../../arm-none-eabi/lib/armv7-m\libc_s.a(lib_a-vfprintf_float.o)
 .ARM.attributes
                0x000006ae       0x2d c:/program files (x86)/cypress/psoc creator/3.0/psoc creator/import/gnu_cs/arm/4.7.3/bin/../lib/gcc/arm-none-eabi/4.7.3/../../../../arm-none-eabi/lib/armv7-m\libc_s.a(lib_a-vfprintf_i.o)
 .ARM.attributes
                0x000006db       0x2d c:/program files (x86)/cypress/psoc creator/3.0/psoc creator/import/gnu_cs/arm/4.7.3/bin/../lib/gcc/arm-none-eabi/4.7.3/../../../../arm-none-eabi/lib/armv7-m\libc_s.a(lib_a-dtoa.o)
 .ARM.attributes
                0x00000708       0x2d c:/program files (x86)/cypress/psoc creator/3.0/psoc creator/import/gnu_cs/arm/4.7.3/bin/../lib/gcc/arm-none-eabi/4.7.3/../../../../arm-none-eabi/lib/armv7-m\libc_s.a(lib_a-locale.o)
 .ARM.attributes
                0x00000735       0x2d c:/program files (x86)/cypress/psoc creator/3.0/psoc creator/import/gnu_cs/arm/4.7.3/bin/../lib/gcc/arm-none-eabi/4.7.3/../../../../arm-none-eabi/lib/armv7-m\libc_s.a(lib_a-malloc.o)
 .ARM.attributes
                0x00000762       0x2d c:/program files (x86)/cypress/psoc creator/3.0/psoc creator/import/gnu_cs/arm/4.7.3/bin/../lib/gcc/arm-none-eabi/4.7.3/../../../../arm-none-eabi/lib/armv7-m\libc_s.a(lib_a-mallocr.o)
 .ARM.attributes
                0x0000078f       0x2d c:/program files (x86)/cypress/psoc creator/3.0/psoc creator/import/gnu_cs/arm/4.7.3/bin/../lib/gcc/arm-none-eabi/4.7.3/../../../../arm-none-eabi/lib/armv7-m\libc_s.a(lib_a-mprec.o)
 .ARM.attributes
                0x000007bc       0x2d c:/program files (x86)/cypress/psoc creator/3.0/psoc creator/import/gnu_cs/arm/4.7.3/bin/../lib/gcc/arm-none-eabi/4.7.3/../../../../arm-none-eabi/lib/armv7-m\libc_s.a(lib_a-s_fpclassify.o)
 .ARM.attributes
                0x000007e9       0x2d c:/program files (x86)/cypress/psoc creator/3.0/psoc creator/import/gnu_cs/arm/4.7.3/bin/../lib/gcc/arm-none-eabi/4.7.3/../../../../arm-none-eabi/lib/armv7-m\libc_s.a(lib_a-sbrkr.o)
 .ARM.attributes
                0x00000816       0x2d c:/program files (x86)/cypress/psoc creator/3.0/psoc creator/import/gnu_cs/arm/4.7.3/bin/../lib/gcc/arm-none-eabi/4.7.3/../../../../arm-none-eabi/lib/armv7-m\libc_s.a(lib_a-strcmp.o)
 .ARM.attributes
                0x00000843       0x2d c:/program files (x86)/cypress/psoc creator/3.0/psoc creator/import/gnu_cs/arm/4.7.3/bin/../lib/gcc/arm-none-eabi/4.7.3/../../../../arm-none-eabi/lib/armv7-m\libc_s.a(lib_a-strlen.o)
 .ARM.attributes
                0x00000870       0x2d c:/program files (x86)/cypress/psoc creator/3.0/psoc creator/import/gnu_cs/arm/4.7.3/bin/../lib/gcc/arm-none-eabi/4.7.3/../../../../arm-none-eabi/lib/armv7-m\libc_s.a(lib_a-callocr.o)
 .ARM.attributes
                0x0000089d       0x2d c:/program files (x86)/cypress/psoc creator/3.0/psoc creator/import/gnu_cs/arm/4.7.3/bin/../lib/gcc/arm-none-eabi/4.7.3/../../../../arm-none-eabi/lib/armv7-m\libc_s.a(lib_a-freer.o)
 .ARM.attributes
                0x000008ca       0x2d c:/program files (x86)/cypress/psoc creator/3.0/psoc creator/import/gnu_cs/arm/4.7.3/bin/../lib/gcc/arm-none-eabi/4.7.3/../../../../arm-none-eabi/lib/armv7-m\libc_s.a(lib_a-reent.o)
 .ARM.attributes
                0x000008f7       0x1d c:/program files (x86)/cypress/psoc creator/3.0/psoc creator/import/gnu_cs/arm/4.7.3/bin/../lib/gcc/arm-none-eabi/4.7.3/armv7-m\libgcc.a(_arm_muldivdf3.o)
 .ARM.attributes
                0x00000914       0x1d c:/program files (x86)/cypress/psoc creator/3.0/psoc creator/import/gnu_cs/arm/4.7.3/bin/../lib/gcc/arm-none-eabi/4.7.3/armv7-m\libgcc.a(_arm_fixdfsi.o)
 .ARM.attributes
                0x00000931       0x2d c:/program files (x86)/cypress/psoc creator/3.0/psoc creator/import/gnu_cs/arm/4.7.3/bin/../lib/gcc/arm-none-eabi/4.7.3/armv7-m/crtend.o
 .ARM.attributes
                0x0000095e       0x1d c:/program files (x86)/cypress/psoc creator/3.0/psoc creator/import/gnu_cs/arm/4.7.3/bin/../lib/gcc/arm-none-eabi/4.7.3/armv7-m/crtn.o
 .ARM.attributes
                0x0000097b       0x2d c:/program files (x86)/cypress/psoc creator/3.0/psoc creator/import/gnu_cs/arm/4.7.3/bin/../lib/gcc/arm-none-eabi/4.7.3/../../../../arm-none-eabi/lib/armv7-m\libnosys.a(sbrk.o)

/DISCARD/
 *(.note.GNU-stack)
OUTPUT(.\CortexM3\ARM_GCC_473\Debug\FW_Fan_Control01.elf elf32-littlearm)
